******************************************************************************
               TMS320C6x Linker PC v8.3.3                      
******************************************************************************
>> Linked Wed Feb  4 09:51:54 2026

OUTPUT FILE NAME:   <sys/xwr68xx_sys_dss.xe674>
ENTRY POINT SYMBOL: "_c_int00"  address: 007f3600


MEMORY CONFIGURATION

         name            origin    length      used     unused   attr    fill
----------------------  --------  ---------  --------  --------  ----  --------
PAGE 0:
  L2SRAM_UMAP1          007e0000   00020000  000178c0  00008740  RWIX
  L2SRAM_UMAP0          00800000   00020000  00010c3c  0000f3c4  RWIX
  L1PSRAM               00e00000   00004000  00000000  00004000  RWIX
  L1DSRAM               00f00000   00004000  00000000  00004000  RWIX
  L3SRAM                20000000   000c0000  00000000  000c0000  RWIX
  HWA_RAM               21030000   00010000  00000000  00010000  RWIX
  HSRAM                 21080000   00008000  00000000  00008000  RWIX

PAGE 1:
  L3SRAM                20000000   000c0000  00000000  000c0000  RWIX


SEGMENT ALLOCATION MAP

run origin  load origin   length   init length attrs members
----------  ----------- ---------- ----------- ----- -------
007e0000    007e0000    000178c0   000178c0    r-x
  007e0000    007e0000    00000200   00000200    r-x .vecs
  007e0200    007e0200    000176c0   000176c0    r-x .text
00800000    00800000    0000a400   00000000    rw-
  00800000    00800000    00008000   00000000    rw- systemHeap
  00808000    00808000    00002400   00000000    rw- .MCPILogBuffer
0080a400    0080a400    00003bde   00003bde    r--
  0080a400    0080a400    00003bde   00003bde    r-- .const
0080dfe0    0080dfe0    00001e30   00000000    rw-
  0080dfe0    0080dfe0    00001000   00000000    rw- .stack
  0080efe0    0080efe0    00000e30   00000000    rw- .far
0080fe10    0080fe10    00000d78   00000c56    rw-
  0080fe10    0080fe10    00000c56   00000c56    rw- .fardata
  00810a68    00810a68    00000120   00000000    rw- .cio
00810b88    00810b88    00000094   00000094    r--
  00810b88    00810b88    00000094   00000094    r-- .switch
00810c1c    00810c1c    00000008   00000000    rw-
  00810c1c    00810c1c    00000008   00000000    rw- .bss
00810c24    00810c24    0000001c   0000001c    rw-
  00810c24    00810c24    0000001c   0000001c    rw- .neardata


SECTION ALLOCATION MAP

 output                                  attributes/
section   page    origin      length       input sections
--------  ----  ----------  ----------   ----------------
xdc.meta   0    00000000    00000100     COPY SECTION
                  00000000    00000100     dss_pe674.oe674 (xdc.meta)

.vecs      0    007e0000    00000200     
                  007e0000    00000200     dss_pe674.oe674 (.vecs)

.text      0    007e0200    000176c0     
                  007e0200    00002040     rts6740_elf.lib : _printfi.c.obj (.text:__TI_printfi)
                  007e2240    000008a0     ti.targets.rts6000.ae674 : System.oe674 (.text:xdc_runtime_System_doPrint__I)
                  007e2ae0    000007a0     sysbios.ae674 : BIOS.obj (.text:ti_sysbios_knl_Semaphore_pend__E)
                  007e3280    00000780                   : BIOS.obj (.text:ti_sysbios_family_c64p_Exception_handler__I)
                  007e3a00    00000660     rts6740_elf.lib : _printfi.c.obj (.text:_pconv_a)
                  007e4060    00000620     sysbios.ae674 : BIOS.obj (.text:ti_sysbios_heaps_HeapMem_allocUnprotected__E)
                  007e4680    000005e0     rts6740_elf.lib : divd.c.obj (.text:__c6xabi_divd)
                  007e4c60    000005c0     sysbios.ae674 : BIOS.obj (.text:ti_sysbios_heaps_HeapMem_freeUnprotected__E)
                  007e5220    00000520                   : BIOS.obj (.text:ti_sysbios_knl_Task_Instance_finalize__E)
                  007e5740    000004e0                   : BIOS.obj (.text:ti_sysbios_knl_Task_sleep__E)
                  007e5c20    00000460     uart_test.oe674 (.text:Test_profileTransmit)
                  007e6080    00000440     sysbios.ae674 : BIOS.obj (.text:ti_sysbios_timers_rti_Timer_Module_startup__E)
                  007e64c0    00000400     rts6740_elf.lib : _printfi.c.obj (.text:_pconv_g)
                  007e68c0    000003e0     sysbios.ae674 : BIOS.obj (.text:ti_sysbios_knl_Task_Module_startup__E)
                  007e6ca0    000003c0                   : BIOS.obj (.text:ti_sysbios_knl_Task_Instance_init__E)
                  007e7060    00000360                   : BIOS.obj (.text:ti_sysbios_knl_Semaphore_post__E)
                  007e73c0    00000320     uartsci.oe674 (.text:UartSci_open)
                  007e76e0    00000320     rts6740_elf.lib : fputs.c.obj (.text:fputs)
                  007e7a00    000002e0     sysbios.ae674 : BIOS.obj (.text:ti_sysbios_heaps_HeapMem_Instance_init__E)
                  007e7ce0    000002c0     libedma_xwr68xx.ae674 : edma.oe674 (.text:EDMA_configChannel)
                  007e7fa0    000002c0                           : edma.oe674 (.text:EDMA_configErrorMonitoring)
                  007e8260    000002c0     sysbios.ae674 : BIOS.obj (.text:ti_sysbios_knl_Clock_workFunc__E)
                  007e8520    000002a0     libedma_xwr68xx.ae674 : edma.oe674 (.text:EDMA_open)
                  007e87c0    000002a0     rts6740_elf.lib : _printfi.c.obj (.text:_pconv_e)
                  007e8a60    000002a0                     : _printfi.c.obj (.text:fcvt)
                  007e8d00    00000280     sysbios.ae674 : BIOS.obj (.text:ti_sysbios_family_c64p_Cache_Module_startup__E)
                  007e8f80    00000260     libtestlogger_xwr68xx.ae674 : logger.oe674 (.text:MCPI_setFeatureTestResult)
                  007e91e0    00000260     rts6740_elf.lib : imath64.c.obj (.text:__c6xabi_divull)
                  007e9440    00000260     sysbios.ae674 : BIOS.obj (.text:ti_sysbios_family_c64p_Cache_block__I)
                  007e96a0    00000260                   : BIOS.obj (.text:ti_sysbios_family_c64p_Hwi_dispatchCore__I)
                  007e9900    00000260     ti.targets.rts6000.ae674 : Startup.oe674 (.text:xdc_runtime_Startup_startMods__I)
                  007e9b60    00000240     uartsci.oe674 (.text:UartSci_ISR)
                  007e9da0    00000240     sysbios.ae674 : BIOS.obj (.text:ti_sysbios_family_c64p_EventCombiner_dispatch__E)
                  007e9fe0    00000240                   : BIOS.obj (.text:ti_sysbios_family_c64p_Exception_internalHandler__I)
                  007ea220    00000240                   : BIOS.obj (.text:ti_sysbios_timers_rti_Timer_getFreq__E)
                  007ea460    00000240     ti.targets.rts6000.ae674 : Core-mem.oe674 (.text:xdc_runtime_Core_createObject__I)
                  007ea6a0    00000240     dss_pe674.oe674 (.text:xdc_runtime_System_printfExtend__I)
                  007ea8e0    00000220     libedma_xwr68xx.ae674 : edma.oe674 (.text:EDMA_transferComplete_isr)
                  007eab00    00000220     main_dss.oe674 (.text:Test_HwCapabilities)
                  007ead20    00000220     sysbios.ae674 : BIOS.obj (.text:ti_sysbios_family_c64p_Cache_setMode__E)
                  007eaf40    00000220                   : BIOS.obj (.text:ti_sysbios_family_c64p_Hwi_reconfig__E)
                  007eb160    00000220                   : BIOS.obj (.text:ti_sysbios_knl_Swi_run__I)
                  007eb380    00000200     rts6740_elf.lib : _printfi.c.obj (.text:_ltostr)
                  007eb580    00000200     sysbios.ae674 : c64p_Hwi_disp_always.obj (.text:_ti_sysbios_family_c64p_Hwi_dispatchAlways)
                  007eb780    00000200     ti.targets.rts6000.ae674 : Error.oe674 (.text:xdc_runtime_Error_policyDefault__E)
                  007eb980    000001e0     libedma_xwr68xx.ae674 : edma.oe674 (.text:EDMA_init)
                  007ebb60    000001e0     uartsci_edma.oe674 (.text:UartSci_initiateTxEDMA)
                  007ebd40    000001e0     uartsci_edma.oe674 (.text:UartSci_openEDMA)
                  007ebf20    000001e0     sysbios.ae674 : BIOS.obj (.text:ti_sysbios_family_c64p_EventCombiner_dispatchPlug__E)
                  007ec100    000001e0                   : BIOS.obj (.text:ti_sysbios_gates_GateMutex_enter__E)
                  007ec2e0    000001e0                   : BIOS.obj (.text:ti_sysbios_knl_Task_exit__E)
                  007ec4c0    000001e0     ti.targets.rts6000.ae674 : Text.oe674 (.text:xdc_runtime_Text_putSite__E)
                  007ec6a0    000001c0     rts6740_elf.lib : imath40.c.obj (.text:__c6xabi_divul)
                  007ec860    000001c0                     : fputc.c.obj (.text:fputc)
                  007eca20    000001c0                     : frexp.c.obj (.text:frexp)
                  007ecbe0    000001c0                     : setvbuf.c.obj (.text:setvbuf)
                  007ecda0    000001c0     sysbios.ae674 : BIOS.obj (.text:ti_sysbios_knl_Task_checkStacks__E)
                  007ecf60    000001a0     libedma_xwr68xx.ae674 : edma.oe674 (.text:EDMA_paramConfig_assist)
                  007ed100    000001a0     rts6740_elf.lib : hostrename.c.obj (.text:HOSTrename)
                  007ed2a0    000001a0     sysbios.ae674 : BIOS.obj (.text:ti_sysbios_family_c64p_Cache_getL2InitSize__I)
                  007ed440    000001a0                   : BIOS.obj (.text:ti_sysbios_family_c64p_EventCombiner_disableEvent__E)
                  007ed5e0    000001a0                   : BIOS.obj (.text:ti_sysbios_family_c64p_EventCombiner_enableEvent__E)
                  007ed780    000001a0                   : BIOS.obj (.text:ti_sysbios_heaps_HeapBuf_Module_startup__E)
                  007ed920    000001a0                   : BIOS.obj (.text:ti_sysbios_knl_Task_schedule__I)
                  007edac0    000001a0                   : BIOS.obj (.text:ti_sysbios_timers_rti_Timer_startup__E)
                  007edc60    000001a0     ti.targets.rts6000.ae674 : Core-smem.oe674 (.text:xdc_runtime_Core_constructObject__I)
                  007ede00    00000180     rts6740_elf.lib : ldexp.c.obj (.text:ldexp)
                  007edf80    00000180     sysbios.ae674 : c64p_Exception_asm.obj (.text)
                  007ee100    00000180                   : BIOS.obj (.text:ti_sysbios_knl_Task_postInit__I)
                  007ee280    00000180                   : BIOS.obj (.text:ti_sysbios_knl_Task_startCore__E)
                  007ee400    00000160     libedma_xwr68xx.ae674 : edma.oe674 (.text:EDMA_getErrorStatusInfo)
                  007ee560    00000160     libsoc_xwr68xx.ae674 : soc_xwr68xx.oe674 (.text:SOC_ungateClock)
                  007ee6c0    00000160     main_dss.oe674 (.text:Test_initTask)
                  007ee820    00000160     uartsci.oe674 (.text:UartSci_readPolling)
                  007ee980    00000160     uartsci.oe674 (.text:UartSci_writePolling)
                  007eeae0    00000160     sysbios.ae674 : BIOS.obj (.text:ti_sysbios_family_c64p_Cache_enable__E)
                  007eec40    00000160                   : BIOS.obj (.text:ti_sysbios_family_c64p_Hwi_Module_startup__E)
                  007eeda0    00000160                   : BIOS.obj (.text:ti_sysbios_knl_Swi_post__E)
                  007eef00    00000160     ti.targets.rts6000.ae674 : Text.oe674 (.text:xdc_runtime_Text_putMod__E)
                  007ef060    00000140     libedma_xwr68xx.ae674 : edma_low_level.oe674 (.text:EDMA3Init)
                  007ef1a0    00000140                           : edma.oe674 (.text:EDMA_clearErrors)
                  007ef2e0    00000140     libsoc_xwr68xx.ae674 : soc.oe674 (.text:SOC_init)
                  007ef420    00000140     uartsci.oe674 (.text:UartSci_read)
                  007ef560    00000140     uartsci.oe674 (.text:UartSci_write)
                  007ef6a0    00000140     sysbios.ae674 : BIOS.obj (.text:ti_sysbios_family_c64p_Cache_getL1DInitSize__I)
                  007ef7e0    00000140                   : BIOS.obj (.text:ti_sysbios_family_c64p_Cache_getL1PInitSize__I)
                  007ef920    00000140                   : BIOS.obj (.text:ti_sysbios_knl_Semaphore_Instance_init__E)
                  007efa60    00000140                   : BIOS.obj (.text:ti_sysbios_knl_Task_blockI__E)
                  007efba0    00000140                   : BIOS.obj (.text:ti_sysbios_timers_rti_Timer_initDevice__I)
                  007efce0    00000140     ti.targets.rts6000.ae674 : Core-mem.oe674 (.text:xdc_runtime_Core_deleteObject__I)
                  007efe20    00000140                              : Text.oe674 (.text:xdc_runtime_Text_putLab__E)
                  007eff60    00000120     libedma_xwr68xx.ae674 : edma.oe674 (.text:EDMA_configParamSet)
                  007f0080    00000120     boot.ae674 : autoinit.oe674 (.text:_auto_init_elf)
                  007f01a0    00000120     rts6740_elf.lib : _printfi.c.obj (.text:_pconv_f)
                  007f02c0    00000120                     : getdevice.c.obj (.text:getdevice)
                  007f03e0    00000120     main_dss.oe674 (.text:main)
                  007f0500    00000120     sysbios.ae674 : BIOS.obj (.text:ti_sysbios_family_c64p_Hwi_Instance_init__E)
                  007f0620    00000120                   : BIOS.obj (.text:ti_sysbios_knl_Swi_restoreHwi__E)
                  007f0740    00000120                   : BIOS.obj (.text:ti_sysbios_knl_Task_unblockI__E)
                  007f0860    00000100     libsoc_xwr68xx.ae674 : soc_xwr68xx_dss.oe674 (.text:SOC_deviceInit)
                  007f0960    00000100                          : soc_xwr68xx.oe674 (.text:SOC_translateAddress)
                  007f0a60    00000100     uartsci.oe674 (.text:UartSci_control)
                  007f0b60    00000100     uartsci.oe674 (.text:UartSci_readChar)
                  007f0c60    00000100     rts6740_elf.lib : fclose.c.obj (.text:__TI_closefile)
                  007f0d60    00000100                     : _printfi.c.obj (.text:_mcpy)
                  007f0e60    00000100                     : atoi.c.obj (.text:atoi)
                  007f0f60    00000100                     : fflush.c.obj (.text:fflush)
                  007f1060    00000100                     : fseek.c.obj (.text:fseek)
                  007f1160    00000100     sysbios.ae674 : BIOS.obj (.text:ti_sysbios_family_c64p_Hwi_Instance_finalize__E)
                  007f1260    00000100                   : BIOS.obj (.text:ti_sysbios_knl_Swi_schedule__I)
                  007f1360    00000100     ti.targets.rts6000.ae674 : Error.oe674 (.text:xdc_runtime_Error_print__E)
                  007f1460    00000100                              : Memory.oe674 (.text:xdc_runtime_Memory_alloc__E)
                  007f1560    00000100                              : Startup.oe674 (.text:xdc_runtime_Startup_exec__E)
                  007f1660    000000e0     libedma_xwr68xx.ae674 : edma.oe674 (.text:EDMA_isTransferComplete)
                  007f1740    000000e0                           : edma.oe674 (.text:EDMA_transferController_error_isr)
                  007f1820    000000e0     rts6740_elf.lib : hostlseek.c.obj (.text:HOSTlseek)
                  007f1900    000000e0                     : hostopen.c.obj (.text:HOSTopen)
                  007f19e0    000000e0                     : hostwrite.c.obj (.text:HOSTwrite)
                  007f1ac0    000000e0     uartsci.oe674 (.text:UartSci_writeChar)
                  007f1ba0    000000e0     rts6740_elf.lib : _ltoa.c.obj (.text:__TI_ltoa)
                  007f1c80    000000e0                     : _io_perm.c.obj (.text:__TI_wrt_ok)
                  007f1d60    000000e0                     : close.c.obj (.text:close)
                  007f1e40    000000e0                     : exit.c.obj (.text:exit)
                  007f1f20    000000e0                     : memset.c.obj (.text:memset)
                  007f2000    000000e0                     : printf.c.obj (.text:printf)
                  007f20e0    000000e0     sysbios.ae674 : BIOS.obj (.text:ti_sysbios_heaps_HeapMem_alloc__E)
                  007f21c0    000000e0                   : BIOS.obj (.text:ti_sysbios_knl_Swi_runLoop__I)
                  007f22a0    000000e0                   : BIOS.obj (.text:ti_sysbios_knl_Swi_startup__E)
                  007f2380    000000e0     ti.targets.rts6000.ae674 : Text.oe674 (.text:xdc_runtime_Text_visitRope2__I)
                  007f2460    000000c0     libedma_xwr68xx.ae674 : edma.oe674 (.text:EDMA_error_isr)
                  007f2520    000000c0     rts6740_elf.lib : hostread.c.obj (.text:HOSTread)
                  007f25e0    000000c0                     : hostunlink.c.obj (.text:HOSTunlink)
                  007f26a0    000000c0     main_dss.oe674 (.text:Test_setupEventCombiner)
                  007f2760    000000c0     uartsci.oe674 (.text:UartSci_readCancel)
                  007f2820    000000c0     uartsci.oe674 (.text:UartSci_writeCancel)
                  007f28e0    000000c0     rts6740_elf.lib : fflush.c.obj (.text:__TI_doflush)
                  007f29a0    000000c0                     : divu.asm.obj (.text:__divu)
                  007f2a60    000000c0     dss_pe674.oe674 (.text:ti_sysbios_family_c64p_Hwi_create)
                  007f2b20    000000c0     sysbios.ae674 : BIOS.obj (.text:ti_sysbios_heaps_HeapMem_getStats__E)
                  007f2be0    000000c0                   : BIOS.obj (.text:ti_sysbios_knl_Clock_logTick__E)
                  007f2ca0    000000c0                   : BIOS.obj (.text:ti_sysbios_knl_Task_allBlockedFunction__I)
                  007f2d60    000000c0     dss_pe674.oe674 (.text:ti_sysbios_knl_Task_create)
                  007f2e20    000000c0     rts6740_elf.lib : tls.c.obj (.text:tls:init:__TI_tls_init)
                  007f2ee0    000000c0     ti.targets.rts6000.ae674 : Assert.oe674 (.text:xdc_runtime_Assert_raise__I)
                  007f2fa0    000000c0                              : Error.oe674 (.text:xdc_runtime_Error_setX__E)
                  007f3060    000000a0     libedma_xwr68xx.ae674 : edma_low_level.oe674 (.text:EDMA3EnableChInShadowReg)
                  007f3100    000000a0                           : edma.oe674 (.text:EDMA_disableChannel)
                  007f31a0    000000a0                           : edma.oe674 (.text:EDMA_enableChannel)
                  007f3240    000000a0     rts6740_elf.lib : hostclose.c.obj (.text:HOSTclose)
                  007f32e0    000000a0     libsoc_xwr68xx.ae674 : soc.oe674 (.text:SOC_SystemISR)
                  007f3380    000000a0     UART.oe674 (.text:UART_init)
                  007f3420    000000a0     uartsci.oe674 (.text:UartSci_close)
                  007f34c0    000000a0     rts6740_elf.lib : fopen.c.obj (.text:__TI_cleanup)
                  007f3560    000000a0                     : remu.asm.obj (.text:__remu)
                  007f3600    000000a0     boot.ae674 : boot.oe674 (.text:_c_int00)
                  007f36a0    000000a0     rts6740_elf.lib : _printfi.c.obj (.text:_ecpy)
                  007f3740    000000a0     sysbios.ae674 : c64p_Hwi_asm.obj (.text:_ti_sysbios_family_c64p_Hwi_plug__E)
                  007f37e0    000000a0     rts6740_elf.lib : getdevice.c.obj (.text:finddevice)
                  007f3880    000000a0                     : memcpy64.asm.obj (.text:memcpy)
                  007f3920    000000a0     sysbios.ae674 : BIOS.obj (.text:ti_sysbios_family_c64p_Exception_Module_startup__E)
                  007f39c0    000000a0                   : BIOS.obj (.text:ti_sysbios_family_c64p_Hwi_dispatchC__I)
                  007f3a60    000000a0                   : BIOS.obj (.text:ti_sysbios_family_c64p_Hwi_eventMap__E)
                  007f3b00    000000a0                   : BIOS.obj (.text:ti_sysbios_family_c64p_Hwi_getStackInfo__E)
                  007f3ba0    000000a0     ti.targets.rts6000.ae674 : Core-params.oe674 (.text:xdc_runtime_Core_assignParams__I)
                  007f3c40    000000a0                              : System.oe674 (.text:xdc_runtime_System_formatNum__I)
                  007f3ce0    000000a0                              : System.oe674 (.text:xdc_runtime_System_putchar__I)
                  007f3d80    000000a0                              : Text.oe674 (.text:xdc_runtime_Text_printVisFxn__I)
                  007f3e20    000000a0                              : Text.oe674 (.text:xdc_runtime_Text_xprintf__I)
                  007f3ec0    00000080     libedma_xwr68xx.ae674 : edma_low_level.oe674 (.text:EDMA3MapChToEvtQ)
                  007f3f40    00000080                           : edma.oe674 (.text:EDMA_getTransferControllerErrorStatusInfo)
                  007f3fc0    00000080                           : edma.oe674 (.text:EDMA_linkParamSets)
                  007f4040    00000080     libosal_xwr68xx.ae674 : SemaphoreP_tirtos.oe674 (.text:SemaphoreP_create)
                  007f40c0    00000080     rts6740_elf.lib : trgmsg.c.obj (.text:__TI_readmsg)
                  007f4140    00000080                     : llshift.c.obj (.text:__c6xabi_llshl)
                  007f41c0    00000080                     : snprintf.c.obj (.text:_outs)
                  007f4240    00000080     sysbios.ae674 : c62_TaskSupport_asm.obj (.text:_ti_sysbios_family_c62_TaskSupport_swap__E)
                  007f42c0    00000080     rts6740_elf.lib : snprintf.c.obj (.text:snprintf)
                  007f4340    00000080     dss_pe674.oe674 (.text:ti_sysbios_BIOS_atExitFunc__I)
                  007f43c0    00000080     dss_pe674.oe674 (.text:ti_sysbios_BIOS_registerRTSLock__I)
                  007f4440    00000080     sysbios.ae674 : BIOS.obj (.text:ti_sysbios_family_c64p_Cache_invL1pAll__E)
                  007f44c0    00000080     dss_pe674.oe674 (.text:ti_sysbios_gates_GateHwi_Object__create__S)
                  007f4540    00000080     dss_pe674.oe674 (.text:ti_sysbios_gates_GateMutex_Object__create__S)
                  007f45c0    00000080     sysbios.ae674 : BIOS.obj (.text:ti_sysbios_hal_Hwi_checkStack)
                  007f4640    00000080     dss_pe674.oe674 (.text:ti_sysbios_heaps_HeapMem_Object__create__S)
                  007f46c0    00000080     sysbios.ae674 : BIOS.obj (.text:ti_sysbios_heaps_HeapMem_init__I)
                  007f4740    00000080     dss_pe674.oe674 (.text:ti_sysbios_knl_Clock_doTick__I)
                  007f47c0    00000080     sysbios.ae674 : BIOS.obj (.text:ti_sysbios_knl_Idle_run__E)
                  007f4840    00000080     dss_pe674.oe674 (.text:ti_sysbios_knl_Semaphore_create)
                  007f48c0    00000080     sysbios.ae674 : BIOS.obj (.text:ti_sysbios_knl_Semaphore_pendTimeout__I)
                  007f4940    00000080                   : BIOS.obj (.text:ti_sysbios_knl_Task_processVitalTaskFlag__I)
                  007f49c0    00000080     dss_pe674.oe674 (.text:ti_sysbios_rts_MemAlloc_alloc)
                  007f4a40    00000080     sysbios.ae674 : BIOS.obj (.text:ti_sysbios_timers_rti_Timer_stop__E)
                  007f4ac0    00000080     rts6740_elf.lib : unlink.c.obj (.text:unlink)
                  007f4b40    00000080     ti.targets.rts6000.ae674 : Core-label.oe674 (.text:xdc_runtime_Core_assignLabel__I)
                  007f4bc0    00000080                              : SysStd.oe674 (.text:xdc_runtime_SysStd_abort__E)
                  007f4c40    00000080                              : System.oe674 (.text:xdc_runtime_System_atexit__E)
                  007f4cc0    00000080                              : System.oe674 (.text:xdc_runtime_System_avprintf__E)
                  007f4d40    00000080                              : System.oe674 (.text:xdc_runtime_System_processAtExit__E)
                  007f4dc0    00000080                              : System.oe674 (.text:xdc_runtime_System_vprintf__E)
                  007f4e40    00000060     libedma_xwr68xx.ae674 : edma_low_level.oe674 (.text:EDMA3ClrEvt)
                  007f4ea0    00000060                           : edma_low_level.oe674 (.text:EDMA3ClrIntr)
                  007f4f00    00000060                           : edma_low_level.oe674 (.text:EDMA3ClrMissEvt)
                  007f4f60    00000060                           : edma_low_level.oe674 (.text:EDMA3DisableDmaEvt)
                  007f4fc0    00000060                           : edma_low_level.oe674 (.text:EDMA3DisableEvtIntr)
                  007f5020    00000060                           : edma_low_level.oe674 (.text:EDMA3EnableDmaEvt)
                  007f5080    00000060                           : edma_low_level.oe674 (.text:EDMA3EnableEvtIntr)
                  007f50e0    00000060                           : edma.oe674 (.text:EDMA_configTransferControllerError)
                  007f5140    00000060                           : edma.oe674 (.text:EDMA_isError)
                  007f51a0    00000060                           : edma.oe674 (.text:EDMA_validate_channelIdchannelType)
                  007f5200    00000060     libsoc_xwr68xx.ae674 : soc.oe674 (.text:SOC_unhaltBSS)
                  007f5260    00000060     UART.oe674 (.text:UART_open)
                  007f52c0    00000060     uartsci_edma.oe674 (.text:UartSci_TxEDMACallbackFxn)
                  007f5320    00000060     uartsci_edma.oe674 (.text:UartSci_closeEDMA)
                  007f5380    00000060     rts6740_elf.lib : trgmsg.c.obj (.text:__TI_writemsg)
                  007f53e0    00000060                     : llshift.c.obj (.text:__c6xabi_llshru)
                  007f5440    00000060                     : imath64.c.obj (.text:_subcull)
                  007f54a0    00000060     sysbios.ae674 : c64p_Hwi_asm_switch.obj (.text:_ti_sysbios_family_c64p_Hwi_switchAndDispatch__I)
                  007f5500    00000060                   : c64p_Hwi_asm_switch.obj (.text:_ti_sysbios_family_xxx_Hwi_switchAndRunFunc)
                  007f5560    00000060     rts6740_elf.lib : lseek.c.obj (.text:lseek)
                  007f55c0    00000060                     : memccpy.c.obj (.text:memccpy)
                  007f5620    00000060                     : sprintf.c.obj (.text:sprintf)
                  007f5680    00000060     dss_pe674.oe674 (.text:ti_sysbios_BIOS_errorRaiseHook__I)
                  007f56e0    00000060     dss_pe674.oe674 (.text:ti_sysbios_BIOS_removeRTSLock__I)
                  007f5740    00000060     dss_pe674.oe674 (.text:ti_sysbios_BIOS_startFunc__I)
                  007f57a0    00000060     sysbios.ae674 : BIOS.obj (.text:ti_sysbios_family_c62_TaskSupport_start__E)
                  007f5800    00000060                   : BIOS.obj (.text:ti_sysbios_family_c64p_Cache_setMar__E)
                  007f5860    00000060                   : BIOS.obj (.text:ti_sysbios_family_c64p_EventCombiner_Module_startup__E)
                  007f58c0    00000060                   : BIOS.obj (.text:ti_sysbios_family_c64p_EventCombiner_unused__E)
                  007f5920    00000060     dss_pe674.oe674 (.text:ti_sysbios_gates_GateMutex_Object__delete__S)
                  007f5980    00000060     sysbios.ae674 : BIOS.obj (.text:ti_sysbios_hal_Hwi_initStack)
                  007f59e0    00000060                   : BIOS.obj (.text:ti_sysbios_heaps_HeapMem_free__E)
                  007f5a40    00000060                   : BIOS.obj (.text:ti_sysbios_knl_Clock_Module_startup__E)
                  007f5aa0    00000060     dss_pe674.oe674 (.text:ti_sysbios_knl_Queue_construct)
                  007f5b00    00000060     dss_pe674.oe674 (.text:ti_sysbios_knl_Semaphore_Object__delete__S)
                  007f5b60    00000060     dss_pe674.oe674 (.text:ti_sysbios_knl_Semaphore_construct)
                  007f5bc0    00000060     sysbios.ae674 : BIOS.obj (.text:ti_sysbios_knl_Swi_Module_startup__E)
                  007f5c20    00000060                   : BIOS.obj (.text:ti_sysbios_knl_Task_enter__I)
                  007f5c80    00000060     rts6740_elf.lib : write.c.obj (.text:write)
                  007f5ce0    00000060     ti.targets.rts6000.ae674 : Memory.oe674 (.text:xdc_runtime_Memory_valloc__E)
                  007f5d40    00000060                              : Text.oe674 (.text:xdc_runtime_Text_cordText__E)
                  007f5da0    00000040     libsoc_xwr68xx.ae674 : soc.oe674 (.text:CSL_FEXTR)
                  007f5de0    00000040                          : soc_xwr68xx.oe674 (.text:CSL_FEXTR)
                  007f5e20    00000040     uartsci.oe674 (.text:CSL_FEXTR)
                  007f5e60    00000040     libsoc_xwr68xx.ae674 : soc.oe674 (.text:CSL_FINSR)
                  007f5ea0    00000040                          : soc_xwr68xx.oe674 (.text:CSL_FINSR)
                  007f5ee0    00000040                          : soc_xwr68xx_dss.oe674 (.text:CSL_FINSR)
                  007f5f20    00000040     uartsci.oe674 (.text:CSL_FINSR)
                  007f5f60    00000040     libedma_xwr68xx.ae674 : edma_low_level.oe674 (.text:EDMA3MapQdmaChToPaRAM)
                  007f5fa0    00000040                           : edma_low_level.oe674 (.text:EDMA3SetPaRAM)
                  007f5fe0    00000040                           : edma_low_level.oe674 (.text:EDMA3SetQdmaTrigWord)
                  007f6020    00000040     libosal_xwr68xx.ae674 : HwiP_tirtos.oe674 (.text:HwiP_create)
                  007f6060    00000040                           : HwiP_tirtos.oe674 (.text:HwiP_delete)
                  007f60a0    00000040     libtestlogger_xwr68xx.ae674 : logger.oe674 (.text:MCPI_Initialize)
                  007f60e0    00000040     libsoc_xwr68xx.ae674 : soc_xwr68xx_dss.oe674 (.text:SOC_getInAddr_LUTType)
                  007f6120    00000040                          : soc_xwr68xx_dss.oe674 (.text:SOC_getOutAddr_LUTType)
                  007f6160    00000040     rts6740_elf.lib : frcmpyd_div.c.obj (.text:__TI_frcmpyd_div)
                  007f61a0    00000040                     : isinf.c.obj (.text:__c6xabi_isinf)
                  007f61e0    00000040                     : _printfi.c.obj (.text:__c6xabi_isnan)
                  007f6220    00000040                     : strasg.asm.obj (.text:__strasgi_64plus)
                  007f6260    00000040                     : args_main.c.obj (.text:_args_main)
                  007f62a0    00000040                     : snprintf.c.obj (.text:_outc)
                  007f62e0    00000040                     : sprintf.c.obj (.text:_outs)
                  007f6320    00000040     sysbios.ae674 : c62_TaskSupport_asm.obj (.text:_ti_sysbios_family_c62_TaskSupport_buildTaskStack)
                  007f6360    00000040     dss_pe674.oe674 (.text:free)
                  007f63a0    00000040     dss_pe674.oe674 (.text:ti_sysbios_BIOS_exitFunc__I)
                  007f63e0    00000040     dss_pe674.oe674 (.text:ti_sysbios_BIOS_rtsLock__I)
                  007f6420    00000040     dss_pe674.oe674 (.text:ti_sysbios_BIOS_rtsUnlock__I)
                  007f6460    00000040     sysbios.ae674 : BIOS.obj (.text:ti_sysbios_family_c64p_Hwi_disableInterrupt__E)
                  007f64a0    00000040                   : BIOS.obj (.text:ti_sysbios_family_c64p_Hwi_enableInterrupt__E)
                  007f64e0    00000040     dss_pe674.oe674 (.text:ti_sysbios_gates_GateHwi_Handle__label__S)
                  007f6520    00000040     dss_pe674.oe674 (.text:ti_sysbios_gates_GateHwi_Object__delete__S)
                  007f6560    00000040     dss_pe674.oe674 (.text:ti_sysbios_gates_GateMutex_Handle__label__S)
                  007f65a0    00000040     sysbios.ae674 : BIOS.obj (.text:ti_sysbios_gates_GateMutex_Instance_init__E)
                  007f65e0    00000040                   : BIOS.obj (.text:ti_sysbios_gates_GateMutex_leave__E)
                  007f6620    00000040     dss_pe674.oe674 (.text:ti_sysbios_heaps_HeapMem_Handle__label__S)
                  007f6660    00000040     dss_pe674.oe674 (.text:ti_sysbios_heaps_HeapMem_Object__delete__S)
                  007f66a0    00000040     dss_pe674.oe674 (.text:ti_sysbios_heaps_HeapMem_Object__get__S)
                  007f66e0    00000040     dss_pe674.oe674 (.text:ti_sysbios_knl_Semaphore_destruct)
                  007f6720    00000040     dss_pe674.oe674 (.text:ti_sysbios_knl_Swi_Object__get__S)
                  007f6760    00000040     dss_pe674.oe674 (.text:ti_sysbios_knl_Task_Object__get__S)
                  007f67a0    00000040     sysbios.ae674 : BIOS.obj (.text:ti_sysbios_knl_Task_sleepTimeout__I)
                  007f67e0    00000040                   : BIOS.obj (.text:ti_sysbios_timers_rti_Timer_periodicStub__E)
                  007f6820    00000040     rts6740_elf.lib : wcslen.c.obj (.text:wcslen)
                  007f6860    00000040     ti.targets.rts6000.ae674 : Error.oe674 (.text:xdc_runtime_Error_check__E)
                  007f68a0    00000040                              : Error.oe674 (.text:xdc_runtime_Error_init__E)
                  007f68e0    00000040                              : Registry.oe674 (.text:xdc_runtime_Registry_findById__E)
                  007f6920    00000040                              : System.oe674 (.text:xdc_runtime_System_abort__E)
                  007f6960    00000040     dss_pe674.oe674 (.text:xdc_runtime_System_aprintf__E)
                  007f69a0    00000040     ti.targets.rts6000.ae674 : System.oe674 (.text:xdc_runtime_System_exit__E)
                  007f69e0    00000040     dss_pe674.oe674 (.text:xdc_runtime_System_printf__E)
                  007f6a20    00000020     libedma_xwr68xx.ae674 : edma_low_level.oe674 (.text:EDMA3ChannelToParamMap)
                  007f6a40    00000020                           : edma_low_level.oe674 (.text:EDMA3ClrCCErr)
                  007f6a60    00000020                           : edma_low_level.oe674 (.text:EDMA3DisableQdmaEvt)
                  007f6a80    00000020                           : edma_low_level.oe674 (.text:EDMA3EnableQdmaEvt)
                  007f6aa0    00000020                           : edma_low_level.oe674 (.text:EDMA3ErrIntrHighStatusGet)
                  007f6ac0    00000020                           : edma_low_level.oe674 (.text:EDMA3GetCCErrStatus)
                  007f6ae0    00000020                           : edma_low_level.oe674 (.text:EDMA3GetErrIntrStatus)
                  007f6b00    00000020                           : edma_low_level.oe674 (.text:EDMA3GetIntrStatus)
                  007f6b20    00000020                           : edma_low_level.oe674 (.text:EDMA3IntrStatusHighGet)
                  007f6b40    00000020                           : edma_low_level.oe674 (.text:EDMA3QdmaClrMissEvt)
                  007f6b60    00000020                           : edma_low_level.oe674 (.text:EDMA3QdmaGetErrIntrStatus)
                  007f6b80    00000020                           : edma_low_level.oe674 (.text:EDMAsetRegion)
                  007f6ba0    00000020     libosal_xwr68xx.ae674 : HwiP_tirtos.oe674 (.text:HwiP_Params_init)
                  007f6bc0    00000020                           : HwiP_tirtos.oe674 (.text:HwiP_disable)
                  007f6be0    00000020                           : HwiP_tirtos.oe674 (.text:HwiP_disableInterrupt)
                  007f6c00    00000020                           : HwiP_tirtos.oe674 (.text:HwiP_restore)
                  007f6c20    00000020     libtestlogger_xwr68xx.ae674 : logger.oe674 (.text:MCPI_setTestResult)
                  007f6c40    00000020     libosal_xwr68xx.ae674 : MemoryP_tirtos.oe674 (.text:MemoryP_ctrlAlloc)
                  007f6c60    00000020                           : MemoryP_tirtos.oe674 (.text:MemoryP_ctrlFree)
                  007f6c80    00000020                           : SemaphoreP_tirtos.oe674 (.text:SemaphoreP_Params_init)
                  007f6ca0    00000020                           : SemaphoreP_tirtos.oe674 (.text:SemaphoreP_delete)
                  007f6cc0    00000020                           : SemaphoreP_tirtos.oe674 (.text:SemaphoreP_pend)
                  007f6ce0    00000020                           : SemaphoreP_tirtos.oe674 (.text:SemaphoreP_post)
                  007f6d00    00000020     main_dss.oe674 (.text:Test_benchmarkStart)
                  007f6d20    00000020     main_dss.oe674 (.text:Test_benchmarkStop)
                  007f6d40    00000020     main_dss.oe674 (.text:Test_edmaErrorCallbackFxn)
                  007f6d60    00000020     main_dss.oe674 (.text:Test_edmaTransferControllerErrorCallbackFxn)
                  007f6d80    00000020     UART.oe674 (.text:UART_Params_init)
                  007f6da0    00000020     UART.oe674 (.text:UART_close)
                  007f6dc0    00000020     UART.oe674 (.text:UART_control)
                  007f6de0    00000020     UART.oe674 (.text:UART_read)
                  007f6e00    00000020     UART.oe674 (.text:UART_readPolling)
                  007f6e20    00000020     UART.oe674 (.text:UART_write)
                  007f6e40    00000020     UART.oe674 (.text:UART_writePolling)
                  007f6e60    00000020     uartsci.oe674 (.text:UartSci_disableTxDMA)
                  007f6e80    00000020     uartsci.oe674 (.text:UartSci_enableTxDMA)
                  007f6ea0    00000020     uartsci.oe674 (.text:UartSci_init)
                  007f6ec0    00000020     uartsci_edma.oe674 (.text:UartSci_initiateRxEDMA)
                  007f6ee0    00000020     uartsci_edma.oe674 (.text:UartSci_isEDMAEnabled)
                  007f6f00    00000020     libosal_xwr68xx.ae674 : DebugP_tirtos.oe674 (.text:_DebugP_assert)
                  007f6f20    00000020     rts6740_elf.lib : errno.c.obj (.text:__c6xabi_errno_addr)
                  007f6f40    00000020                     : push.asm.obj (.text:__pop_rts)
                  007f6f60    00000020                     : push.asm.obj (.text:__push_rts)
                  007f6f80    00000020                     : _lock.c.obj (.text:_nop)
                  007f6fa0    00000020                     : printf.c.obj (.text:_outc)
                  007f6fc0    00000020                     : sprintf.c.obj (.text:_outc)
                  007f6fe0    00000020                     : printf.c.obj (.text:_outs)
                  007f7000    00000020                     : _lock.c.obj (.text:_register_lock)
                  007f7020    00000020                     : _lock.c.obj (.text:_register_unlock)
                  007f7040    00000020                     : signbit.c.obj (.text:_signbit)
                  007f7060    00000020     sysbios.ae674 : c62_TaskSupport_asm.obj (.text:_ti_sysbios_family_c62_TaskSupport_glue)
                  007f7080    00000020     rts6740_elf.lib : exit.c.obj (.text:abort)
                  007f70a0    00000020                     : fputc.c.obj (.text:putchar)
                  007f70c0    00000020     dss_pe674.oe674 (.text:ti_sysbios_BIOS_RtsGateProxy_enter__E)
                  007f70e0    00000020     dss_pe674.oe674 (.text:ti_sysbios_BIOS_RtsGateProxy_leave__E)
                  007f7100    00000020     sysbios.ae674 : BIOS.obj (.text:ti_sysbios_BIOS_exit__E)
                  007f7120    00000020                   : BIOS.obj (.text:ti_sysbios_BIOS_linkedWithIncorrectBootLibrary__E)
                  007f7140    00000020     dss_pe674.oe674 (.text:ti_sysbios_BIOS_nullFunc__I)
                  007f7160    00000020     sysbios.ae674 : BIOS.obj (.text:ti_sysbios_BIOS_setThreadType__E)
                  007f7180    00000020                   : BIOS.obj (.text:ti_sysbios_BIOS_start__E)
                  007f71a0    00000020     dss_pe674.oe674 (.text:ti_sysbios_family_c62_TaskSupport_Module__startupDone__S)
                  007f71c0    00000020     sysbios.ae674 : BIOS.obj (.text:ti_sysbios_family_c62_TaskSupport_checkStack__E)
                  007f71e0    00000020                   : BIOS.obj (.text:ti_sysbios_family_c62_TaskSupport_getStackAlignment__E)
                  007f7200    00000020                   : BIOS.obj (.text:ti_sysbios_family_c64p_Cache_wbInv__E)
                  007f7220    00000020     dss_pe674.oe674 (.text:ti_sysbios_family_c64p_Hwi_Module__startupDone__F)
                  007f7240    00000020     dss_pe674.oe674 (.text:ti_sysbios_family_c64p_Hwi_Params__init__S)
                  007f7260    00000020     sysbios.ae674 : BIOS.obj (.text:ti_sysbios_family_c64p_Hwi_clearInterrupt__E)
                  007f7280    00000020                   : BIOS.obj (.text:ti_sysbios_family_c64p_Hwi_startup__E)
                  007f72a0    00000020                   : BIOS.obj (.text:ti_sysbios_family_c64p_Hwi_switchFromBootStack__E)
                  007f72c0    00000020                   : BIOS.obj (.text:ti_sysbios_family_c64p_Hwi_unPluggedInterrupt__I)
                  007f72e0    00000020                   : BIOS.obj (.text:ti_sysbios_gates_GateHwi_Instance_init__E)
                  007f7300    00000020                   : BIOS.obj (.text:ti_sysbios_gates_GateHwi_enter__E)
                  007f7320    00000020                   : BIOS.obj (.text:ti_sysbios_gates_GateHwi_leave__E)
                  007f7340    00000020                   : BIOS.obj (.text:ti_sysbios_gates_GateHwi_query__E)
                  007f7360    00000020                   : BIOS.obj (.text:ti_sysbios_gates_GateMutex_Instance_finalize__E)
                  007f7380    00000020                   : BIOS.obj (.text:ti_sysbios_gates_GateMutex_query__E)
                  007f73a0    00000020                   : BIOS.obj (.text:ti_sysbios_hal_Hwi_Module_startup__E)
                  007f73c0    00000020     dss_pe674.oe674 (.text:ti_sysbios_heaps_HeapBuf_Object__get__S)
                  007f73e0    00000020     dss_pe674.oe674 (.text:ti_sysbios_heaps_HeapMem_Module_GateProxy_enter__E)
                  007f7400    00000020     dss_pe674.oe674 (.text:ti_sysbios_heaps_HeapMem_Module_GateProxy_leave__E)
                  007f7420    00000020     sysbios.ae674 : BIOS.obj (.text:ti_sysbios_heaps_HeapMem_isBlocking__E)
                  007f7440    00000020     dss_pe674.oe674 (.text:ti_sysbios_knl_Clock_TimerProxy_getMaxTicks__E)
                  007f7460    00000020     sysbios.ae674 : BIOS.obj (.text:ti_sysbios_knl_Idle_loop__E)
                  007f7480    00000020                   : BIOS.obj (.text:ti_sysbios_knl_Queue_Instance_init__E)
                  007f74a0    00000020     dss_pe674.oe674 (.text:ti_sysbios_knl_Queue_Object__get__S)
                  007f74c0    00000020     dss_pe674.oe674 (.text:ti_sysbios_knl_Queue_destruct)
                  007f74e0    00000020     sysbios.ae674 : BIOS.obj (.text:ti_sysbios_knl_Queue_empty__E)
                  007f7500    00000020                   : BIOS.obj (.text:ti_sysbios_knl_Semaphore_Instance_finalize__E)
                  007f7520    00000020     dss_pe674.oe674 (.text:ti_sysbios_knl_Semaphore_Params__init__S)
                  007f7540    00000020     dss_pe674.oe674 (.text:ti_sysbios_knl_Semaphore_delete)
                  007f7560    00000020     sysbios.ae674 : BIOS.obj (.text:ti_sysbios_knl_Swi_disable__E)
                  007f7580    00000020     dss_pe674.oe674 (.text:ti_sysbios_knl_Task_Params__init__S)
                  007f75a0    00000020     sysbios.ae674 : BIOS.obj (.text:ti_sysbios_knl_Task_disable__E)
                  007f75c0    00000020                   : BIOS.obj (.text:ti_sysbios_knl_Task_startup__E)
                  007f75e0    00000020     dss_pe674.oe674 (.text:ti_sysbios_timers_rti_Timer_Module__startupDone__F)
                  007f7600    00000020     sysbios.ae674 : BIOS.obj (.text:ti_sysbios_timers_rti_Timer_getMaxTicks__E)
                  007f7620    00000020     ti.targets.rts6000.ae674 : Error.oe674 (.text:xdc_runtime_Error_getSite__E)
                  007f7640    00000020                              : Error.oe674 (.text:xdc_runtime_Error_raiseX__E)
                  007f7660    00000020                              : Gate.oe674 (.text:xdc_runtime_Gate_enterSystem__E)
                  007f7680    00000020                              : Gate.oe674 (.text:xdc_runtime_Gate_leaveSystem__E)
                  007f76a0    00000020     dss_pe674.oe674 (.text:xdc_runtime_IHeap_alloc)
                  007f76c0    00000020     dss_pe674.oe674 (.text:xdc_runtime_IHeap_free)
                  007f76e0    00000020     ti.targets.rts6000.ae674 : Memory.oe674 (.text:xdc_runtime_Memory_calloc__E)
                  007f7700    00000020                              : Memory.oe674 (.text:xdc_runtime_Memory_free__E)
                  007f7720    00000020                              : Memory.oe674 (.text:xdc_runtime_Memory_getMaxDefaultTypeAlign__E)
                  007f7740    00000020     dss_pe674.oe674 (.text:xdc_runtime_Startup_exec__I)
                  007f7760    00000020     dss_pe674.oe674 (.text:xdc_runtime_Startup_reset__I)
                  007f7780    00000020     ti.targets.rts6000.ae674 : Startup.oe674 (.text:xdc_runtime_Startup_rtsDone__E)
                  007f77a0    00000020                              : SysStd.oe674 (.text:xdc_runtime_SysStd_exit__E)
                  007f77c0    00000020                              : SysStd.oe674 (.text:xdc_runtime_SysStd_putch__E)
                  007f77e0    00000020                              : SysStd.oe674 (.text:xdc_runtime_SysStd_ready__E)
                  007f7800    00000020     dss_pe674.oe674 (.text:xdc_runtime_System_Module_GateProxy_enter__E)
                  007f7820    00000020     dss_pe674.oe674 (.text:xdc_runtime_System_Module_GateProxy_leave__E)
                  007f7840    00000020     ti.targets.rts6000.ae674 : System.oe674 (.text:xdc_runtime_System_Module_startup__E)
                  007f7860    00000020                              : System.oe674 (.text:xdc_runtime_System_vsnprintf__E)
                  007f7880    00000020                              : Text.oe674 (.text:xdc_runtime_Text_ropeText__E)
                  007f78a0    00000020     dss_pe674.oe674 (.text:xdc_runtime_Text_visitRope__I)

systemHeap 
*          0    00800000    00008000     UNINITIALIZED
                  00800000    00008000     dss_pe674.oe674 (systemHeap)

.MCPILogBuffer 
*          0    00808000    00002400     UNINITIALIZED
                  00808000    00002400     main_dss.oe674 (.MCPILogBuffer)

.const     0    0080a400    00003bde     
                  0080a400    000019be     dss_pe674.oe674 (.const:xdc_runtime_Text_charTab__A)
                  0080bdbe    00000002     dss_pe674.oe674 (.const:ti_sysbios_family_c64p_Cache_Module__id__C)
                  0080bdc0    00000e20     uart_test.oe674 (.const:.string)
                  0080cbe0    00000518     sysbios.ae674 : BIOS.obj (.const:.string)
                  0080d0f8    000003f4     main_dss.oe674 (.const:.string)
                  0080d4ec    00000004     ti.targets.rts6000.ae674 : Assert.oe674 (.const:.string)
                  0080d4f0    00000101     rts6740_elf.lib : ctype.c.obj (.const:.string:_ctypes_)
                  0080d5f1    00000001     --HOLE-- [fill = 0]
                  0080d5f2    00000002     dss_pe674.oe674 (.const:ti_sysbios_family_c64p_EventCombiner_Module__id__C)
                  0080d5f4    00000004     dss_pe674.oe674 (.const:ti_sysbios_family_c62_TaskSupport_stackAlignment__C)
                  0080d5f8    000000c8     dss_pe674.oe674 (.const:xdc_runtime_Text_nodeTab__A)
                  0080d6c0    00000094     libtestlogger_xwr68xx.ae674 : logger.oe674 (.const:.string)
                  0080d754    00000074     dss_pe674.oe674 (.const:.string)
                  0080d7c8    00000058     libedma_xwr68xx.ae674 : edma.oe674 (.const:.string)
                  0080d820    00000058     ti.targets.rts6000.ae674 : Error.oe674 (.const:.string)
                  0080d878    00000044     dss_pe674.oe674 (.const:ti_sysbios_knl_Task_Object__PARAMS__C)
                  0080d8bc    00000040     ti.targets.rts6000.ae674 : Text.oe674 (.const:.string)
                  0080d8fc    0000003c     libsoc_xwr68xx.ae674 : soc_xwr68xx_dss.oe674 (.const:.string)
                  0080d938    00000038     UART.oe674 (.const:UART_defaultParams)
                  0080d970    00000038     libedma_xwr68xx.ae674 : edma_xwr1xxx.oe674 (.const:gEdmaHwAttrs)
                  0080d9a8    00000030     dss_pe674.oe674 (.const:ti_sysbios_family_c64p_Hwi_Object__PARAMS__C)
                  0080d9d8    0000002c     ti.targets.rts6000.ae674 : Startup.oe674 (.const:.string)
                  0080da04    00000004     dss_pe674.oe674 (.const:ti_sysbios_family_c64p_Cache_EMIFA_BASE__C)
                  0080da08    0000002c     dss_pe674.oe674 (.const:xdc_runtime_Startup_sfxnTab__A)
                  0080da34    00000028     dss_pe674.oe674 (.const:ti_sysbios_heaps_HeapMem_Module__FXNS__C)
                  0080da5c    00000024     rts6740_elf.lib : _printfi.c.obj (.const:.string)
                  0080da80    00000024     dss_pe674.oe674 (.const:ti_sysbios_gates_GateHwi_Module__FXNS__C)
                  0080daa4    00000024     dss_pe674.oe674 (.const:ti_sysbios_gates_GateMutex_Module__FXNS__C)
                  0080dac8    00000024     dss_pe674.oe674 (.const:ti_sysbios_heaps_HeapMem_Object__PARAMS__C)
                  0080daec    00000024     dss_pe674.oe674 (.const:ti_sysbios_knl_Semaphore_Object__PARAMS__C)
                  0080db10    00000020     libosal_xwr68xx.ae674 : SemaphoreP_tirtos.oe674 (.const:.string)
                  0080db30    00000020     dss_pe674.oe674 (.const:ti_sysbios_family_c64p_Hwi_Object__DESC__C)
                  0080db50    00000020     dss_pe674.oe674 (.const:ti_sysbios_gates_GateHwi_Object__DESC__C)
                  0080db70    00000020     dss_pe674.oe674 (.const:ti_sysbios_gates_GateMutex_Object__DESC__C)
                  0080db90    00000020     dss_pe674.oe674 (.const:ti_sysbios_heaps_HeapMem_Object__DESC__C)
                  0080dbb0    00000020     dss_pe674.oe674 (.const:ti_sysbios_knl_Queue_Object__DESC__C)
                  0080dbd0    00000020     dss_pe674.oe674 (.const:ti_sysbios_knl_Semaphore_Object__DESC__C)
                  0080dbf0    00000020     dss_pe674.oe674 (.const:ti_sysbios_knl_Task_Object__DESC__C)
                  0080dc10    0000001c     libosal_xwr68xx.ae674 : HwiP_tirtos.oe674 (.const:.string)
                  0080dc2c    00000018     ti.targets.rts6000.ae674 : System.oe674 (.const:.string)
                  0080dc44    00000018     dss_pe674.oe674 (.const:ti_sysbios_gates_GateHwi_Object__PARAMS__C)
                  0080dc5c    00000018     dss_pe674.oe674 (.const:ti_sysbios_gates_GateMutex_Object__PARAMS__C)
                  0080dc74    00000018     dss_pe674.oe674 (.const:ti_sysbios_knl_Queue_Object__PARAMS__C)
                  0080dc8c    00000004     dss_pe674.oe674 (.const:ti_sysbios_family_c64p_Cache_EMIFA_CFG__C)
                  0080dc90    00000016     dss_pe674.oe674 (.const:xdc_runtime_Startup_sfxnRts__A)
                  0080dca6    00000002     dss_pe674.oe674 (.const:ti_sysbios_family_c64p_Exception_Module__id__C)
                  0080dca8    00000014     uart_test.oe674 (.const:$P$T1$2)
                  0080dcbc    00000014     uartsci.oe674 (.const:.string)
                  0080dcd0    00000014     uartsci_edma.oe674 (.const:.string)
                  0080dce4    00000004     dss_pe674.oe674 (.const:ti_sysbios_family_c64p_Cache_EMIFA_LENGTH__C)
                  0080dce8    00000010     libedma_xwr68xx.ae674 : edma.oe674 (.const:EDMA_config$1)
                  0080dcf8    00000010     dss_pe674.oe674 (.const:ti_sysbios_family_c64p_EventCombiner_EVTMASK__C)
                  0080dd08    00000008     dss_pe674.oe674 (.const:ti_sysbios_knl_Idle_funcList__C)
                  0080dd10    00000008     dss_pe674.oe674 (.const:xdc_runtime_Startup_firstFxns__A)
                  0080dd18    00000008     dss_pe674.oe674 (.const:xdc_runtime_Startup_firstFxns__C)
                  0080dd20    00000008     dss_pe674.oe674 (.const:xdc_runtime_Startup_lastFxns__C)
                  0080dd28    00000004     dss_pe674.oe674 (.const:ti_sysbios_family_c64p_Cache_EMIFB_BASE__C)
                  0080dd2c    00000004     dss_pe674.oe674 (.const:ti_sysbios_family_c64p_Cache_EMIFB_CFG__C)
                  0080dd30    00000004     dss_pe674.oe674 (.const:ti_sysbios_family_c64p_Cache_EMIFB_LENGTH__C)
                  0080dd34    00000004     dss_pe674.oe674 (.const:ti_sysbios_family_c64p_Cache_EMIFC_BASE__C)
                  0080dd38    00000004     dss_pe674.oe674 (.const:ti_sysbios_family_c64p_Cache_EMIFC_CFG__C)
                  0080dd3c    00000004     dss_pe674.oe674 (.const:ti_sysbios_family_c64p_Cache_EMIFC_LENGTH__C)
                  0080dd40    00000004     dss_pe674.oe674 (.const:ti_sysbios_family_c64p_Cache_E_invalidL1CacheSize__C)
                  0080dd44    00000004     dss_pe674.oe674 (.const:ti_sysbios_family_c64p_Cache_E_invalidL2CacheSize__C)
                  0080dd48    00000004     dss_pe674.oe674 (.const:ti_sysbios_family_c64p_Cache_MAR0_31__C)
                  0080dd4c    00000004     dss_pe674.oe674 (.const:ti_sysbios_family_c64p_Cache_MAR128_159__C)
                  0080dd50    00000004     dss_pe674.oe674 (.const:ti_sysbios_family_c64p_Cache_MAR160_191__C)
                  0080dd54    00000004     dss_pe674.oe674 (.const:ti_sysbios_family_c64p_Cache_MAR192_223__C)
                  0080dd58    00000004     dss_pe674.oe674 (.const:ti_sysbios_family_c64p_Cache_MAR224_255__C)
                  0080dd5c    00000004     dss_pe674.oe674 (.const:ti_sysbios_family_c64p_Cache_MAR32_63__C)
                  0080dd60    00000004     dss_pe674.oe674 (.const:ti_sysbios_family_c64p_Cache_MAR64_95__C)
                  0080dd64    00000004     dss_pe674.oe674 (.const:ti_sysbios_family_c64p_Cache_MAR96_127__C)
                  0080dd68    00000004     dss_pe674.oe674 (.const:ti_sysbios_family_c64p_Cache_Module__diagsEnabled__C)
                  0080dd6c    00000004     dss_pe674.oe674 (.const:ti_sysbios_family_c64p_Cache_Module__diagsIncluded__C)
                  0080dd70    00000004     dss_pe674.oe674 (.const:ti_sysbios_family_c64p_Cache_Module__diagsMask__C)
                  0080dd74    00000004     dss_pe674.oe674 (.const:ti_sysbios_family_c64p_EventCombiner_A_invalidEventId__C)
                  0080dd78    00000004     dss_pe674.oe674 (.const:ti_sysbios_family_c64p_EventCombiner_EVTRegs__C)
                  0080dd7c    00000004     dss_pe674.oe674 (.const:ti_sysbios_family_c64p_EventCombiner_E_unpluggedEvent__C)
                  0080dd80    00000004     dss_pe674.oe674 (.const:ti_sysbios_family_c64p_EventCombiner_Module__diagsEnabled__C)
                  0080dd84    00000004     dss_pe674.oe674 (.const:ti_sysbios_family_c64p_EventCombiner_Module__diagsIncluded__C)
                  0080dd88    00000004     dss_pe674.oe674 (.const:ti_sysbios_family_c64p_EventCombiner_Module__diagsMask__C)
                  0080dd8c    00000004     dss_pe674.oe674 (.const:ti_sysbios_family_c64p_Exception_E_exceptionMax__C)
                  0080dd90    00000004     dss_pe674.oe674 (.const:ti_sysbios_family_c64p_Exception_exceptionHook__C)
                  0080dd94    00000004     dss_pe674.oe674 (.const:ti_sysbios_family_c64p_Exception_externalHook__C)
                  0080dd98    00000004     dss_pe674.oe674 (.const:ti_sysbios_family_c64p_Exception_internalHook__C)
                  0080dd9c    00000004     dss_pe674.oe674 (.const:ti_sysbios_family_c64p_Exception_nmiHook__C)
                  0080dda0    00000004     dss_pe674.oe674 (.const:ti_sysbios_family_c64p_Hwi_E_alreadyDefined__C)
                  0080dda4    00000004     dss_pe674.oe674 (.const:ti_sysbios_family_c64p_Hwi_E_handleNotFound__C)
                  0080dda8    00000004     dss_pe674.oe674 (.const:ti_sysbios_family_c64p_Hwi_E_invalidIntNum__C)
                  0080ddac    00000004     dss_pe674.oe674 (.const:ti_sysbios_family_c64p_Hwi_INTRMUX1Address__C)
                  0080ddb0    00000004     dss_pe674.oe674 (.const:ti_sysbios_family_c64p_Hwi_LD_end__C)
                  0080ddb4    00000004     dss_pe674.oe674 (.const:ti_sysbios_family_c64p_Hwi_LM_begin__C)
                  0080ddb8    00000004     dss_pe674.oe674 (.const:ti_sysbios_family_c64p_Hwi_Module__diagsEnabled__C)
                  0080ddbc    00000004     dss_pe674.oe674 (.const:ti_sysbios_family_c64p_Hwi_Module__diagsIncluded__C)
                  0080ddc0    00000004     dss_pe674.oe674 (.const:ti_sysbios_family_c64p_Hwi_Module__diagsMask__C)
                  0080ddc4    00000004     dss_pe674.oe674 (.const:ti_sysbios_family_c64p_Hwi_Module__loggerFxn1__C)
                  0080ddc8    00000004     dss_pe674.oe674 (.const:ti_sysbios_family_c64p_Hwi_Module__loggerFxn8__C)
                  0080ddcc    00000004     dss_pe674.oe674 (.const:ti_sysbios_family_c64p_Hwi_Module__loggerObj__C)
                  0080ddd0    00000004     dss_pe674.oe674 (.const:ti_sysbios_gates_GateMutex_A_badContext__C)
                  0080ddd4    00000004     dss_pe674.oe674 (.const:ti_sysbios_gates_GateMutex_Instance_State_sem__O)
                  0080ddd8    00000004     dss_pe674.oe674 (.const:ti_sysbios_gates_GateMutex_Module__diagsEnabled__C)
                  0080dddc    00000004     dss_pe674.oe674 (.const:ti_sysbios_gates_GateMutex_Module__diagsIncluded__C)
                  0080dde0    00000004     dss_pe674.oe674 (.const:ti_sysbios_gates_GateMutex_Module__diagsMask__C)
                  0080dde4    00000004     dss_pe674.oe674 (.const:ti_sysbios_hal_Hwi_E_stackOverflow__C)
                  0080dde8    00000004     dss_pe674.oe674 (.const:ti_sysbios_heaps_HeapBuf_Instance_State_freeList__O)
                  0080ddec    00000004     dss_pe674.oe674 (.const:ti_sysbios_heaps_HeapBuf_Object__count__C)
                  0080ddf0    00000004     dss_pe674.oe674 (.const:ti_sysbios_heaps_HeapBuf_numConstructedHeaps__C)
                  0080ddf4    00000004     dss_pe674.oe674 (.const:ti_sysbios_heaps_HeapMem_A_align__C)
                  0080ddf8    00000004     dss_pe674.oe674 (.const:ti_sysbios_heaps_HeapMem_A_heapSize__C)
                  0080ddfc    00000004     dss_pe674.oe674 (.const:ti_sysbios_heaps_HeapMem_A_invalidFree__C)
                  0080de00    00000004     dss_pe674.oe674 (.const:ti_sysbios_heaps_HeapMem_A_zeroBlock__C)
                  0080de04    00000004     dss_pe674.oe674 (.const:ti_sysbios_heaps_HeapMem_E_memory__C)
                  0080de08    00000004     dss_pe674.oe674 (.const:ti_sysbios_heaps_HeapMem_Module__diagsEnabled__C)
                  0080de0c    00000004     dss_pe674.oe674 (.const:ti_sysbios_heaps_HeapMem_Module__diagsIncluded__C)
                  0080de10    00000004     dss_pe674.oe674 (.const:ti_sysbios_heaps_HeapMem_Module__diagsMask__C)
                  0080de14    00000004     dss_pe674.oe674 (.const:ti_sysbios_heaps_HeapMem_Module__gateObj__C)
                  0080de18    00000004     dss_pe674.oe674 (.const:ti_sysbios_heaps_HeapMem_Object__count__C)
                  0080de1c    00000004     dss_pe674.oe674 (.const:ti_sysbios_heaps_HeapMem_reqAlign__C)
                  0080de20    00000004     dss_pe674.oe674 (.const:ti_sysbios_knl_Clock_LM_begin__C)
                  0080de24    00000004     dss_pe674.oe674 (.const:ti_sysbios_knl_Clock_LM_tick__C)
                  0080de28    00000004     dss_pe674.oe674 (.const:ti_sysbios_knl_Clock_LW_delayed__C)
                  0080de2c    00000004     dss_pe674.oe674 (.const:ti_sysbios_knl_Clock_Module_State_clockQ__O)
                  0080de30    00000004     dss_pe674.oe674 (.const:ti_sysbios_knl_Clock_Module__diagsEnabled__C)
                  0080de34    00000004     dss_pe674.oe674 (.const:ti_sysbios_knl_Clock_Module__diagsIncluded__C)
                  0080de38    00000004     dss_pe674.oe674 (.const:ti_sysbios_knl_Clock_Module__diagsMask__C)
                  0080de3c    00000004     dss_pe674.oe674 (.const:ti_sysbios_knl_Clock_Module__loggerFxn1__C)
                  0080de40    00000004     dss_pe674.oe674 (.const:ti_sysbios_knl_Clock_Module__loggerFxn2__C)
                  0080de44    00000004     dss_pe674.oe674 (.const:ti_sysbios_knl_Clock_Module__loggerObj__C)
                  0080de48    00000004     dss_pe674.oe674 (.const:ti_sysbios_knl_Idle_funcList__A)
                  0080de4c    00000004     dss_pe674.oe674 (.const:ti_sysbios_knl_Semaphore_A_badContext__C)
                  0080de50    00000004     dss_pe674.oe674 (.const:ti_sysbios_knl_Semaphore_A_noEvents__C)
                  0080de54    00000004     dss_pe674.oe674 (.const:ti_sysbios_knl_Semaphore_A_overflow__C)
                  0080de58    00000004     dss_pe674.oe674 (.const:ti_sysbios_knl_Semaphore_A_pendTaskDisabled__C)
                  0080de5c    00000004     dss_pe674.oe674 (.const:ti_sysbios_knl_Semaphore_Instance_State_pendQ__O)
                  0080de60    00000004     dss_pe674.oe674 (.const:ti_sysbios_knl_Semaphore_LM_pend__C)
                  0080de64    00000004     dss_pe674.oe674 (.const:ti_sysbios_knl_Semaphore_LM_post__C)
                  0080de68    00000004     dss_pe674.oe674 (.const:ti_sysbios_knl_Semaphore_Module__diagsEnabled__C)
                  0080de6c    00000004     dss_pe674.oe674 (.const:ti_sysbios_knl_Semaphore_Module__diagsIncluded__C)
                  0080de70    00000004     dss_pe674.oe674 (.const:ti_sysbios_knl_Semaphore_Module__diagsMask__C)
                  0080de74    00000004     dss_pe674.oe674 (.const:ti_sysbios_knl_Semaphore_Module__loggerFxn2__C)
                  0080de78    00000004     dss_pe674.oe674 (.const:ti_sysbios_knl_Semaphore_Module__loggerFxn4__C)
                  0080de7c    00000004     dss_pe674.oe674 (.const:ti_sysbios_knl_Semaphore_Module__loggerObj__C)
                  0080de80    00000004     dss_pe674.oe674 (.const:ti_sysbios_knl_Swi_LD_end__C)
                  0080de84    00000004     dss_pe674.oe674 (.const:ti_sysbios_knl_Swi_LM_begin__C)
                  0080de88    00000004     dss_pe674.oe674 (.const:ti_sysbios_knl_Swi_LM_post__C)
                  0080de8c    00000004     dss_pe674.oe674 (.const:ti_sysbios_knl_Swi_Module__diagsEnabled__C)
                  0080de90    00000004     dss_pe674.oe674 (.const:ti_sysbios_knl_Swi_Module__diagsIncluded__C)
                  0080de94    00000004     dss_pe674.oe674 (.const:ti_sysbios_knl_Swi_Module__diagsMask__C)
                  0080de98    00000004     dss_pe674.oe674 (.const:ti_sysbios_knl_Swi_Module__loggerFxn1__C)
                  0080de9c    00000004     dss_pe674.oe674 (.const:ti_sysbios_knl_Swi_Module__loggerFxn4__C)
                  0080dea0    00000004     dss_pe674.oe674 (.const:ti_sysbios_knl_Swi_Module__loggerObj__C)
                  0080dea4    00000004     dss_pe674.oe674 (.const:ti_sysbios_knl_Swi_Object__count__C)
                  0080dea8    00000004     dss_pe674.oe674 (.const:ti_sysbios_knl_Task_A_badPriority__C)
                  0080deac    00000004     dss_pe674.oe674 (.const:ti_sysbios_knl_Task_A_badTaskState__C)
                  0080deb0    00000004     dss_pe674.oe674 (.const:ti_sysbios_knl_Task_A_badThreadType__C)
                  0080deb4    00000004     dss_pe674.oe674 (.const:ti_sysbios_knl_Task_A_badTimeout__C)
                  0080deb8    00000004     dss_pe674.oe674 (.const:ti_sysbios_knl_Task_A_noPendElem__C)
                  0080debc    00000004     dss_pe674.oe674 (.const:ti_sysbios_knl_Task_A_sleepTaskDisabled__C)
                  0080dec0    00000004     dss_pe674.oe674 (.const:ti_sysbios_knl_Task_E_spOutOfBounds__C)
                  0080dec4    00000004     dss_pe674.oe674 (.const:ti_sysbios_knl_Task_E_stackOverflow__C)
                  0080dec8    00000004     dss_pe674.oe674 (.const:ti_sysbios_knl_Task_LD_block__C)
                  0080decc    00000004     dss_pe674.oe674 (.const:ti_sysbios_knl_Task_LD_exit__C)
                  0080ded0    00000004     dss_pe674.oe674 (.const:ti_sysbios_knl_Task_LD_ready__C)
                  0080ded4    00000004     dss_pe674.oe674 (.const:ti_sysbios_knl_Task_LM_sleep__C)
                  0080ded8    00000004     dss_pe674.oe674 (.const:ti_sysbios_knl_Task_LM_switch__C)
                  0080dedc    00000004     dss_pe674.oe674 (.const:ti_sysbios_knl_Task_Module_State_inactiveQ__O)
                  0080dee0    00000004     dss_pe674.oe674 (.const:ti_sysbios_knl_Task_Module__diagsEnabled__C)
                  0080dee4    00000004     dss_pe674.oe674 (.const:ti_sysbios_knl_Task_Module__diagsIncluded__C)
                  0080dee8    00000004     dss_pe674.oe674 (.const:ti_sysbios_knl_Task_Module__diagsMask__C)
                  0080deec    00000004     dss_pe674.oe674 (.const:ti_sysbios_knl_Task_Module__loggerFxn2__C)
                  0080def0    00000004     dss_pe674.oe674 (.const:ti_sysbios_knl_Task_Module__loggerFxn4__C)
                  0080def4    00000004     dss_pe674.oe674 (.const:ti_sysbios_knl_Task_Module__loggerObj__C)
                  0080def8    00000004     dss_pe674.oe674 (.const:ti_sysbios_knl_Task_Object__count__C)
                  0080defc    00000004     dss_pe674.oe674 (.const:ti_sysbios_knl_Task_allBlockedFunc__C)
                  0080df00    00000004     dss_pe674.oe674 (.const:ti_sysbios_knl_Task_defaultStackHeap__C)
                  0080df04    00000004     dss_pe674.oe674 (.const:ti_sysbios_knl_Task_defaultStackSize__C)
                  0080df08    00000004     dss_pe674.oe674 (.const:ti_sysbios_knl_Task_numConstructedTasks__C)
                  0080df0c    00000004     dss_pe674.oe674 (.const:ti_sysbios_timers_rti_Timer_E_cannotSupport__C)
                  0080df10    00000004     dss_pe674.oe674 (.const:ti_sysbios_timers_rti_Timer_Module__diagsEnabled__C)
                  0080df14    00000004     dss_pe674.oe674 (.const:ti_sysbios_timers_rti_Timer_Module__diagsIncluded__C)
                  0080df18    00000004     dss_pe674.oe674 (.const:ti_sysbios_timers_rti_Timer_Module__diagsMask__C)
                  0080df1c    00000004     dss_pe674.oe674 (.const:ti_sysbios_timers_rti_Timer_numTimerDevices__C)
                  0080df20    00000004     dss_pe674.oe674 (.const:ti_sysbios_timers_rti_Timer_startupNeeded__C)
                  0080df24    00000004     dss_pe674.oe674 (.const:xdc_runtime_Assert_E_assertFailed__C)
                  0080df28    00000004     dss_pe674.oe674 (.const:xdc_runtime_Core_A_initializedParams__C)
                  0080df2c    00000004     dss_pe674.oe674 (.const:xdc_runtime_Core_Module__diagsEnabled__C)
                  0080df30    00000004     dss_pe674.oe674 (.const:xdc_runtime_Core_Module__diagsIncluded__C)
                  0080df34    00000004     dss_pe674.oe674 (.const:xdc_runtime_Core_Module__diagsMask__C)
                  0080df38    00000004     dss_pe674.oe674 (.const:xdc_runtime_Error_E_memory__C)
                  0080df3c    00000004     dss_pe674.oe674 (.const:xdc_runtime_Error_Module__diagsEnabled__C)
                  0080df40    00000004     dss_pe674.oe674 (.const:xdc_runtime_Error_Module__diagsIncluded__C)
                  0080df44    00000004     dss_pe674.oe674 (.const:xdc_runtime_Error_Module__diagsMask__C)
                  0080df48    00000004     dss_pe674.oe674 (.const:xdc_runtime_Error_Module__loggerFxn8__C)
                  0080df4c    00000004     dss_pe674.oe674 (.const:xdc_runtime_Error_Module__loggerObj__C)
                  0080df50    00000004     dss_pe674.oe674 (.const:xdc_runtime_Error_policyFxn__C)
                  0080df54    00000004     dss_pe674.oe674 (.const:xdc_runtime_Error_policy__C)
                  0080df58    00000004     dss_pe674.oe674 (.const:xdc_runtime_Error_raiseHook__C)
                  0080df5c    00000004     dss_pe674.oe674 (.const:xdc_runtime_IGateProvider_Interface__BASE__C)
                  0080df60    00000004     dss_pe674.oe674 (.const:xdc_runtime_IHeap_Interface__BASE__C)
                  0080df64    00000004     dss_pe674.oe674 (.const:xdc_runtime_IModule_Interface__BASE__C)
                  0080df68    00000004     dss_pe674.oe674 (.const:xdc_runtime_Log_L_error__C)
                  0080df6c    00000004     dss_pe674.oe674 (.const:xdc_runtime_Memory_defaultHeapInstance__C)
                  0080df70    00000004     dss_pe674.oe674 (.const:xdc_runtime_Startup_execImpl__C)
                  0080df74    00000004     dss_pe674.oe674 (.const:xdc_runtime_Startup_maxPasses__C)
                  0080df78    00000004     dss_pe674.oe674 (.const:xdc_runtime_Startup_sfxnRts__C)
                  0080df7c    00000004     dss_pe674.oe674 (.const:xdc_runtime_Startup_sfxnTab__C)
                  0080df80    00000004     dss_pe674.oe674 (.const:xdc_runtime_System_Module__gateObj__C)
                  0080df84    00000004     dss_pe674.oe674 (.const:xdc_runtime_System_abortFxn__C)
                  0080df88    00000004     dss_pe674.oe674 (.const:xdc_runtime_System_exitFxn__C)
                  0080df8c    00000004     dss_pe674.oe674 (.const:xdc_runtime_System_extendFxn__C)
                  0080df90    00000004     dss_pe674.oe674 (.const:xdc_runtime_System_maxAtexitHandlers__C)
                  0080df94    00000004     dss_pe674.oe674 (.const:xdc_runtime_Text_charTab__C)
                  0080df98    00000004     dss_pe674.oe674 (.const:xdc_runtime_Text_nameEmpty__C)
                  0080df9c    00000004     dss_pe674.oe674 (.const:xdc_runtime_Text_nameStatic__C)
                  0080dfa0    00000004     dss_pe674.oe674 (.const:xdc_runtime_Text_nameUnknown__C)
                  0080dfa4    00000004     dss_pe674.oe674 (.const:xdc_runtime_Text_nodeTab__C)
                  0080dfa8    00000004     dss_pe674.oe674 (.const:xdc_runtime_Text_visitRopeFxn__C)
                  0080dfac    00000002     dss_pe674.oe674 (.const:ti_sysbios_family_c64p_Exception_useInternalBuffer__C)
                  0080dfae    00000002     dss_pe674.oe674 (.const:ti_sysbios_family_c64p_Hwi_Module__id__C)
                  0080dfb0    00000002     dss_pe674.oe674 (.const:ti_sysbios_family_c64p_Hwi_Module__loggerDefined__C)
                  0080dfb2    00000002     dss_pe674.oe674 (.const:ti_sysbios_gates_GateMutex_Module__id__C)
                  0080dfb4    00000002     dss_pe674.oe674 (.const:ti_sysbios_hal_Hwi_Module__id__C)
                  0080dfb6    00000002     dss_pe674.oe674 (.const:ti_sysbios_heaps_HeapMem_Module__id__C)
                  0080dfb8    00000002     dss_pe674.oe674 (.const:ti_sysbios_knl_Clock_Module__id__C)
                  0080dfba    00000002     dss_pe674.oe674 (.const:ti_sysbios_knl_Clock_Module__loggerDefined__C)
                  0080dfbc    00000002     dss_pe674.oe674 (.const:ti_sysbios_knl_Semaphore_Module__id__C)
                  0080dfbe    00000002     dss_pe674.oe674 (.const:ti_sysbios_knl_Semaphore_Module__loggerDefined__C)
                  0080dfc0    00000002     dss_pe674.oe674 (.const:ti_sysbios_knl_Swi_Module__id__C)
                  0080dfc2    00000002     dss_pe674.oe674 (.const:ti_sysbios_knl_Swi_Module__loggerDefined__C)
                  0080dfc4    00000002     dss_pe674.oe674 (.const:ti_sysbios_knl_Task_Module__id__C)
                  0080dfc6    00000002     dss_pe674.oe674 (.const:ti_sysbios_knl_Task_Module__loggerDefined__C)
                  0080dfc8    00000002     dss_pe674.oe674 (.const:ti_sysbios_timers_rti_Timer_Module__id__C)
                  0080dfca    00000002     dss_pe674.oe674 (.const:ti_sysbios_timers_rti_Timer_continueOnSuspend__C)
                  0080dfcc    00000002     dss_pe674.oe674 (.const:xdc_runtime_Core_Module__id__C)
                  0080dfce    00000002     dss_pe674.oe674 (.const:xdc_runtime_Error_Module__loggerDefined__C)
                  0080dfd0    00000002     dss_pe674.oe674 (.const:xdc_runtime_Error_maxDepth__C)
                  0080dfd2    00000002     dss_pe674.oe674 (.const:xdc_runtime_Main_Module__id__C)
                  0080dfd4    00000002     dss_pe674.oe674 (.const:xdc_runtime_Memory_Module__id__C)
                  0080dfd6    00000002     dss_pe674.oe674 (.const:xdc_runtime_Text_charCnt__C)
                  0080dfd8    00000002     dss_pe674.oe674 (.const:xdc_runtime_Text_isLoaded__C)
                  0080dfda    00000002     dss_pe674.oe674 (.const:xdc_runtime_Text_registryModsLastId__C)
                  0080dfdc    00000002     dss_pe674.oe674 (.const:xdc_runtime_Text_unnamedModsLastId__C)

.stack     0    0080dfe0    00001000     UNINITIALIZED
                  0080dfe0    00000008     boot.ae674 : boot.oe674 (.stack)
                  0080dfe8    00000ff8     --HOLE--

.cinit     0    00800000    00000000     UNINITIALIZED

.far       0    0080efe0    00000e30     UNINITIALIZED
                  0080efe0    00000800     dss_pe674.oe674 (.far:taskStackSection)
                  0080f7e0    000004d8     libedma_xwr68xx.ae674 : edma.oe674 (.far:EDMA_object)
                  0080fcb8    00000140     (.common:__TI_tmpnams)
                  0080fdf8    00000010     (.common:edmaDbg)
                  0080fe08    00000008     (.common:parmbuf)

.cio       0    00810a68    00000120     UNINITIALIZED
                  00810a68    00000120     rts6740_elf.lib : trgmsg.c.obj (.cio)

.rodata    0    00810c1c    00000000     UNINITIALIZED

.bss       0    00810c1c    00000008     UNINITIALIZED
                  00810c1c    00000004     (.common:gBenchmarkStart)
                  00810c20    00000004     (.common:gEDMAHandle)

.neardata 
*          0    00810c24    0000001c     
                  00810c24    0000000c     libtestlogger_xwr68xx.ae674 : logger.oe674 (.neardata)
                  00810c30    00000008     main_dss.oe674 (.neardata)
                  00810c38    00000004     UART.oe674 (.neardata)
                  00810c3c    00000004     libedma_xwr68xx.ae674 : edma_low_level.oe674 (.neardata)

.fardata   0    0080fe10    00000c56     
                  0080fe10    00000400     dss_pe674.oe674 (.fardata:ti_sysbios_family_c64p_EventCombiner_Module__state__V)
                  00810210    000001e0     rts6740_elf.lib : defs.c.obj (.fardata:_ftable)
                  008103f0    000000a0                     : write.c.obj (.fardata:_stream)
                  00810490    00000080     dss_pe674.oe674 (.fardata:ti_sysbios_knl_Swi_Module_State_0_readyQ__A)
                  00810510    00000080     dss_pe674.oe674 (.fardata:ti_sysbios_knl_Task_Module_State_0_readyQ__A)
                  00810590    00000078     rts6740_elf.lib : write.c.obj (.fardata:_device)
                  00810608    0000006c     dss_pe674.oe674 (.fardata:ti_sysbios_family_c64p_Hwi_Module__state__V)
                  00810674    00000004     rts6740_elf.lib : _lock.c.obj (.fardata:_lock)
                  00810678    0000005c     dss_pe674.oe674 (.fardata:ti_sysbios_knl_Task_Object__table__V)
                  008106d4    00000048     dss_pe674.oe674 (.fardata:ti_sysbios_knl_Task_Module__state__V)
                  0081071c    00000004     rts6740_elf.lib : _lock.c.obj (.fardata:_unlock)
                  00810720    00000040     libsoc_xwr68xx.ae674 : soc_xwr68xx.oe674 (.fardata:SOC_TranslateAddr_LUT)
                  00810760    00000040     dss_pe674.oe674 (.fardata:ti_sysbios_gates_GateMutex_Object__table__V)
                  008107a0    0000003c     dss_pe674.oe674 (.fardata:ti_sysbios_timers_rti_Timer_Object__table__V)
                  008107dc    00000030     dss_pe674.oe674 (.fardata:ti_sysbios_family_c64p_Exception_Module__state__V)
                  0081080c    00000004     rts6740_elf.lib : defs.c.obj (.fardata)
                  00810810    00000030     dss_pe674.oe674 (.fardata:ti_sysbios_knl_Swi_Object__table__V)
                  00810840    0000002c     uart_xwr68xx.oe674 (.fardata:gUartSciHwCfg)
                  0081086c    0000002c     dss_pe674.oe674 (.fardata:ti_sysbios_knl_Clock_Module__state__V)
                  00810898    00000028     uartsci.oe674 (.fardata:gUartSciFxnTable)
                  008108c0    00000024     dss_pe674.oe674 (.fardata:ti_sysbios_BIOS_Module__state__V)
                  008108e4    00000004     rts6740_elf.lib : errno.c.obj (.fardata)
                  008108e8    00000020     libsoc_xwr68xx.ae674 : soc_xwr68xx_dss.oe674 (.fardata:gSOCHwAttrib)
                  00810908    00000020     dss_pe674.oe674 (.fardata:xdc_runtime_Error_IgnoreBlock)
                  00810928    00000020     dss_pe674.oe674 (.fardata:xdc_runtime_System_Module_State_0_atexitHandlers__A)
                  00810948    0000001c     dss_pe674.oe674 (.fardata:ti_sysbios_knl_Swi_Module__state__V)
                  00810964    00000004     dss_pe674.oe674 (.fardata:ti_sysbios_family_c64p_Cache_Module__state__V)
                  00810968    00000018     uart_xwr68xx.oe674 (.fardata:UART_config)
                  00810980    00000018     dss_pe674.oe674 (.fardata:ti_sysbios_family_c64p_Hwi_Object__table__V)
                  00810998    00000018     dss_pe674.oe674 (.fardata:ti_sysbios_heaps_HeapMem_Object__table__V)
                  008109b0    00000018     dss_pe674.oe674 (.fardata:ti_sysbios_timers_rti_Timer_Module_State_0_device__A)
                  008109c8    00000010     dss_pe674.oe674 (.fardata:ti_sysbios_timers_rti_Timer_Module_State_0_intFreqs__A)
                  008109d8    00000010     dss_pe674.oe674 (.fardata:ti_sysbios_timers_rti_Timer_Module__state__V)
                  008109e8    0000000c     rts6740_elf.lib : exit.c.obj (.fardata)
                  008109f4    00000008     dss_pe674.oe674 (.fardata:ti_sysbios_family_c64p_Hwi_Module__root__V)
                  008109fc    00000008     dss_pe674.oe674 (.fardata:ti_sysbios_gates_GateHwi_Module__root__V)
                  00810a04    00000008     dss_pe674.oe674 (.fardata:ti_sysbios_gates_GateMutex_Module__root__V)
                  00810a0c    00000004     dss_pe674.oe674 (.fardata:ti_sysbios_heaps_HeapBuf_Module__state__V)
                  00810a10    00000008     dss_pe674.oe674 (.fardata:ti_sysbios_hal_Hwi_Object__table__V)
                  00810a18    00000008     dss_pe674.oe674 (.fardata:ti_sysbios_heaps_HeapMem_Module__root__V)
                  00810a20    00000008     dss_pe674.oe674 (.fardata:ti_sysbios_knl_Queue_Module__root__V)
                  00810a28    00000008     dss_pe674.oe674 (.fardata:ti_sysbios_knl_Semaphore_Module__root__V)
                  00810a30    00000008     dss_pe674.oe674 (.fardata:ti_sysbios_knl_Task_Module__root__V)
                  00810a38    00000008     dss_pe674.oe674 (.fardata:ti_sysbios_timers_rti_Timer_Module_State_0_handles__A)
                  00810a40    00000008     dss_pe674.oe674 (.fardata:xdc_runtime_Registry_Module__state__V)
                  00810a48    00000008     dss_pe674.oe674 (.fardata:xdc_runtime_Startup_Module__state__V)
                  00810a50    00000008     dss_pe674.oe674 (.fardata:xdc_runtime_System_Module__state__V)
                  00810a58    00000004     dss_pe674.oe674 (.fardata:ti_sysbios_gates_GateHwi_Object__table__V)
                  00810a5c    00000004     dss_pe674.oe674 (.fardata:xdc_runtime_Memory_Module__state__V)
                  00810a60    00000004     dss_pe674.oe674 (.fardata:ti_sysbios_knl_Task_Module_State_0_idleTask__A)
                  00810a64    00000002     dss_pe674.oe674 (.fardata:xdc_runtime_Error_Module__state__V)

.switch    0    00810b88    00000094     
                  00810b88    00000038     rts6740_elf.lib : _printfi.c.obj (.switch:__TI_printfi)
                  00810bc0    0000001c     libsoc_xwr68xx.ae674 : soc_xwr68xx.oe674 (.switch:SOC_ungateClock)
                  00810bdc    00000010                          : soc_xwr68xx_dss.oe674 (.switch:SOC_getInAddr_LUTType)
                  00810bec    00000010                          : soc_xwr68xx_dss.oe674 (.switch:SOC_getOutAddr_LUTType)
                  00810bfc    00000010     uart_test.oe674 (.switch:Test_profileTransmit)
[...]
0080dc90  xdc_runtime_Startup_sfxnRts__A                               
0080dca6  ti_sysbios_family_c64p_Exception_Module__id__C               
0080dce4  ti_sysbios_family_c64p_Cache_EMIFA_LENGTH__C                 
0080dcf8  ti_sysbios_family_c64p_EventCombiner_EVTMASK__C              
0080dd08  ti_sysbios_knl_Idle_funcList__C                              
0080dd10  xdc_runtime_Startup_firstFxns__A                             
0080dd18  xdc_runtime_Startup_firstFxns__C                             
0080dd20  xdc_runtime_Startup_lastFxns__C                              
0080dd28  ti_sysbios_family_c64p_Cache_EMIFB_BASE__C                   
0080dd2c  ti_sysbios_family_c64p_Cache_EMIFB_CFG__C                    
0080dd30  ti_sysbios_family_c64p_Cache_EMIFB_LENGTH__C                 
0080dd34  ti_sysbios_family_c64p_Cache_EMIFC_BASE__C                   
0080dd38  ti_sysbios_family_c64p_Cache_EMIFC_CFG__C                    
0080dd3c  ti_sysbios_family_c64p_Cache_EMIFC_LENGTH__C                 
0080dd40  ti_sysbios_family_c64p_Cache_E_invalidL1CacheSize__C         
0080dd44  ti_sysbios_family_c64p_Cache_E_invalidL2CacheSize__C         
0080dd48  ti_sysbios_family_c64p_Cache_MAR0_31__C                      
0080dd4c  ti_sysbios_family_c64p_Cache_MAR128_159__C                   
0080dd50  ti_sysbios_family_c64p_Cache_MAR160_191__C                   
0080dd54  ti_sysbios_family_c64p_Cache_MAR192_223__C                   
0080dd58  ti_sysbios_family_c64p_Cache_MAR224_255__C                   
0080dd5c  ti_sysbios_family_c64p_Cache_MAR32_63__C                     
0080dd60  ti_sysbios_family_c64p_Cache_MAR64_95__C                     
0080dd64  ti_sysbios_family_c64p_Cache_MAR96_127__C                    
0080dd68  ti_sysbios_family_c64p_Cache_Module__diagsEnabled__C         
0080dd6c  ti_sysbios_family_c64p_Cache_Module__diagsIncluded__C        
0080dd70  ti_sysbios_family_c64p_Cache_Module__diagsMask__C            
0080dd74  ti_sysbios_family_c64p_EventCombiner_A_invalidEventId__C     
0080dd78  ti_sysbios_family_c64p_EventCombiner_EVTRegs__C              
0080dd7c  ti_sysbios_family_c64p_EventCombiner_E_unpluggedEvent__C     
0080dd80  ti_sysbios_family_c64p_EventCombiner_Module__diagsEnabled__C 
0080dd84  ti_sysbios_family_c64p_EventCombiner_Module__diagsIncluded__C
0080dd88  ti_sysbios_family_c64p_EventCombiner_Module__diagsMask__C    
0080dd8c  ti_sysbios_family_c64p_Exception_E_exceptionMax__C           
0080dd90  ti_sysbios_family_c64p_Exception_exceptionHook__C            
0080dd94  ti_sysbios_family_c64p_Exception_externalHook__C             
0080dd98  ti_sysbios_family_c64p_Exception_internalHook__C             
0080dd9c  ti_sysbios_family_c64p_Exception_nmiHook__C                  
0080dda0  ti_sysbios_family_c64p_Hwi_E_alreadyDefined__C               
0080dda4  ti_sysbios_family_c64p_Hwi_E_handleNotFound__C               
0080dda8  ti_sysbios_family_c64p_Hwi_E_invalidIntNum__C                
0080ddac  ti_sysbios_family_c64p_Hwi_INTRMUX1Address__C                
0080ddb0  ti_sysbios_family_c64p_Hwi_LD_end__C                         
0080ddb4  ti_sysbios_family_c64p_Hwi_LM_begin__C                       
0080ddb8  ti_sysbios_family_c64p_Hwi_Module__diagsEnabled__C           
0080ddbc  ti_sysbios_family_c64p_Hwi_Module__diagsIncluded__C          
0080ddc0  ti_sysbios_family_c64p_Hwi_Module__diagsMask__C              
0080ddc4  ti_sysbios_family_c64p_Hwi_Module__loggerFxn1__C             
0080ddc8  ti_sysbios_family_c64p_Hwi_Module__loggerFxn8__C             
0080ddcc  ti_sysbios_family_c64p_Hwi_Module__loggerObj__C              
0080ddd0  ti_sysbios_gates_GateMutex_A_badContext__C                   
0080ddd4  ti_sysbios_gates_GateMutex_Instance_State_sem__O             
0080ddd8  ti_sysbios_gates_GateMutex_Module__diagsEnabled__C           
0080dddc  ti_sysbios_gates_GateMutex_Module__diagsIncluded__C          
0080dde0  ti_sysbios_gates_GateMutex_Module__diagsMask__C              
0080dde4  ti_sysbios_hal_Hwi_E_stackOverflow__C                        
0080dde8  ti_sysbios_heaps_HeapBuf_Instance_State_freeList__O          
0080ddec  ti_sysbios_heaps_HeapBuf_Object__count__C                    
0080ddf0  ti_sysbios_heaps_HeapBuf_numConstructedHeaps__C              
0080ddf4  ti_sysbios_heaps_HeapMem_A_align__C                          
0080ddf8  ti_sysbios_heaps_HeapMem_A_heapSize__C                       
0080ddfc  ti_sysbios_heaps_HeapMem_A_invalidFree__C                    
0080de00  ti_sysbios_heaps_HeapMem_A_zeroBlock__C                      
0080de04  ti_sysbios_heaps_HeapMem_E_memory__C                         
0080de08  ti_sysbios_heaps_HeapMem_Module__diagsEnabled__C             
0080de0c  ti_sysbios_heaps_HeapMem_Module__diagsIncluded__C            
0080de10  ti_sysbios_heaps_HeapMem_Module__diagsMask__C                
0080de14  ti_sysbios_heaps_HeapMem_Module__gateObj__C                  
0080de18  ti_sysbios_heaps_HeapMem_Object__count__C                    
0080de1c  ti_sysbios_heaps_HeapMem_reqAlign__C                         
0080de20  ti_sysbios_knl_Clock_LM_begin__C                             
0080de24  ti_sysbios_knl_Clock_LM_tick__C                              
0080de28  ti_sysbios_knl_Clock_LW_delayed__C                           
0080de2c  ti_sysbios_knl_Clock_Module_State_clockQ__O                  
0080de30  ti_sysbios_knl_Clock_Module__diagsEnabled__C                 
0080de34  ti_sysbios_knl_Clock_Module__diagsIncluded__C                
0080de38  ti_sysbios_knl_Clock_Module__diagsMask__C                    
0080de3c  ti_sysbios_knl_Clock_Module__loggerFxn1__C                   
0080de40  ti_sysbios_knl_Clock_Module__loggerFxn2__C                   
0080de44  ti_sysbios_knl_Clock_Module__loggerObj__C                    
0080de48  ti_sysbios_knl_Idle_funcList__A                              
0080de4c  ti_sysbios_knl_Semaphore_A_badContext__C                     
0080de50  ti_sysbios_knl_Semaphore_A_noEvents__C                       
0080de54  ti_sysbios_knl_Semaphore_A_overflow__C                       
0080de58  ti_sysbios_knl_Semaphore_A_pendTaskDisabled__C               
0080de5c  ti_sysbios_knl_Semaphore_Instance_State_pendQ__O             
0080de60  ti_sysbios_knl_Semaphore_LM_pend__C                          
0080de64  ti_sysbios_knl_Semaphore_LM_post__C                          
0080de68  ti_sysbios_knl_Semaphore_Module__diagsEnabled__C             
0080de6c  ti_sysbios_knl_Semaphore_Module__diagsIncluded__C            
0080de70  ti_sysbios_knl_Semaphore_Module__diagsMask__C                
0080de74  ti_sysbios_knl_Semaphore_Module__loggerFxn2__C               
0080de78  ti_sysbios_knl_Semaphore_Module__loggerFxn4__C               
0080de7c  ti_sysbios_knl_Semaphore_Module__loggerObj__C                
0080de80  ti_sysbios_knl_Swi_LD_end__C                                 
0080de84  ti_sysbios_knl_Swi_LM_begin__C                               
0080de88  ti_sysbios_knl_Swi_LM_post__C                                
0080de8c  ti_sysbios_knl_Swi_Module__diagsEnabled__C                   
0080de90  ti_sysbios_knl_Swi_Module__diagsIncluded__C                  
0080de94  ti_sysbios_knl_Swi_Module__diagsMask__C                      
0080de98  ti_sysbios_knl_Swi_Module__loggerFxn1__C                     
0080de9c  ti_sysbios_knl_Swi_Module__loggerFxn4__C                     
0080dea0  ti_sysbios_knl_Swi_Module__loggerObj__C                      
0080dea4  ti_sysbios_knl_Swi_Object__count__C                          
0080dea8  ti_sysbios_knl_Task_A_badPriority__C                         
0080deac  ti_sysbios_knl_Task_A_badTaskState__C                        
0080deb0  ti_sysbios_knl_Task_A_badThreadType__C                       
0080deb4  ti_sysbios_knl_Task_A_badTimeout__C                          
0080deb8  ti_sysbios_knl_Task_A_noPendElem__C                          
0080debc  ti_sysbios_knl_Task_A_sleepTaskDisabled__C                   
0080dec0  ti_sysbios_knl_Task_E_spOutOfBounds__C                       
0080dec4  ti_sysbios_knl_Task_E_stackOverflow__C                       
0080dec8  ti_sysbios_knl_Task_LD_block__C                              
0080decc  ti_sysbios_knl_Task_LD_exit__C                               
0080ded0  ti_sysbios_knl_Task_LD_ready__C                              
0080ded4  ti_sysbios_knl_Task_LM_sleep__C                              
0080ded8  ti_sysbios_knl_Task_LM_switch__C                             
0080dedc  ti_sysbios_knl_Task_Module_State_inactiveQ__O                
0080dee0  ti_sysbios_knl_Task_Module__diagsEnabled__C                  
0080dee4  ti_sysbios_knl_Task_Module__diagsIncluded__C                 
0080dee8  ti_sysbios_knl_Task_Module__diagsMask__C                     
0080deec  ti_sysbios_knl_Task_Module__loggerFxn2__C                    
0080def0  ti_sysbios_knl_Task_Module__loggerFxn4__C                    
0080def4  ti_sysbios_knl_Task_Module__loggerObj__C                     
0080def8  ti_sysbios_knl_Task_Object__count__C                         
0080defc  ti_sysbios_knl_Task_allBlockedFunc__C                        
0080df00  ti_sysbios_knl_Task_defaultStackHeap__C                      
0080df04  ti_sysbios_knl_Task_defaultStackSize__C                      
0080df08  ti_sysbios_knl_Task_numConstructedTasks__C                   
0080df0c  ti_sysbios_timers_rti_Timer_E_cannotSupport__C               
0080df10  ti_sysbios_timers_rti_Timer_Module__diagsEnabled__C          
0080df14  ti_sysbios_timers_rti_Timer_Module__diagsIncluded__C         
0080df18  ti_sysbios_timers_rti_Timer_Module__diagsMask__C             
0080df1c  ti_sysbios_timers_rti_Timer_numTimerDevices__C               
0080df20  ti_sysbios_timers_rti_Timer_startupNeeded__C                 
0080df24  xdc_runtime_Assert_E_assertFailed__C                         
0080df28  xdc_runtime_Core_A_initializedParams__C                      
0080df2c  xdc_runtime_Core_Module__diagsEnabled__C                     
0080df30  xdc_runtime_Core_Module__diagsIncluded__C                    
0080df34  xdc_runtime_Core_Module__diagsMask__C                        
0080df38  xdc_runtime_Error_E_memory__C                                
0080df3c  xdc_runtime_Error_Module__diagsEnabled__C                    
0080df40  xdc_runtime_Error_Module__diagsIncluded__C                   
0080df44  xdc_runtime_Error_Module__diagsMask__C                       
0080df48  xdc_runtime_Error_Module__loggerFxn8__C                      
0080df4c  xdc_runtime_Error_Module__loggerObj__C                       
0080df50  xdc_runtime_Error_policyFxn__C                               
0080df54  xdc_runtime_Error_policy__C                                  
0080df58  xdc_runtime_Error_raiseHook__C                               
0080df5c  xdc_runtime_IGateProvider_Interface__BASE__C                 
0080df60  xdc_runtime_IHeap_Interface__BASE__C                         
0080df64  xdc_runtime_IModule_Interface__BASE__C                       
0080df68  xdc_runtime_Log_L_error__C                                   
0080df6c  xdc_runtime_Memory_defaultHeapInstance__C                    
0080df70  xdc_runtime_Startup_execImpl__C                              
0080df74  xdc_runtime_Startup_maxPasses__C                             
0080df78  xdc_runtime_Startup_sfxnRts__C                               
0080df7c  xdc_runtime_Startup_sfxnTab__C                               
0080df80  xdc_runtime_System_Module__gateObj__C                        
0080df84  xdc_runtime_System_abortFxn__C                               
0080df88  xdc_runtime_System_exitFxn__C                                
0080df8c  xdc_runtime_System_extendFxn__C                              
0080df90  xdc_runtime_System_maxAtexitHandlers__C                      
0080df94  xdc_runtime_Text_charTab__C                                  
0080df98  xdc_runtime_Text_nameEmpty__C                                
0080df9c  xdc_runtime_Text_nameStatic__C                               
0080dfa0  xdc_runtime_Text_nameUnknown__C                              
0080dfa4  xdc_runtime_Text_nodeTab__C                                  
0080dfa8  xdc_runtime_Text_visitRopeFxn__C                             
0080dfac  ti_sysbios_family_c64p_Exception_useInternalBuffer__C        
0080dfae  ti_sysbios_family_c64p_Hwi_Module__id__C                     
0080dfb0  ti_sysbios_family_c64p_Hwi_Module__loggerDefined__C          
0080dfb2  ti_sysbios_gates_GateMutex_Module__id__C                     
0080dfb4  ti_sysbios_hal_Hwi_Module__id__C                             
0080dfb6  ti_sysbios_heaps_HeapMem_Module__id__C                       
0080dfb8  ti_sysbios_knl_Clock_Module__id__C                           
0080dfba  ti_sysbios_knl_Clock_Module__loggerDefined__C                
0080dfbc  ti_sysbios_knl_Semaphore_Module__id__C                       
0080dfbe  ti_sysbios_knl_Semaphore_Module__loggerDefined__C            
0080dfc0  ti_sysbios_knl_Swi_Module__id__C                             
0080dfc2  ti_sysbios_knl_Swi_Module__loggerDefined__C                  
0080dfc4  ti_sysbios_knl_Task_Module__id__C                            
0080dfc6  ti_sysbios_knl_Task_Module__loggerDefined__C                 
0080dfc8  ti_sysbios_timers_rti_Timer_Module__id__C                    
0080dfca  ti_sysbios_timers_rti_Timer_continueOnSuspend__C             
0080dfcc  xdc_runtime_Core_Module__id__C                               
0080dfce  xdc_runtime_Error_Module__loggerDefined__C                   
0080dfd0  xdc_runtime_Error_maxDepth__C                                
0080dfd2  xdc_runtime_Main_Module__id__C                               
0080dfd4  xdc_runtime_Memory_Module__id__C                             
0080dfd6  xdc_runtime_Text_charCnt__C                                  
0080dfd8  xdc_runtime_Text_isLoaded__C                                 
0080dfda  xdc_runtime_Text_registryModsLastId__C                       
0080dfdc  xdc_runtime_Text_unnamedModsLastId__C                        
0080dfe0  _stack                                                       
0080efe0  __TI_STACK_END                                               
0080efe0  ti_sysbios_knl_Task_Instance_State_0_stack__A                
0080fcb8  __TI_tmpnams                                                 
0080fdf8  edmaDbg                                                      
0080fe08  parmbuf                                                      
0080fe10  ti_sysbios_family_c64p_EventCombiner_Module__state__V        
00810210  _ftable                                                      
008103f0  _stream                                                      
00810490  ti_sysbios_knl_Swi_Module_State_0_readyQ__A                  
00810510  ti_sysbios_knl_Task_Module_State_0_readyQ__A                 
00810590  _device                                                      
00810608  ti_sysbios_family_c64p_Hwi_Module__state__V                  
00810674  _lock                                                        
00810678  ti_sysbios_knl_Task_Object__table__V                         
008106d4  ti_sysbios_knl_Task_Module__state__V                         
0081071c  _unlock                                                      
00810720  SOC_TranslateAddr_LUT                                        
00810760  ti_sysbios_gates_GateMutex_Object__table__V                  
008107a0  ti_sysbios_timers_rti_Timer_Object__table__V                 
008107dc  ti_sysbios_family_c64p_Exception_Module__state__V            
0081080c  __TI_ft_end                                                  
00810810  ti_sysbios_knl_Swi_Object__table__V                          
00810840  gUartSciHwCfg                                                
0081086c  ti_sysbios_knl_Clock_Module__state__V                        
00810898  gUartSciFxnTable                                             
008108c0  ti_sysbios_BIOS_Module__state__V                             
008108e4  __errno                                                      
008108e4  errno                                                        
008108e8  gSOCHwAttrib                                                 
00810908  xdc_runtime_Error_IgnoreBlock                                
00810928  xdc_runtime_System_Module_State_0_atexitHandlers__A          
00810948  ti_sysbios_knl_Swi_Module__state__V                          
00810964  ti_sysbios_family_c64p_Cache_Module__state__V                
00810968  UART_config                                                  
00810980  ti_sysbios_family_c64p_Hwi_Object__table__V                  
00810998  ti_sysbios_heaps_HeapMem_Object__table__V                    
008109b0  ti_sysbios_timers_rti_Timer_Module_State_0_device__A         
008109c8  ti_sysbios_timers_rti_Timer_Module_State_0_intFreqs__A       
008109d8  ti_sysbios_timers_rti_Timer_Module__state__V                 
008109e8  __TI_cleanup_ptr                                             
008109ec  __TI_dtors_ptr                                               
008109f0  __TI_enable_exit_profile_output                              
008109f4  ti_sysbios_family_c64p_Hwi_Module__root__V                   
008109fc  ti_sysbios_gates_GateHwi_Module__root__V                     
00810a04  ti_sysbios_gates_GateMutex_Module__root__V                   
00810a0c  ti_sysbios_heaps_HeapBuf_Module__state__V                    
00810a10  ti_sysbios_hal_Hwi_Object__table__V                          
00810a18  ti_sysbios_heaps_HeapMem_Module__root__V                     
00810a20  ti_sysbios_knl_Queue_Module__root__V                         
00810a28  ti_sysbios_knl_Semaphore_Module__root__V                     
00810a30  ti_sysbios_knl_Task_Module__root__V                          
00810a38  ti_sysbios_timers_rti_Timer_Module_State_0_handles__A        
00810a40  xdc_runtime_Registry_Module__state__V                        
00810a48  xdc_runtime_Startup_Module__state__V                         
00810a50  xdc_runtime_System_Module__state__V                          
00810a58  ti_sysbios_gates_GateHwi_Object__table__V                    
00810a5c  xdc_runtime_Memory_Module__state__V                          
00810a60  ti_sysbios_knl_Task_Module_State_0_idleTask__A               
00810a64  xdc_runtime_Error_Module__state__V                           
00810a68  __CIOBUF_                                                    
00810c1c  __TI_STATIC_BASE                                             
00810c1c  gBenchmarkStart                                              
00810c20  gEDMAHandle                                                  
00810c24  MCPI_Result                                                  
00810c28  MCPI_FailSignature                                           
00810c30  gCPUClockFrequency                                           
00810c34  gMCPILogMessageSize                                          
00810c3c  regionId                                                     
ffffffff  __TI_pprof_out_hndl                                          
ffffffff  __TI_prof_data_size                                          
ffffffff  __TI_prof_data_start                                         
ffffffff  __binit__                                                    
ffffffff  __c_args__                                                   
ffffffff  binit                                                        
UNDEFED   __TI_CINIT_Base                                              
UNDEFED   __TI_CINIT_Limit                                             
UNDEFED   __TI_Handler_Table_Base                                      
UNDEFED   __TI_Handler_Table_Limit                                     
UNDEFED   __TI_INITARRAY_Base                                          
UNDEFED   __TI_INITARRAY_Limit                                         
UNDEFED   __TI_TLS_INIT_Base                                           
UNDEFED   __TI_TLS_INIT_Limit                                          

[752 symbols]
