******************************************************************************
                  TI ARM Linker PC v16.9.6                     
******************************************************************************
>> Linked Wed Feb 04 09:51:52 2026

OUTPUT FILE NAME:   <sys/xwr68xx_sys_mss.xer4f>
ENTRY POINT SYMBOL: "_c_int00"  address: 00007e48


MEMORY CONFIGURATION

         name            origin    length      used     unused   attr    fill
----------------------  --------  ---------  --------  --------  ----  --------
PAGE 0:
  VECTORS               00000000   00000100  0000003c  000000c4     X
  PROG_RAM              00000100   0007ff00  0000d0a4  00072e5c  R  X
  DATA_RAM              08000000   00030000  0000e1a4  00021e5c  RW  
  L3_RAM                51000000   000c0000  00000000  000c0000  RW  
  HWA_RAM               52030000   00010000  00000000  00010000  RW  
  HS_RAM                52080000   00008000  00000000  00008000  RW  

PAGE 1:
  L3_RAM                51000000   000c0000  00000000  000c0000  RW  


SEGMENT ALLOCATION MAP

run origin  load origin   length   init length attrs members
----------  ----------- ---------- ----------- ----- -------
00000000    00000000    0000003c   0000003c    r--
  00000000    00000000    0000003c   0000003c    r-- .vecs
00000100    00000100    0000d0a8   0000d0a8    r-x
  00000100    00000100    0000a912   0000a912    r-x .text
  0000aa14    0000aa14    0000244a   0000244a    r-- .const
  0000ce60    0000ce60    00000348   00000348    r-- .cinit
08000000    08000000    0000e1a8   00000000    rw-
  08000000    08000000    00008000   00000000    rw- systemHeap
  08008000    08008000    00002400   00000000    rw- .MCPILogBuffer
  0800a400    0800a400    00001bec   00000000    rw- .bss
  0800bfec    0800bfec    00001000   00000000    rw- .stack
  0800cff0    0800cff0    000009b8   00000000    rw- .data
  0800d9a8    0800d9a8    00000800   00000000    rw- .myFiqStack


SECTION ALLOCATION MAP

 output                                  attributes/
section   page    origin      length       input sections
--------  ----  ----------  ----------   ----------------
.vecs      0    00000000    0000003c     
                  00000000    0000003c     mss_per4ft.oer4ft (.vecs)

.text      0    00000100    0000a912     
                  00000100    0000107a     rtsv7R4_T_le_v3D16_eabi.lib : _printfi.obj (.text)
                  0000117a    00000006     libosal_xwr68xx.aer4f : HwiP_tirtos.oer4f (.text:HwiP_restore)
                  00001180    000004e1     sysbios.aer4ft : BIOS.obj (.text:xdc_runtime_System_doPrint__I)
                  00001661    00000001     --HOLE-- [fill = 0]
                  00001662    00000002     libdma_xwr68xx.aer4f : dma.oer4f (.text:DMA_init)
                  00001664    00000314     libsoc_xwr68xx.aer4f : soc_xwr68xx_mss.oer4f (.text:SOC_deviceInit)
                  00001978    00000008     libosal_xwr68xx.aer4f : HwiP_tirtos.oer4f (.text:HwiP_disable)
                  00001980    00000310     sysbios.aer4ft : BIOS.obj (.text:ti_sysbios_knl_Semaphore_pend__E)
                  00001c90    000002b8     rtsv7R4_T_le_v3D16_eabi.lib : ull_div32.obj (.text)
                  00001f48    000002b0     libdma_xwr68xx.aer4f : dma.oer4f (.text:DMA_open)
                  000021f8    00000008     libosal_xwr68xx.aer4f : SemaphoreP_tirtos.oer4f (.text:SemaphoreP_Params_init)
                  00002200    000002a4     sysbios.aer4ft : BIOS.obj (.text:ti_sysbios_heaps_HeapMem_freeUnprotected__E)
                  000024a4    0000000c     UART.oer4f (.text:UART_Params_init)
                  000024b0    00000280     sysbios.aer4ft : BIOS.obj (.text:ti_sysbios_family_arm_exc_Exception_excDumpContext__I)
                  00002730    00000268                    : BIOS.obj (.text:ti_sysbios_knl_Task_Instance_finalize__E)
                  00002998    00000004     libosal_xwr68xx.aer4f : HwiP_tirtos.oer4f (.text:HwiP_disableInterrupt)
                  0000299c    00000004     mss_per4ft.oer4ft (.text:ti_sysbios_BIOS_RtsGateProxy_enter__E)
                  000029a0    00000228     sysbios.aer4ft : BIOS.obj (.text:ti_sysbios_heaps_HeapMem_allocUnprotected__E)
                  00002bc8    00000004     mss_per4ft.oer4ft (.text:ti_sysbios_BIOS_RtsGateProxy_leave__E)
                  00002bcc    00000004     mss_per4ft.oer4ft (.text:ti_sysbios_family_arm_TaskSupport_Module__startupDone__S)
                  00002bd0    00000220     sysbios.aer4ft : BIOS.obj (.text:ti_sysbios_knl_Task_sleep__E)
                  00002df0    00000214     uartsci.oer4f (.text:UartSci_open)
                  00003004    000001f0     libdma_xwr68xx.aer4f : dma.oer4f (.text:DMA_setChannelParams)
                  000031f4    0000000c     uartsci_dma.oer4f (.text:UartSci_isDMAEnabled)
                  00003200    000001e4     sysbios.aer4ft : BIOS.obj (.text:ti_sysbios_family_arm_v7r_vim_Hwi_dispatchIRQC__I)
                  000033e4    0000000c                    : arm_IntrinsicsSupport_asm.obj (.text:_ti_sysbios_family_arm_IntrinsicsSupport_maxbitA)
                  000033f0    000001dc                    : BIOS.obj (.text:ti_sysbios_knl_Task_Module_startup__E)
                  000035cc    000001c8     rtsv7R4_T_le_v3D16_eabi.lib : fopen.obj (.text)
                  00003794    0000000c                                 : copy_zero_init.obj (.text:decompress:ZI)
                  000037a0    000001c8     sysbios.aer4ft : BIOS.obj (.text:ti_sysbios_knl_Task_Instance_init__E)
                  00003968    00000004     mss_per4ft.oer4ft (.text:ti_sysbios_family_arm_v7r_vim_Hwi_delete)
                  0000396c    00000004     mss_per4ft.oer4ft (.text:ti_sysbios_heaps_HeapMem_Module_GateProxy_enter__E)
                  00003970    0000019c     sysbios.aer4ft : BIOS.obj (.text:xdc_runtime_Error_policyDefault__E)
                  00003b0c    00000190     main_mss.oer4f (.text:Test_initTask)
                  00003c9c    00000004     mss_per4ft.oer4ft (.text:ti_sysbios_heaps_HeapMem_Module_GateProxy_leave__E)
                  00003ca0    00000184     sysbios.aer4ft : BIOS.obj (.text:ti_sysbios_timers_rti_Timer_Module_startup__E)
                  00003e24    0000000c     mss_per4ft.oer4ft (.text:ti_sysbios_knl_Queue_Object__get__S)
                  00003e30    0000017c     sysbios.aer4ft : BIOS.obj (.text:ti_sysbios_family_arm_exc_Exception_excHandler__I)
                  00003fac    00000004     mss_per4ft.oer4ft (.text:ti_sysbios_knl_Clock_TimerProxy_getMaxTicks__E)
                  00003fb0    0000017c     sysbios.aer4ft : BIOS.obj (.text:ti_sysbios_knl_Semaphore_post__E)
                  0000412c    00000170     libcli_xwr68xx.aer4f : cli.oer4f (.text:CLI_task)
                  0000429c    00000164     main_mss.oer4f (.text:main)
                  00004400    00000160     sysbios.aer4ft : BIOS.obj (.text:ti_sysbios_family_arm_v7r_vim_Hwi_reconfig__E)
                  00004560    0000015c     lib_zeta.oer4f (.text:zeta_open_cli_handle)
                  000046bc    0000014a     uartsci.oer4f (.text:UartSci_ISR)
                  00004806    0000000a     libosal_xwr68xx.aer4f : MemoryP_tirtos.oer4f (.text:MemoryP_ctrlFree)
                  00004810    00000140     sysbios.aer4ft : BIOS.obj (.text:ti_sysbios_heaps_HeapMem_Instance_init__E)
                  00004950    00000140                    : BIOS.obj (.text:xdc_runtime_Core_createObject__I)
                  00004a90    0000013c                    : BIOS.obj (.text:ti_sysbios_knl_Clock_workFunc__E)
                  00004bcc    00000138     rtsv7R4_T_le_v3D16_eabi.lib : fputs.obj (.text)
                  00004d04    0000000c     lib_zeta.oer4f (.text:zeta_close_uart_handle)
                  00004d10    00000134     sysbios.aer4ft : BIOS.obj (.text:xdc_runtime_Startup_startMods__I)
                  00004e44    0000000a     libosal_xwr68xx.aer4f : SemaphoreP_tirtos.oer4f (.text:SemaphoreP_post)
                  00004e4e    00000002     uartsci.oer4f (.text:UartSci_init)
                  00004e50    00000118     sysbios.aer4ft : BIOS.obj (.text:ti_sysbios_family_arm_v7r_vim_Hwi_Instance_init__E)
                  00004f68    00000004     mss_per4ft.oer4ft (.text:ti_sysbios_knl_Semaphore_delete)
                  00004f6c    00000004     mss_per4ft.oer4ft (.text:xdc_runtime_System_Module_GateProxy_enter__E)
                  00004f70    00000118     sysbios.aer4ft : BIOS.obj (.text:ti_sysbios_knl_Swi_run__I)
                  00005088    00000004     mss_per4ft.oer4ft (.text:xdc_runtime_System_Module_GateProxy_leave__E)
                  0000508c    00000002     rtsv7R4_T_le_v3D16_eabi.lib : i_div0.obj (.text)
                  0000508e    00000002     mss_per4ft.oer4ft (.text:ti_sysbios_BIOS_nullFunc__I)
                  00005090    0000010c     sysbios.aer4ft : BIOS.obj (.text:xdc_runtime_Core_constructObject__I)
                  0000519c    00000108     libdma_xwr68xx.aer4f : dma.oer4f (.text:DMA_disableInterrupt)
                  000052a4    0000000a     UART.oer4f (.text:UART_close)
                  000052ae    00000002     mss_per4ft.oer4ft (.text:xdc_runtime_Startup_reset__I)
                  000052b0    00000104     sysbios.aer4ft : BIOS.obj (.text:ti_sysbios_timers_rti_Timer_getFreq__E)
                  000053b4    00000100     libdma_xwr68xx.aer4f : dma.oer4f (.text:DMA_clearChannelInterruptFlag)
                  000054b4    000000f8     mss_per4ft.oer4ft (.text:xdc_runtime_System_printfExtend__I)
                  000055ac    00000004     --HOLE-- [fill = 0]
                  000055b0    000000f0     sysbios.aer4ft : BIOS.obj (.text:ti_sysbios_family_arm_v7r_vim_Hwi_Module_startup__E)
                  000056a0    000000ec     rtsv7R4_T_le_v3D16_eabi.lib : s_scalbn.obj (.text)
                  0000578c    00000004     --HOLE-- [fill = 0]
                  00005790    000000ec     sysbios.aer4ft : BIOS.obj (.text:ti_sysbios_heaps_HeapBuf_Module_startup__E)
                  0000587c    000000e0     libdma_xwr68xx.aer4f : dma.oer4f (.text:DMA_enableInterrupt)
                  0000595c    000000dc     uart_echo.oer4f (.text:Test_echo)
                  00005a38    000000dc     rtsv7R4_T_le_v3D16_eabi.lib : setvbuf.obj (.text)
                  00005b14    0000000a     UART.oer4f (.text:UART_read)
                  00005b1e    00000002     --HOLE-- [fill = 0]
                  00005b20    000000d4     sysbios.aer4ft : BIOS.obj (.text:ti_sysbios_knl_Task_exit__E)
                  00005bf4    0000000a     UART.oer4f (.text:UART_write)
                  00005bfe    00000002     --HOLE-- [fill = 0]
                  00005c00    000000d4     sysbios.aer4ft : BIOS.obj (.text:ti_sysbios_knl_Task_schedule__I)
                  00005cd4    000000d2     lib_zeta.oer4f (.text:ZetaDemo_Test)
                  00005da6    00000002     --HOLE-- [fill = 0]
                  00005da8    000000d0     libcli_xwr68xx.aer4f : cli.oer4f (.text:CLI_open)
                  00005e78    000000d0     sysbios.aer4ft : exc_Exception_asm.obj (.text:ti_sysbios_family_arm_exc_Exception_excHandlerAsm__I)
                  00005f48    000000cc     rtsv7R4_T_le_v3D16_eabi.lib : fflush.obj (.text)
                  00006014    0000000a     UART.oer4f (.text:UART_writePolling)
                  0000601e    00000002     --HOLE-- [fill = 0]
                  00006020    000000cc     sysbios.aer4ft : BIOS.obj (.text:ti_sysbios_knl_Task_checkStacks__E)
                  000060ec    000000c8     libsoc_xwr68xx.aer4f : soc_xwr68xx.oer4f (.text:SOC_ungateClock)
                  000061b4    0000000a     sysbios.aer4ft : tms570_Core_asm.obj (.text:ti_sysbios_family_arm_v7r_tms570_Core_getId__E)
                  000061be    00000002     --HOLE-- [fill = 0]
                  000061c0    000000c8                    : BIOS.obj (.text:ti_sysbios_knl_Task_postInit__I)
                  00006288    00000008     --HOLE-- [fill = 0]
                  00006290    000000c0                    : BIOS.obj (.text:ti_sysbios_timers_rti_Timer_startup__E)
                  00006350    000000bc     rtsv7R4_T_le_v3D16_eabi.lib : open.obj (.text)
                  0000640c    000000b8     libdma_xwr68xx.aer4f : dma.oer4f (.text:DMA_getChannelInterruptFlag)
                  000064c4    000000b6     libsoc_xwr68xx.aer4f : soc_mpu.o (.text)
                  0000657a    00000002     --HOLE-- [fill = 0]
                  0000657c    000000b4     libcli_xwr68xx.aer4f : cli.oer4f (.text:CLI_help)
                  00006630    000000b4     sysbios.aer4ft : BIOS.obj (.text:ti_sysbios_gates_GateMutex_enter__E)
                  000066e4    0000000a     mss_per4ft.oer4ft (.text:xdc_runtime_IHeap_alloc)
                  000066ee    00000002     --HOLE-- [fill = 0]
                  000066f0    000000b4     sysbios.aer4ft : BIOS.obj (.text:ti_sysbios_knl_Task_startCore__E)
                  000067a4    000000b2     uartsci_dma.oer4f (.text:UartSci_openDMA)
                  00006856    0000000a     mss_per4ft.oer4ft (.text:xdc_runtime_IHeap_free)
                  00006860    000000b0     sysbios.aer4ft : BIOS.obj (.text:xdc_runtime_Text_putMod__E)
                  00006910    000000ae     rtsv7R4_T_le_v3D16_eabi.lib : _io_perm.obj (.text)
                  000069be    00000002     --HOLE-- [fill = 0]
                  000069c0    000000ac     libesm_xwr68xx.aer4f : esm.oer4f (.text:ESM_processInterrupt)
                  00006a6c    000000a8     libpinmux_xwr68xx.aer4f : pinmux.oer4f (.text:Pinmux_Set_OverrideCtrl)
                  00006b14    0000000c     --HOLE-- [fill = 0]
                  00006b20    000000a8     sysbios.aer4ft : BIOS.obj (.text:ti_sysbios_knl_Swi_post__E)
                  00006bc8    000000a4     libdma_xwr68xx.aer4f : dma.oer4f (.text:DMA_assignChannel)
                  00006c6c    000000a4     libesm_xwr68xx.aer4f : esm.oer4f (.text:ESM_init)
                  00006d10    000000a4     libsoc_xwr68xx.aer4f : soc_xwr68xx_mss.oer4f (.text:SOC_unhaltDSS)
                  00006db4    0000000c     --HOLE-- [fill = 0]
                  00006dc0    000000a2     sysbios.aer4ft : BIOS.obj (.text:xdc_runtime_Text_putSite__E)
                  00006e62    00000002     --HOLE-- [fill = 0]
                  00006e64    000000a0     auto_init.aer4ft : auto_init.oer4ft (.text)
                  00006f04    0000000c     --HOLE-- [fill = 0]
                  00006f10    000000a0     sysbios.aer4ft : BIOS.obj (.text:ti_sysbios_knl_Task_blockI__E)
                  00006fb0    0000009c     uartsci.oer4f (.text:UartSci_write)
                  0000704c    0000009c     rtsv7R4_T_le_v3D16_eabi.lib : memcpy_t2.obj (.text)
                  000070e8    00000008     --HOLE-- [fill = 0]
                  000070f0    0000009c     sysbios.aer4ft : BIOS.obj (.text:ti_sysbios_family_arm_v7r_vim_Hwi_initIntController__I)
                  0000718c    00000004     --HOLE-- [fill = 0]
                  00007190    0000009c                    : BIOS.obj (.text:ti_sysbios_family_arm_v7r_vim_Hwi_mapChannel__I)
                  0000722c    00000004     --HOLE-- [fill = 0]
                  00007230    0000009c                    : BIOS.obj (.text:ti_sysbios_knl_Semaphore_Instance_init__E)
                  000072cc    00000098     rtsv7R4_T_le_v3D16_eabi.lib : fclose.obj (.text)
                  00007364    00000098                                 : fputc.obj (.text)
                  000073fc    00000098     sysbios.aer4ft : vim_Hwi_asm_switch.obj (.text)
                  00007494    00000096     uartsci.oer4f (.text:UartSci_readChar)
                  0000752a    00000002     --HOLE-- [fill = 0]
                  0000752c    00000094     sysbios.aer4ft : vim_Hwi_asm.obj (.text:ti_sysbios_family_arm_v7r_vim_Hwi_dispatchIRQ__I)
                  000075c0    00000090     uartsci_dma.oer4f (.text:UartSci_initiateTxDMA)
                  00007650    00000090     uartsci.oer4f (.text:UartSci_read)
                  000076e0    00000090     sysbios.aer4ft : BIOS.obj (.text:ti_sysbios_knl_Task_unblockI__E)
                  00007770    0000008c     libdma_xwr68xx.aer4f : dma.oer4f (.text:DMA_deleteInstance)
                  000077fc    0000008c     libsoc_xwr68xx.aer4f : soc.oer4f (.text:SOC_init)
                  00007888    0000008c     uartsci_dma.oer4f (.text:UartSci_initiateRxDMA)
                  00007914    0000000c     --HOLE-- [fill = 0]
                  00007920    0000008c     sysbios.aer4ft : BIOS.obj (.text:ti_sysbios_family_arm_v7r_vim_Hwi_Instance_finalize__E)
                  000079ac    00000004     --HOLE-- [fill = 0]
                  000079b0    0000008c                    : BIOS.obj (.text:xdc_runtime_Memory_alloc__E)
                  00007a3c    00000088     rtsv7R4_T_le_v3D16_eabi.lib : vsnprintf.obj (.text)
                  00007ac4    00000080     uartsci.oer4f (.text:UartSci_writePolling)
                  00007b44    0000000c     --HOLE-- [fill = 0]
                  00007b50    00000080     sysbios.aer4ft : BIOS.obj (.text:ti_sysbios_timers_rti_Timer_initDevice__I)
                  00007bd0    0000007e     libosal_xwr68xx.aer4f : HwiP_tirtos.oer4f (.text:HwiP_create)
                  00007c4e    00000002     --HOLE-- [fill = 0]
                  00007c50    0000007c     uartsci.oer4f (.text:UartSci_readPolling)
                  00007ccc    0000007c     sysbios.aer4ft : arm_TaskSupport_asm.obj (.text:_ti_sysbios_family_arm_TaskSupport_buildTaskStack)
                  00007d48    00000008     --HOLE-- [fill = 0]
                  00007d50    0000007c                    : BIOS.obj (.text:xdc_runtime_Core_deleteObject__I)
                  00007dcc    0000007a     rtsv7R4_T_le_v3D16_eabi.lib : memset_t2.obj (.text)
                  00007e46    00000002     --HOLE-- [fill = 0]
                  00007e48    00000074     boot.aer4ft : boot.oer4ft (.text)
                  00007ebc    00000074     rtsv7R4_T_le_v3D16_eabi.lib : getdevice.obj (.text)
                  00007f30    00000074                                 : s_frexp.obj (.text)
                  00007fa4    00000070                                 : printf.obj (.text)
                  00008014    0000000c     --HOLE-- [fill = 0]
                  00008020    00000070     sysbios.aer4ft : BIOS.obj (.text:xdc_runtime_Error_print__E)
                  00008090    00000070                    : BIOS.obj (.text:xdc_runtime_Text_visitRope2__I)
                  00008100    0000006e     libdma_xwr68xx.aer4f : dma.oer4f (.text:DMA_btcISR)
                  0000816e    00000002     --HOLE-- [fill = 0]
                  00008170    0000006c                          : dma.oer4f (.text:DMA_disableChannel)
                  000081dc    0000006c                          : dma.oer4f (.text:DMA_enableChannel)
                  00008248    0000006c     libpinmux_xwr68xx.aer4f : pinmux.oer4f (.text:Pinmux_Set_FuncSel)
                  000082b4    0000006c     rtsv7R4_T_le_v3D16_eabi.lib : copy_decompress_lzss.obj (.text:decompress:lzss)
                  00008320    0000006c                                 : trgmsg.obj (.text)
                  0000838c    0000006a     libdma_xwr68xx.aer4f : dma.oer4f (.text:DMA_berISR)
                  000083f6    00000002     --HOLE-- [fill = 0]
                  000083f8    0000006a                          : dma.oer4f (.text:DMA_ftcISR)
                  00008462    00000002     --HOLE-- [fill = 0]
                  00008464    0000006a                          : dma.oer4f (.text:DMA_hbcISR)
                  000084ce    00000002     --HOLE-- [fill = 0]
                  000084d0    0000006a                          : dma.oer4f (.text:DMA_lfsISR)
                  0000853a    0000006a     uartsci.oer4f (.text:UartSci_control)
                  000085a4    00000068     rtsv7R4_T_le_v3D16_eabi.lib : hostlseek.obj (.text)
                  0000860c    00000068                                 : hostrename.obj (.text)
                  00008674    0000000c     --HOLE-- [fill = 0]
                  00008680    00000068     sysbios.aer4ft : BIOS.obj (.text:ti_sysbios_knl_Swi_schedule__I)
                  000086e8    00000064     libosal_xwr68xx.aer4f : SemaphoreP_tirtos.oer4f (.text:SemaphoreP_create)
                  0000874c    00000064     rtsv7R4_T_le_v3D16_eabi.lib : fseek.obj (.text)
                  000087b0    00000064                                 : sprintf.obj (.text)
                  00008814    00000064     sysbios.aer4ft : exc_Exception_asm.obj (.text:ti_sysbios_family_arm_exc_Exception_initCore0__I)
                  00008878    00000008     --HOLE-- [fill = 0]
                  00008880    00000064                    : BIOS.obj (.text:ti_sysbios_family_arm_v7r_vim_Hwi_phantomIntHandler__I)
                  000088e4    0000000c     --HOLE-- [fill = 0]
                  000088f0    00000064                    : BIOS.obj (.text:ti_sysbios_knl_Clock_logTick__E)
                  00008954    0000000c     --HOLE-- [fill = 0]
                  00008960    00000064                    : BIOS.obj (.text:xdc_runtime_Startup_exec__E)
                  000089c4    0000000c     --HOLE-- [fill = 0]
                  000089d0    00000060                    : BIOS.obj (.text:ti_sysbios_heaps_HeapMem_alloc__E)
                  00008a30    00000060                    : BIOS.obj (.text:xdc_runtime_Assert_raise__I)
                  00008a90    0000005f                    : BIOS.obj (.text:xdc_runtime_Text_putLab__E)
                  00008aef    00000001     --HOLE-- [fill = 0]
                  00008af0    0000005e     uartsci.oer4f (.text:UartSci_writeChar)
                  00008b4e    00000002     --HOLE-- [fill = 0]
                  00008b50    0000005c     rtsv7R4_T_le_v3D16_eabi.lib : hostopen.obj (.text)
                  00008bac    0000005c                                 : hostread.obj (.text)
                  00008c08    0000005a     uartsci.oer4f (.text:UartSci_readCancel)
                  00008c62    00000002     --HOLE-- [fill = 0]
                  00008c64    00000058     libesm_xwr68xx.aer4f : esm.oer4f (.text:ESM_highpriority_FIQ)
                  00008cbc    00000058     uartsci_dma.oer4f (.text:UartSci_closeDMA)
                  00008d14    00000058     rtsv7R4_T_le_v3D16_eabi.lib : close.obj (.text)
                  00008d6c    00000058                                 : hostwrite.obj (.text)
                  00008dc4    0000000c     --HOLE-- [fill = 0]
                  00008dd0    00000058     sysbios.aer4ft : BIOS.obj (.text:ti_sysbios_knl_Swi_restoreHwi__E)
                  00008e28    00000054     libdma_xwr68xx.aer4f : dma.oer4f (.text:DMA_freeChannel)
                  00008e7c    00000054     rtsv7R4_T_le_v3D16_eabi.lib : ltoa.obj (.text)
                  00008ed0    00000054     mss_per4ft.oer4ft (.text:ti_sysbios_family_arm_v7r_vim_Hwi_create)
                  00008f24    0000000c     --HOLE-- [fill = 0]
                  00008f30    00000054     sysbios.aer4ft : BIOS.obj (.text:ti_sysbios_heaps_HeapMem_getStats__E)
                  00008f84    0000000c     --HOLE-- [fill = 0]
                  00008f90    00000054                    : BIOS.obj (.text:ti_sysbios_knl_Swi_runLoop__I)
                  00008fe4    0000000c     --HOLE-- [fill = 0]
                  00008ff0    00000054                    : BIOS.obj (.text:ti_sysbios_knl_Swi_startup__E)
                  00009044    0000000c     --HOLE-- [fill = 0]
                  00009050    00000054                    : BIOS.obj (.text:xdc_runtime_Core_assignLabel__I)
                  000090a4    00000050     rtsv7R4_T_le_v3D16_eabi.lib : atoi.obj (.text)
                  000090f4    00000050                                 : exit.obj (.text)
                  00009144    00000050                                 : u_div32.obj (.text)
                  00009194    0000000c     --HOLE-- [fill = 0]
                  000091a0    00000050     sysbios.aer4ft : BIOS.obj (.text:xdc_runtime_System_exit__E)
                  000091f0    0000004c     libcli_xwr68xx.aer4f : cli.oer4f (.text:CLI_write)
                  0000923c    0000004c     uartsci.oer4f (.text:UartSci_writeCancel)
                  00009288    0000004c     rtsv7R4_T_le_v3D16_eabi.lib : cpy_tbl.obj (.text)
                  000092d4    0000000c     --HOLE-- [fill = 0]
                  000092e0    0000004c     sysbios.aer4ft : BIOS.obj (.text:ti_sysbios_family_arm_v7r_vim_Hwi_getStackInfo__E)
                  0000932c    0000004c     mss_per4ft.oer4ft (.text:ti_sysbios_knl_Task_create)
                  00009378    0000004c     lib_zeta.oer4f (.text:zeta_open_uart_handle)
                  000093c4    0000000c     --HOLE-- [fill = 0]
                  000093d0    0000004a     sysbios.aer4ft : BIOS.obj (.text:xdc_runtime_Core_assignParams__I)
                  0000941a    00000006     --HOLE-- [fill = 0]
                  00009420    0000004a                    : BIOS.obj (.text:xdc_runtime_Text_xprintf__I)
                  0000946a    00000002     --HOLE-- [fill = 0]
                  0000946c    00000044     libsoc_xwr68xx.aer4f : soc_xwr68xx_mss.oer4f (.text:SOC_resetDMA)
                  000094b0    00000044     rtsv7R4_T_le_v3D16_eabi.lib : hostclose.obj (.text)
                  000094f4    00000044                                 : hostunlink.obj (.text)
                  00009538    00000008     --HOLE-- [fill = 0]
                  00009540    00000044     sysbios.aer4ft : BIOS.obj (.text:ti_sysbios_family_arm_v7r_tms570_Core_Module_startup__E)
                  00009584    0000000c     --HOLE-- [fill = 0]
                  00009590    00000044                    : BIOS.obj (.text:ti_sysbios_knl_Task_allBlockedFunction__I)
                  000095d4    0000000c     --HOLE-- [fill = 0]
                  000095e0    00000044                    : BIOS.obj (.text:xdc_runtime_System_atexit__E)
                  00009624    00000040     rtsv7R4_T_le_v3D16_eabi.lib : strtok.obj (.text)
                  00009664    0000000c     --HOLE-- [fill = 0]
                  00009670    00000040     sysbios.aer4ft : BIOS.obj (.text:ti_sysbios_timers_rti_Timer_stop__E)
                  000096b0    00000040     lib_zeta.oer4f (.text:zeta_putstr)
                  000096f0    0000003e     libdma_xwr68xx.aer4f : dma.oer4f (.text:CSL_FINSR)
                  0000972e    0000003e     libpinmux_xwr68xx.aer4f : pinmux.oer4f (.text:CSL_FINSR)
                  0000976c    0000003e     libsoc_xwr68xx.aer4f : soc.oer4f (.text:CSL_FINSR)
                  000097aa    0000003e                          : soc_xwr68xx.oer4f (.text:CSL_FINSR)
                  000097e8    0000003e                          : soc_xwr68xx_mss.oer4f (.text:CSL_FINSR)
                  00009826    0000003e     uartsci.oer4f (.text:CSL_FINSR)
                  00009864    0000003e     uartsci.oer4f (.text:UartSci_close)
                  000098a2    00000002     --HOLE-- [fill = 0]
                  000098a4    0000003c     libsoc_xwr68xx.aer4f : soc.oer4f (.text:SOC_unhaltBSS)
                  000098e0    0000003c     sysbios.aer4ft : vim_Hwi_asm.obj (.text:ti_sysbios_family_arm_v7r_vim_Hwi_init__I)
                  0000991c    00000004     --HOLE-- [fill = 0]
                  00009920    0000003c                    : BIOS.obj (.text:ti_sysbios_hal_Hwi_checkStack)
                  0000995c    00000004     --HOLE-- [fill = 0]
                  00009960    0000003c                    : BIOS.obj (.text:ti_sysbios_heaps_HeapMem_init__I)
                  0000999c    00000004     --HOLE-- [fill = 0]
                  000099a0    0000003c                    : BIOS.obj (.text:ti_sysbios_timers_rti_Timer_setPeriod__E)
                  000099dc    0000003a     libosal_xwr68xx.aer4f : HwiP_tirtos.oer4f (.text:HwiP_delete)
                  00009a16    00000002     --HOLE-- [fill = 0]
                  00009a18    00000038     UART.oer4f (.text:UART_init)
                  00009a50    00000036     rtsv7R4_T_le_v3D16_eabi.lib : strncpy.obj (.text)
                  00009a86    00000002     --HOLE-- [fill = 0]
                  00009a88    00000034     libsoc_xwr68xx.aer4f : soc_xwr68xx_mss.oer4f (.text:SOC_hasDSPCore)
                  00009abc    00000034     UART.oer4f (.text:UART_open)
                  00009af0    00000034     mss_per4ft.oer4ft (.text:ti_sysbios_knl_Semaphore_create)
                  00009b24    0000000c     --HOLE-- [fill = 0]
                  00009b30    00000032     sysbios.aer4ft : BIOS.obj (.text:ti_sysbios_hal_Hwi_initStack)
                  00009b62    00000002     --HOLE-- [fill = 0]
                  00009b64    00000030     mss_per4ft.oer4ft (.text:ti_sysbios_BIOS_atExitFunc__I)
                  00009b94    00000030     mss_per4ft.oer4ft (.text:ti_sysbios_BIOS_startFunc__I)
                  00009bc4    0000000c     --HOLE-- [fill = 0]
                  00009bd0    00000030     sysbios.aer4ft : BIOS.obj (.text:ti_sysbios_family_arm_TaskSupport_start__E)
                  00009c00    00000030     mss_per4ft.oer4ft (.text:ti_sysbios_gates_GateHwi_Object__create__S)
                  00009c30    00000030     mss_per4ft.oer4ft (.text:ti_sysbios_gates_GateMutex_Object__create__S)
                  00009c60    00000030     mss_per4ft.oer4ft (.text:ti_sysbios_heaps_HeapMem_Object__create__S)
                  00009c90    00000030     sysbios.aer4ft : BIOS.obj (.text:ti_sysbios_heaps_HeapMem_free__E)
                  00009cc0    00000030     mss_per4ft.oer4ft (.text:ti_sysbios_knl_Semaphore_construct)
                  00009cf0    0000002f     sysbios.aer4ft : BIOS.obj (.text:xdc_runtime_Text_printVisFxn__I)
                  00009d1f    00000001     --HOLE-- [fill = 0]
                  00009d20    0000002e                    : BIOS.obj (.text:ti_sysbios_knl_Semaphore_pendTimeout__I)
                  00009d4e    0000002e     mss_per4ft.oer4ft (.text:ti_sysbios_rts_MemAlloc_alloc)
                  00009d7c    0000002c     rtsv7R4_T_le_v3D16_eabi.lib : unlink.obj (.text)
                  00009da8    0000002c     mss_per4ft.oer4ft (.text:ti_sysbios_knl_Clock_doTick__I)
                  00009dd4    0000002c     mss_per4ft.oer4ft (.text:ti_sysbios_knl_Queue_construct)
                  00009e00    0000002c     sysbios.aer4ft : BIOS.obj (.text:ti_sysbios_knl_Swi_Module_startup__E)
                  00009e2c    00000004     --HOLE-- [fill = 0]
                  00009e30    0000002c                    : BIOS.obj (.text:ti_sysbios_timers_rti_Timer_periodicStub__E)
                  00009e5c    0000002b     lib_zeta.oer4f (.text:zeta_putcli)
                  00009e87    00000001     --HOLE-- [fill = 0]
                  00009e88    0000002a     libsoc_xwr68xx.aer4f : soc.oer4f (.text:SOC_SystemISR)
                  00009eb2    0000002a     rtsv7R4_T_le_v3D16_eabi.lib : strspn.obj (.text)
                  00009edc    00000028     uartsci_dma.oer4f (.text:UartSci_RxDMACallbackFxn)
                  00009f04    00000028     uartsci_dma.oer4f (.text:UartSci_TxDMACallbackFxn)
                  00009f2c    00000028     rtsv7R4_T_le_v3D16_eabi.lib : lseek.obj (.text)
                  00009f54    00000028                                 : write.obj (.text)
                  00009f7c    00000004     --HOLE-- [fill = 0]
                  00009f80    00000028     sysbios.aer4ft : BIOS.obj (.text:ti_sysbios_knl_Idle_run__E)
                  00009fa8    00000008     --HOLE-- [fill = 0]
                  00009fb0    00000028                    : BIOS.obj (.text:xdc_runtime_SysStd_abort__E)
                  00009fd8    00000008     --HOLE-- [fill = 0]
                  00009fe0    00000028                    : BIOS.obj (.text:xdc_runtime_System_aprintf_va__F)
                  0000a008    00000008     --HOLE-- [fill = 0]
                  0000a010    00000026                    : BIOS.obj (.text:xdc_runtime_System_printf_va__F)
                  0000a036    00000002     --HOLE-- [fill = 0]
                  0000a038    00000024     libtestlogger_xwr68xx.aer4f : logger.oer4f (.text:MCPI_Initialize)
                  0000a05c    00000024     mss_per4ft.oer4ft (.text:ti_sysbios_BIOS_errorRaiseHook__I)
                  0000a080    00000024     mss_per4ft.oer4ft (.text:ti_sysbios_BIOS_registerRTSLock__I)
                  0000a0a4    00000024     mss_per4ft.oer4ft (.text:ti_sysbios_BIOS_removeRTSLock__I)
                  0000a0c8    00000024     mss_per4ft.oer4ft (.text:ti_sysbios_gates_GateMutex_Object__delete__S)
                  0000a0ec    00000004     --HOLE-- [fill = 0]
                  0000a0f0    00000024     sysbios.aer4ft : BIOS.obj (.text:ti_sysbios_knl_Clock_Module_startup__E)
                  0000a114    00000024     mss_per4ft.oer4ft (.text:ti_sysbios_knl_Semaphore_Object__delete__S)
                  0000a138    00000008     --HOLE-- [fill = 0]
                  0000a140    00000024     sysbios.aer4ft : BIOS.obj (.text:ti_sysbios_knl_Task_restoreHwi__E)
                  0000a164    00000022     uartsci.oer4f (.text:UartSci_disableRxDMA)
                  0000a186    00000022     uartsci.oer4f (.text:UartSci_enableRxDMA)
                  0000a1a8    00000022     rtsv7R4_T_le_v3D16_eabi.lib : strcspn.obj (.text)
                  0000a1ca    00000002     --HOLE-- [fill = 0]
                  0000a1cc    00000020     libesm_xwr68xx.aer4f : esm.oer4f (.text:ESM_lowpriority_IRQ)
                  0000a1ec    00000020     libpinmux_xwr68xx.aer4f : pinmux.oer4f (.text:Pinmux_Unlock)
                  0000a20c    00000020     rtsv7R4_T_le_v3D16_eabi.lib : memchr.obj (.text)
                  0000a22c    00000004     --HOLE-- [fill = 0]
                  0000a230    00000020     sysbios.aer4ft : BIOS.obj (.text:ti_sysbios_family_arm_v7a_Pmu_Module_startup__E)
                  0000a250    00000020     mss_per4ft.oer4ft (.text:ti_sysbios_family_arm_v7r_vim_Hwi_Object__delete__S)
                  0000a270    00000020     sysbios.aer4ft : BIOS.obj (.text:ti_sysbios_family_arm_v7r_vim_Hwi_disableInterrupt__E)
                  0000a290    00000020                    : BIOS.obj (.text:ti_sysbios_family_arm_v7r_vim_Hwi_enableInterrupt__E)
                  0000a2b0    00000020     mss_per4ft.oer4ft (.text:ti_sysbios_gates_GateHwi_Object__delete__S)
                  0000a2d0    00000020     mss_per4ft.oer4ft (.text:ti_sysbios_heaps_HeapMem_Object__delete__S)
                  0000a2f0    00000020     mss_per4ft.oer4ft (.text:ti_sysbios_knl_Semaphore_destruct)
                  0000a310    0000001c     libdma_xwr68xx.aer4f : dma.oer4f (.text:CSL_FEXTR)
                  0000a32c    0000001c     libsoc_xwr68xx.aer4f : soc.oer4f (.text:CSL_FEXTR)
                  0000a348    0000001c                          : soc_xwr68xx.oer4f (.text:CSL_FEXTR)
                  0000a364    0000001c                          : soc_xwr68xx_mss.oer4f (.text:CSL_FEXTR)
                  0000a380    0000001c     uartsci.oer4f (.text:CSL_FEXTR)
                  0000a39c    0000001c     sysbios.aer4ft : arm_TaskSupport_asm.obj (.text:_ti_sysbios_family_arm_TaskSupport_glue)
                  0000a3b8    0000001c                    : arm_TaskSupport_asm.obj (.text:_ti_sysbios_family_arm_TaskSupport_swap__E)
                  0000a3d4    0000001c     rtsv7R4_T_le_v3D16_eabi.lib : memccpy.obj (.text)
                  0000a3f0    0000001c     mss_per4ft.oer4ft (.text:ti_sysbios_BIOS_rtsLock__I)
                  0000a40c    00000004     --HOLE-- [fill = 0]
                  0000a410    0000001c     sysbios.aer4ft : BIOS.obj (.text:ti_sysbios_family_arm_v7r_vim_Hwi_clearInterrupt__E)
                  0000a42c    00000004     --HOLE-- [fill = 0]
                  0000a430    0000001c                    : BIOS.obj (.text:ti_sysbios_gates_GateMutex_Instance_init__E)
                  0000a44c    00000004     --HOLE-- [fill = 0]
                  0000a450    0000001c                    : BIOS.obj (.text:ti_sysbios_gates_GateMutex_leave__E)
                  0000a46c    0000001c     mss_per4ft.oer4ft (.text:ti_sysbios_knl_Queue_destruct)
                  0000a488    0000001a     mss_per4ft.oer4ft (.text:free)
                  0000a4a2    0000001a     rtsv7R4_T_le_v3D16_eabi.lib : s_copysign.obj (.text)
                  0000a4bc    0000001a     mss_per4ft.oer4ft (.text:ti_sysbios_gates_GateHwi_Handle__label__S)
                  0000a4d6    0000001a     mss_per4ft.oer4ft (.text:ti_sysbios_gates_GateMutex_Handle__label__S)
                  0000a4f0    0000001a     mss_per4ft.oer4ft (.text:ti_sysbios_heaps_HeapMem_Handle__label__S)
                  0000a50a    0000001a     mss_per4ft.oer4ft (.text:xdc_runtime_System_aprintf__E)
                  0000a524    0000001a     mss_per4ft.oer4ft (.text:xdc_runtime_System_printf__E)
                  0000a53e    00000002     --HOLE-- [fill = 0]
                  0000a540    00000018     lib_zeta.oer4f (.text:ms_to_ticks)
                  0000a558    00000018     rtsv7R4_T_le_v3D16_eabi.lib : args_main.obj (.text)
                  0000a570    00000018                                 : strcmp.obj (.text)
                  0000a588    00000018     mss_per4ft.oer4ft (.text:ti_sysbios_BIOS_rtsUnlock__I)
                  0000a5a0    00000018     sysbios.aer4ft : BIOS.obj (.text:ti_sysbios_family_arm_v7a_Pmu_initCounters__I)
                  0000a5b8    00000018     mss_per4ft.oer4ft (.text:ti_sysbios_family_arm_v7r_vim_Hwi_Module__startupDone__F)
                  0000a5d0    00000018     mss_per4ft.oer4ft (.text:ti_sysbios_family_arm_v7r_vim_Hwi_Params__init__S)
                  0000a5e8    00000018     mss_per4ft.oer4ft (.text:ti_sysbios_knl_Semaphore_Params__init__S)
                  0000a600    00000018     mss_per4ft.oer4ft (.text:ti_sysbios_knl_Task_Params__init__S)
                  0000a618    00000008     --HOLE-- [fill = 0]
                  0000a620    00000018     sysbios.aer4ft : BIOS.obj (.text:ti_sysbios_knl_Task_enter__I)
                  0000a638    00000018     mss_per4ft.oer4ft (.text:ti_sysbios_timers_rti_Timer_Module__startupDone__F)
                  0000a650    00000018     sysbios.aer4ft : BIOS.obj (.text:xdc_runtime_Error_init__E)
                  0000a668    00000016     rtsv7R4_T_le_v3D16_eabi.lib : strchr.obj (.text)
                  0000a67e    00000016                                 : strlen.obj (.text)
                  0000a694    00000016     mss_per4ft.oer4ft (.text:ti_sysbios_BIOS_exitFunc__I)
                  0000a6aa    00000006     --HOLE-- [fill = 0]
                  0000a6b0    00000016     sysbios.aer4ft : BIOS.obj (.text:ti_sysbios_knl_Idle_loop__E)
                  0000a6c6    0000000a     --HOLE-- [fill = 0]
                  0000a6d0    00000016                    : BIOS.obj (.text:ti_sysbios_knl_Task_sleepTimeout__I)
                  0000a6e6    00000014     libosal_xwr68xx.aer4f : HwiP_tirtos.oer4f (.text:HwiP_Params_init)
                  0000a6fa    00000002     --HOLE-- [fill = 0]
                  0000a6fc    00000014     libpinmux_xwr68xx.aer4f : pinmux.oer4f (.text:Pinmux_Lock)
                  0000a710    00000014     uartsci.oer4f (.text:UartSci_disableTxDMA)
                  0000a724    00000014     uartsci.oer4f (.text:UartSci_enableTxDMA)
                  0000a738    00000014     libosal_xwr68xx.aer4f : DebugP_tirtos.oer4f (.text:_DebugP_assert)
                  0000a74c    00000014     rtsv7R4_T_le_v3D16_eabi.lib : _lock.obj (.text)
                  0000a760    00000014                                 : strcpy.obj (.text)
                  0000a774    00000014     mss_per4ft.oer4ft (.text:ti_sysbios_heaps_HeapMem_Object__get__S)
                  0000a788    00000014     mss_per4ft.oer4ft (.text:ti_sysbios_knl_Swi_Object__get__S)
                  0000a79c    00000012     libosal_xwr68xx.aer4f : MemoryP_tirtos.oer4f (.text:MemoryP_ctrlAlloc)
                  0000a7ae    00000012                           : SemaphoreP_tirtos.oer4f (.text:SemaphoreP_pend)
                  0000a7c0    00000012     sysbios.aer4ft : BIOS.obj (.text:ti_sysbios_hal_Hwi_Module_startup__E)
                  0000a7d2    00000012     mss_per4ft.oer4ft (.text:xdc_runtime_Startup_exec__I)
                  0000a7e4    00000010     libdma_xwr68xx.aer4f : dma.oer4f (.text:DMA_Params_init)
                  0000a7f4    0000000c     --HOLE-- [fill = 0]
                  0000a800    00000010     sysbios.aer4ft : BIOS.obj (.text:ti_sysbios_BIOS_setThreadType__E)
                  0000a810    00000010                    : BIOS.obj (.text:ti_sysbios_BIOS_start__E)
                  0000a820    00000010                    : BIOS.obj (.text:ti_sysbios_family_arm_v7a_Pmu_getNumCounters__E)
                  0000a830    00000010                    : BIOS.obj (.text:ti_sysbios_gates_GateMutex_Instance_finalize__E)
                  0000a840    00000010     mss_per4ft.oer4ft (.text:ti_sysbios_heaps_HeapBuf_Object__get__S)
                  0000a850    00000010     sysbios.aer4ft : BIOS.obj (.text:ti_sysbios_knl_Semaphore_Instance_finalize__E)
                  0000a860    00000010                    : BIOS.obj (.text:ti_sysbios_knl_Swi_disable__E)
                  0000a870    00000010     mss_per4ft.oer4ft (.text:ti_sysbios_knl_Task_Object__get__S)
                  0000a880    00000010     sysbios.aer4ft : BIOS.obj (.text:ti_sysbios_knl_Task_disable__E)
                  0000a890    00000010                    : BIOS.obj (.text:xdc_runtime_Memory_free__E)
                  0000a8a0    00000010     mss_per4ft.oer4ft (.text:xdc_runtime_Text_visitRope__I)
                  0000a8b0    0000000e     libosal_xwr68xx.aer4f : SemaphoreP_tirtos.oer4f (.text:SemaphoreP_delete)
                  0000a8be    0000000e     rtsv7R4_T_le_v3D16_eabi.lib : copy_decompress_none.obj (.text:decompress:none)
                  0000a8cc    00000004     --HOLE-- [fill = 0]
                  0000a8d0    0000000e     sysbios.aer4ft : BIOS.obj (.text:ti_sysbios_knl_Queue_empty__E)
                  0000a8de    00000002     --HOLE-- [fill = 0]
                  0000a8e0    0000000c                    : BIOS.obj (.text:ti_sysbios_family_arm_TaskSupport_checkStack__E)
                  0000a8ec    00000004     --HOLE-- [fill = 0]
                  0000a8f0    0000000c                    : BIOS.obj (.text:ti_sysbios_family_arm_TaskSupport_getStackAlignment__E)
                  0000a8fc    00000004     --HOLE-- [fill = 0]
                  0000a900    0000000c                    : BIOS.obj (.text:ti_sysbios_family_arm_exc_Exception_Module_startup__E)
                  0000a90c    00000004     --HOLE-- [fill = 0]
                  0000a910    0000000c                    : BIOS.obj (.text:ti_sysbios_family_arm_v7r_vim_Hwi_switchFromBootStack__E)
                  0000a91c    00000004     --HOLE-- [fill = 0]
                  0000a920    0000000c                    : BIOS.obj (.text:xdc_runtime_Startup_rtsDone__E)
                  0000a92c    00000004     --HOLE-- [fill = 0]
                  0000a930    0000000c                    : BIOS.obj (.text:xdc_runtime_SysStd_exit__E)
                  0000a93c    00000004     --HOLE-- [fill = 0]
                  0000a940    00000008                    : BIOS.obj (.text:ti_sysbios_gates_GateHwi_enter__E)
                  0000a948    00000008     --HOLE-- [fill = 0]
                  0000a950    00000006                    : BIOS.obj (.text:ti_sysbios_family_arm_v7r_vim_Hwi_startup__E)
                  0000a956    0000000a     --HOLE-- [fill = 0]
                  0000a960    00000006                    : BIOS.obj (.text:ti_sysbios_gates_GateHwi_leave__E)
                  0000a966    0000000a     --HOLE-- [fill = 0]
                  0000a970    00000006                    : BIOS.obj (.text:ti_sysbios_heaps_HeapMem_isBlocking__E)
                  0000a976    0000000a     --HOLE-- [fill = 0]
                  0000a980    00000006                    : BIOS.obj (.text:ti_sysbios_knl_Queue_Instance_init__E)
                  0000a986    0000000a     --HOLE-- [fill = 0]
                  0000a990    00000006                    : BIOS.obj (.text:xdc_runtime_System_Module_startup__E)
                  0000a996    0000000a     --HOLE-- [fill = 0]
                  0000a9a0    00000004                    : BIOS.obj (.text:ti_sysbios_gates_GateHwi_query__E)
                  0000a9a4    0000000c     --HOLE-- [fill = 0]
                  0000a9b0    00000004                    : BIOS.obj (.text:ti_sysbios_gates_GateMutex_query__E)
                  0000a9b4    0000000c     --HOLE-- [fill = 0]
                  0000a9c0    00000004                    : BIOS.obj (.text:ti_sysbios_knl_Task_startup__E)
                  0000a9c4    0000000c     --HOLE-- [fill = 0]
                  0000a9d0    00000004                    : BIOS.obj (.text:ti_sysbios_timers_rti_Timer_getMaxTicks__E)
                  0000a9d4    0000000c     --HOLE-- [fill = 0]
                  0000a9e0    00000004                    : BIOS.obj (.text:xdc_runtime_SysStd_putch__E)
                  0000a9e4    0000000c     --HOLE-- [fill = 0]
                  0000a9f0    00000004                    : BIOS.obj (.text:xdc_runtime_SysStd_ready__E)
                  0000a9f4    0000000c     --HOLE-- [fill = 0]
                  0000aa00    00000002                    : BIOS.obj (.text:ti_sysbios_BIOS_linkedWithIncorrectBootLibrary__E)
                  0000aa02    0000000e     --HOLE-- [fill = 0]
                  0000aa10    00000002                    : BIOS.obj (.text:ti_sysbios_gates_GateHwi_Instance_init__E)

.const     0    0000aa14    0000244a     
                  0000aa14    00001b6f     mss_per4ft.oer4ft (.const:xdc_runtime_Text_charTab__A)
                  0000c583    00000101     rtsv7R4_T_le_v3D16_eabi.lib : ctype.obj (.const:.string:_ctypes_)
                  0000c684    000000d8     mss_per4ft.oer4ft (.const:xdc_runtime_Text_nodeTab__A)
                  0000c75c    00000080     uart_echo.oer4f (.const:.string:$P$T0$1)
                  0000c7dc    00000080     mss_per4ft.oer4ft (.const:ti_sysbios_family_arm_v7r_vim_Hwi_channelMap__A)
                  0000c85c    00000058     mss_per4ft.oer4ft (.const:.string)
                  0000c8b4    00000044     mss_per4ft.oer4ft (.const:ti_sysbios_knl_Task_Object__PARAMS__C)
                  0000c8f8    0000003c     UART.oer4f (.const:UART_defaultParams)
                  0000c934    00000030     mss_per4ft.oer4ft (.const:ti_sysbios_family_arm_v7r_vim_Hwi_Object__PARAMS__C)
                  0000c964    0000002c     mss_per4ft.oer4ft (.const:xdc_runtime_Startup_sfxnTab__A)
                  0000c990    00000028     mss_per4ft.oer4ft (.const:ti_sysbios_heaps_HeapMem_Module__FXNS__C)
                  0000c9b8    00000024     mss_per4ft.oer4ft (.const:ti_sysbios_gates_GateHwi_Module__FXNS__C)
                  0000c9dc    00000024     mss_per4ft.oer4ft (.const:ti_sysbios_gates_GateMutex_Module__FXNS__C)
                  0000ca00    00000024     mss_per4ft.oer4ft (.const:ti_sysbios_heaps_HeapMem_Object__PARAMS__C)
                  0000ca24    00000024     mss_per4ft.oer4ft (.const:ti_sysbios_knl_Semaphore_Object__PARAMS__C)
                  0000ca48    00000020     mss_per4ft.oer4ft (.const:ti_sysbios_family_arm_v7r_vim_Hwi_Object__DESC__C)
                  0000ca68    00000020     mss_per4ft.oer4ft (.const:ti_sysbios_gates_GateHwi_Object__DESC__C)
                  0000ca88    00000020     mss_per4ft.oer4ft (.const:ti_sysbios_gates_GateMutex_Object__DESC__C)
                  0000caa8    00000020     mss_per4ft.oer4ft (.const:ti_sysbios_heaps_HeapMem_Object__DESC__C)
                  0000cac8    00000020     mss_per4ft.oer4ft (.const:ti_sysbios_knl_Queue_Object__DESC__C)
                  0000cae8    00000020     mss_per4ft.oer4ft (.const:ti_sysbios_knl_Semaphore_Object__DESC__C)
                  0000cb08    00000020     mss_per4ft.oer4ft (.const:ti_sysbios_knl_Task_Object__DESC__C)
                  0000cb28    00000018     mss_per4ft.oer4ft (.const:ti_sysbios_gates_GateHwi_Object__PARAMS__C)
                  0000cb40    00000018     mss_per4ft.oer4ft (.const:ti_sysbios_gates_GateMutex_Object__PARAMS__C)
                  0000cb58    00000018     mss_per4ft.oer4ft (.const:ti_sysbios_knl_Queue_Object__PARAMS__C)
                  0000cb70    00000016     mss_per4ft.oer4ft (.const:xdc_runtime_Startup_sfxnRts__A)
                  0000cb86    00000002     mss_per4ft.oer4ft (.const:ti_sysbios_family_arm_exc_Exception_Module__id__C)
                  0000cb88    00000010     mss_per4ft.oer4ft (.const:ti_sysbios_family_arm_v7r_vim_Hwi_intReqEnaSet__A)
                  0000cb98    00000010     mss_per4ft.oer4ft (.const:ti_sysbios_family_arm_v7r_vim_Hwi_wakeEnaSet__A)
                  0000cba8    00000008     mss_per4ft.oer4ft (.const:ti_sysbios_knl_Idle_funcList__C)
                  0000cbb0    00000008     mss_per4ft.oer4ft (.const:xdc_runtime_Startup_firstFxns__A)
                  0000cbb8    00000008     mss_per4ft.oer4ft (.const:xdc_runtime_Startup_firstFxns__C)
                  0000cbc0    00000008     mss_per4ft.oer4ft (.const:xdc_runtime_Startup_lastFxns__C)
                  0000cbc8    00000004     libcli_xwr68xx.aer4f : cli.oer4f (.const:.string:$P$T0$1)
                  0000cbcc    00000004     mss_per4ft.oer4ft (.const:ti_sysbios_family_arm_TaskSupport_stackAlignment__C)
                  0000cbd0    00000004     mss_per4ft.oer4ft (.const:ti_sysbios_family_arm_exc_Exception_E_dataAbort__C)
                  0000cbd4    00000004     mss_per4ft.oer4ft (.const:ti_sysbios_family_arm_exc_Exception_E_prefetchAbort__C)
                  0000cbd8    00000004     mss_per4ft.oer4ft (.const:ti_sysbios_family_arm_exc_Exception_E_swi__C)
                  0000cbdc    00000004     mss_per4ft.oer4ft (.const:ti_sysbios_family_arm_exc_Exception_E_undefinedInstruction__C)
                  0000cbe0    00000004     mss_per4ft.oer4ft (.const:ti_sysbios_family_arm_exc_Exception_excHookFuncs__A)
                  0000cbe4    00000004     mss_per4ft.oer4ft (.const:ti_sysbios_family_arm_exc_Exception_excHookFuncs__C)
                  0000cbe8    00000004     mss_per4ft.oer4ft (.const:ti_sysbios_family_arm_v7r_tms570_Core_E_mismatchedIds__C)
                  0000cbec    00000004     mss_per4ft.oer4ft (.const:ti_sysbios_family_arm_v7r_tms570_Core_id__C)
                  0000cbf0    00000004     mss_per4ft.oer4ft (.const:ti_sysbios_family_arm_v7r_vim_Hwi_A_badChannelId__C)
                  0000cbf4    00000004     mss_per4ft.oer4ft (.const:ti_sysbios_family_arm_v7r_vim_Hwi_E_alreadyDefined__C)
                  0000cbf8    00000004     mss_per4ft.oer4ft (.const:ti_sysbios_family_arm_v7r_vim_Hwi_E_badIntNum__C)
                  0000cbfc    00000004     mss_per4ft.oer4ft (.const:ti_sysbios_family_arm_v7r_vim_Hwi_E_phantomInterrupt__C)
                  0000cc00    00000004     mss_per4ft.oer4ft (.const:ti_sysbios_family_arm_v7r_vim_Hwi_E_undefined__C)
                  0000cc04    00000004     mss_per4ft.oer4ft (.const:ti_sysbios_family_arm_v7r_vim_Hwi_E_unsupportedMaskingOption__C)
                  0000cc08    00000004     mss_per4ft.oer4ft (.const:ti_sysbios_family_arm_v7r_vim_Hwi_LD_end__C)
                  0000cc0c    00000004     mss_per4ft.oer4ft (.const:ti_sysbios_family_arm_v7r_vim_Hwi_LM_begin__C)
                  0000cc10    00000004     mss_per4ft.oer4ft (.const:ti_sysbios_family_arm_v7r_vim_Hwi_Module__diagsEnabled__C)
                  0000cc14    00000004     mss_per4ft.oer4ft (.const:ti_sysbios_family_arm_v7r_vim_Hwi_Module__diagsIncluded__C)
                  0000cc18    00000004     mss_per4ft.oer4ft (.const:ti_sysbios_family_arm_v7r_vim_Hwi_Module__diagsMask__C)
                  0000cc1c    00000004     mss_per4ft.oer4ft (.const:ti_sysbios_family_arm_v7r_vim_Hwi_Module__loggerFxn1__C)
                  0000cc20    00000004     mss_per4ft.oer4ft (.const:ti_sysbios_family_arm_v7r_vim_Hwi_Module__loggerFxn8__C)
                  0000cc24    00000004     mss_per4ft.oer4ft (.const:ti_sysbios_family_arm_v7r_vim_Hwi_Module__loggerObj__C)
                  0000cc28    00000004     mss_per4ft.oer4ft (.const:ti_sysbios_family_arm_v7r_vim_Hwi_NUM_INTERRUPTS__C)
                  0000cc2c    00000004     mss_per4ft.oer4ft (.const:ti_sysbios_family_arm_v7r_vim_Hwi_channelMap__C)
                  0000cc30    00000004     mss_per4ft.oer4ft (.const:ti_sysbios_family_arm_v7r_vim_Hwi_intReqEnaSet__C)
                  0000cc34    00000004     mss_per4ft.oer4ft (.const:ti_sysbios_family_arm_v7r_vim_Hwi_phantomFunc__C)
                  0000cc38    00000004     mss_per4ft.oer4ft (.const:ti_sysbios_family_arm_v7r_vim_Hwi_swiDisable__C)
                  0000cc3c    00000004     mss_per4ft.oer4ft (.const:ti_sysbios_family_arm_v7r_vim_Hwi_swiRestoreHwi__C)
                  0000cc40    00000004     mss_per4ft.oer4ft (.const:ti_sysbios_family_arm_v7r_vim_Hwi_taskDisable__C)
                  0000cc44    00000004     mss_per4ft.oer4ft (.const:ti_sysbios_family_arm_v7r_vim_Hwi_taskRestoreHwi__C)
                  0000cc48    00000004     mss_per4ft.oer4ft (.const:ti_sysbios_family_arm_v7r_vim_Hwi_wakeEnaSet__C)
                  0000cc4c    00000004     mss_per4ft.oer4ft (.const:ti_sysbios_gates_GateMutex_A_badContext__C)
                  0000cc50    00000004     mss_per4ft.oer4ft (.const:ti_sysbios_gates_GateMutex_Instance_State_sem__O)
                  0000cc54    00000004     mss_per4ft.oer4ft (.const:ti_sysbios_gates_GateMutex_Module__diagsEnabled__C)
                  0000cc58    00000004     mss_per4ft.oer4ft (.const:ti_sysbios_gates_GateMutex_Module__diagsIncluded__C)
                  0000cc5c    00000004     mss_per4ft.oer4ft (.const:ti_sysbios_gates_GateMutex_Module__diagsMask__C)
                  0000cc60    00000004     mss_per4ft.oer4ft (.const:ti_sysbios_hal_Hwi_E_stackOverflow__C)
                  0000cc64    00000004     mss_per4ft.oer4ft (.const:ti_sysbios_heaps_HeapBuf_Instance_State_freeList__O)
                  0000cc68    00000004     mss_per4ft.oer4ft (.const:ti_sysbios_heaps_HeapBuf_Object__count__C)
                  0000cc6c    00000004     mss_per4ft.oer4ft (.const:ti_sysbios_heaps_HeapBuf_numConstructedHeaps__C)
                  0000cc70    00000004     mss_per4ft.oer4ft (.const:ti_sysbios_heaps_HeapMem_A_align__C)
                  0000cc74    00000004     mss_per4ft.oer4ft (.const:ti_sysbios_heaps_HeapMem_A_heapSize__C)
                  0000cc78    00000004     mss_per4ft.oer4ft (.const:ti_sysbios_heaps_HeapMem_A_invalidFree__C)
                  0000cc7c    00000004     mss_per4ft.oer4ft (.const:ti_sysbios_heaps_HeapMem_A_zeroBlock__C)
                  0000cc80    00000004     mss_per4ft.oer4ft (.const:ti_sysbios_heaps_HeapMem_E_memory__C)
                  0000cc84    00000004     mss_per4ft.oer4ft (.const:ti_sysbios_heaps_HeapMem_Module__diagsEnabled__C)
                  0000cc88    00000004     mss_per4ft.oer4ft (.const:ti_sysbios_heaps_HeapMem_Module__diagsIncluded__C)
                  0000cc8c    00000004     mss_per4ft.oer4ft (.const:ti_sysbios_heaps_HeapMem_Module__diagsMask__C)
                  0000cc90    00000004     mss_per4ft.oer4ft (.const:ti_sysbios_heaps_HeapMem_Module__gateObj__C)
                  0000cc94    00000004     mss_per4ft.oer4ft (.const:ti_sysbios_heaps_HeapMem_Object__count__C)
                  0000cc98    00000004     mss_per4ft.oer4ft (.const:ti_sysbios_heaps_HeapMem_reqAlign__C)
                  0000cc9c    00000004     mss_per4ft.oer4ft (.const:ti_sysbios_knl_Clock_LM_begin__C)
                  0000cca0    00000004     mss_per4ft.oer4ft (.const:ti_sysbios_knl_Clock_LM_tick__C)
                  0000cca4    00000004     mss_per4ft.oer4ft (.const:ti_sysbios_knl_Clock_LW_delayed__C)
                  0000cca8    00000004     mss_per4ft.oer4ft (.const:ti_sysbios_knl_Clock_Module_State_clockQ__O)
                  0000ccac    00000004     mss_per4ft.oer4ft (.const:ti_sysbios_knl_Clock_Module__diagsEnabled__C)
                  0000ccb0    00000004     mss_per4ft.oer4ft (.const:ti_sysbios_knl_Clock_Module__diagsIncluded__C)
                  0000ccb4    00000004     mss_per4ft.oer4ft (.const:ti_sysbios_knl_Clock_Module__diagsMask__C)
                  0000ccb8    00000004     mss_per4ft.oer4ft (.const:ti_sysbios_knl_Clock_Module__loggerFxn1__C)
                  0000ccbc    00000004     mss_per4ft.oer4ft (.const:ti_sysbios_knl_Clock_Module__loggerFxn2__C)
                  0000ccc0    00000004     mss_per4ft.oer4ft (.const:ti_sysbios_knl_Clock_Module__loggerObj__C)
                  0000ccc4    00000004     mss_per4ft.oer4ft (.const:ti_sysbios_knl_Clock_tickPeriod__C)
                  0000ccc8    00000004     mss_per4ft.oer4ft (.const:ti_sysbios_knl_Idle_funcList__A)
                  0000cccc    00000004     mss_per4ft.oer4ft (.const:ti_sysbios_knl_Semaphore_A_badContext__C)
                  0000ccd0    00000004     mss_per4ft.oer4ft (.const:ti_sysbios_knl_Semaphore_A_noEvents__C)
                  0000ccd4    00000004     mss_per4ft.oer4ft (.const:ti_sysbios_knl_Semaphore_A_overflow__C)
                  0000ccd8    00000004     mss_per4ft.oer4ft (.const:ti_sysbios_knl_Semaphore_A_pendTaskDisabled__C)
                  0000ccdc    00000004     mss_per4ft.oer4ft (.const:ti_sysbios_knl_Semaphore_Instance_State_pendQ__O)
                  0000cce0    00000004     mss_per4ft.oer4ft (.const:ti_sysbios_knl_Semaphore_LM_pend__C)
                  0000cce4    00000004     mss_per4ft.oer4ft (.const:ti_sysbios_knl_Semaphore_LM_post__C)
                  0000cce8    00000004     mss_per4ft.oer4ft (.const:ti_sysbios_knl_Semaphore_Module__diagsEnabled__C)
                  0000ccec    00000004     mss_per4ft.oer4ft (.const:ti_sysbios_knl_Semaphore_Module__diagsIncluded__C)
                  0000ccf0    00000004     mss_per4ft.oer4ft (.const:ti_sysbios_knl_Semaphore_Module__diagsMask__C)
                  0000ccf4    00000004     mss_per4ft.oer4ft (.const:ti_sysbios_knl_Semaphore_Module__loggerFxn2__C)
                  0000ccf8    00000004     mss_per4ft.oer4ft (.const:ti_sysbios_knl_Semaphore_Module__loggerFxn4__C)
                  0000ccfc    00000004     mss_per4ft.oer4ft (.const:ti_sysbios_knl_Semaphore_Module__loggerObj__C)
                  0000cd00    00000004     mss_per4ft.oer4ft (.const:ti_sysbios_knl_Swi_LD_end__C)
                  0000cd04    00000004     mss_per4ft.oer4ft (.const:ti_sysbios_knl_Swi_LM_begin__C)
                  0000cd08    00000004     mss_per4ft.oer4ft (.const:ti_sysbios_knl_Swi_LM_post__C)
                  0000cd0c    00000004     mss_per4ft.oer4ft (.const:ti_sysbios_knl_Swi_Module__diagsEnabled__C)
                  0000cd10    00000004     mss_per4ft.oer4ft (.const:ti_sysbios_knl_Swi_Module__diagsIncluded__C)
                  0000cd14    00000004     mss_per4ft.oer4ft (.const:ti_sysbios_knl_Swi_Module__diagsMask__C)
                  0000cd18    00000004     mss_per4ft.oer4ft (.const:ti_sysbios_knl_Swi_Module__loggerFxn1__C)
                  0000cd1c    00000004     mss_per4ft.oer4ft (.const:ti_sysbios_knl_Swi_Module__loggerFxn4__C)
                  0000cd20    00000004     mss_per4ft.oer4ft (.const:ti_sysbios_knl_Swi_Module__loggerObj__C)
                  0000cd24    00000004     mss_per4ft.oer4ft (.const:ti_sysbios_knl_Swi_Object__count__C)
                  0000cd28    00000004     mss_per4ft.oer4ft (.const:ti_sysbios_knl_Task_A_badPriority__C)
                  0000cd2c    00000004     mss_per4ft.oer4ft (.const:ti_sysbios_knl_Task_A_badTaskState__C)
                  0000cd30    00000004     mss_per4ft.oer4ft (.const:ti_sysbios_knl_Task_A_badThreadType__C)
                  0000cd34    00000004     mss_per4ft.oer4ft (.const:ti_sysbios_knl_Task_A_badTimeout__C)
                  0000cd38    00000004     mss_per4ft.oer4ft (.const:ti_sysbios_knl_Task_A_noPendElem__C)
                  0000cd3c    00000004     mss_per4ft.oer4ft (.const:ti_sysbios_knl_Task_A_sleepTaskDisabled__C)
                  0000cd40    00000004     mss_per4ft.oer4ft (.const:ti_sysbios_knl_Task_E_spOutOfBounds__C)
                  0000cd44    00000004     mss_per4ft.oer4ft (.const:ti_sysbios_knl_Task_E_stackOverflow__C)
                  0000cd48    00000004     mss_per4ft.oer4ft (.const:ti_sysbios_knl_Task_LD_block__C)
                  0000cd4c    00000004     mss_per4ft.oer4ft (.const:ti_sysbios_knl_Task_LD_exit__C)
                  0000cd50    00000004     mss_per4ft.oer4ft (.const:ti_sysbios_knl_Task_LD_ready__C)
                  0000cd54    00000004     mss_per4ft.oer4ft (.const:ti_sysbios_knl_Task_LM_sleep__C)
                  0000cd58    00000004     mss_per4ft.oer4ft (.const:ti_sysbios_knl_Task_LM_switch__C)
                  0000cd5c    00000004     mss_per4ft.oer4ft (.const:ti_sysbios_knl_Task_Module_State_inactiveQ__O)
                  0000cd60    00000004     mss_per4ft.oer4ft (.const:ti_sysbios_knl_Task_Module__diagsEnabled__C)
                  0000cd64    00000004     mss_per4ft.oer4ft (.const:ti_sysbios_knl_Task_Module__diagsIncluded__C)
                  0000cd68    00000004     mss_per4ft.oer4ft (.const:ti_sysbios_knl_Task_Module__diagsMask__C)
                  0000cd6c    00000004     mss_per4ft.oer4ft (.const:ti_sysbios_knl_Task_Module__loggerFxn2__C)
                  0000cd70    00000004     mss_per4ft.oer4ft (.const:ti_sysbios_knl_Task_Module__loggerFxn4__C)
                  0000cd74    00000004     mss_per4ft.oer4ft (.const:ti_sysbios_knl_Task_Module__loggerObj__C)
                  0000cd78    00000004     mss_per4ft.oer4ft (.const:ti_sysbios_knl_Task_Object__count__C)
                  0000cd7c    00000004     mss_per4ft.oer4ft (.const:ti_sysbios_knl_Task_allBlockedFunc__C)
                  0000cd80    00000004     mss_per4ft.oer4ft (.const:ti_sysbios_knl_Task_defaultStackHeap__C)
                  0000cd84    00000004     mss_per4ft.oer4ft (.const:ti_sysbios_knl_Task_defaultStackSize__C)
                  0000cd88    00000004     mss_per4ft.oer4ft (.const:ti_sysbios_knl_Task_numConstructedTasks__C)
                  0000cd8c    00000004     mss_per4ft.oer4ft (.const:ti_sysbios_timers_rti_Timer_E_cannotSupport__C)
                  0000cd90    00000004     mss_per4ft.oer4ft (.const:ti_sysbios_timers_rti_Timer_Module__diagsEnabled__C)
                  0000cd94    00000004     mss_per4ft.oer4ft (.const:ti_sysbios_timers_rti_Timer_Module__diagsIncluded__C)
                  0000cd98    00000004     mss_per4ft.oer4ft (.const:ti_sysbios_timers_rti_Timer_Module__diagsMask__C)
                  0000cd9c    00000004     mss_per4ft.oer4ft (.const:ti_sysbios_timers_rti_Timer_numTimerDevices__C)
                  0000cda0    00000004     mss_per4ft.oer4ft (.const:ti_sysbios_timers_rti_Timer_startupNeeded__C)
                  0000cda4    00000004     mss_per4ft.oer4ft (.const:xdc_runtime_Assert_E_assertFailed__C)
                  0000cda8    00000004     mss_per4ft.oer4ft (.const:xdc_runtime_Core_A_initializedParams__C)
                  0000cdac    00000004     mss_per4ft.oer4ft (.const:xdc_runtime_Core_Module__diagsEnabled__C)
                  0000cdb0    00000004     mss_per4ft.oer4ft (.const:xdc_runtime_Core_Module__diagsIncluded__C)
                  0000cdb4    00000004     mss_per4ft.oer4ft (.const:xdc_runtime_Core_Module__diagsMask__C)
                  0000cdb8    00000004     mss_per4ft.oer4ft (.const:xdc_runtime_Error_E_memory__C)
                  0000cdbc    00000004     mss_per4ft.oer4ft (.const:xdc_runtime_Error_Module__diagsEnabled__C)
                  0000cdc0    00000004     mss_per4ft.oer4ft (.const:xdc_runtime_Error_Module__diagsIncluded__C)
                  0000cdc4    00000004     mss_per4ft.oer4ft (.const:xdc_runtime_Error_Module__diagsMask__C)
                  0000cdc8    00000004     mss_per4ft.oer4ft (.const:xdc_runtime_Error_Module__loggerFxn8__C)
                  0000cdcc    00000004     mss_per4ft.oer4ft (.const:xdc_runtime_Error_Module__loggerObj__C)
                  0000cdd0    00000004     mss_per4ft.oer4ft (.const:xdc_runtime_Error_policyFxn__C)
                  0000cdd4    00000004     mss_per4ft.oer4ft (.const:xdc_runtime_Error_policy__C)
                  0000cdd8    00000004     mss_per4ft.oer4ft (.const:xdc_runtime_Error_raiseHook__C)
                  0000cddc    00000004     mss_per4ft.oer4ft (.const:xdc_runtime_IGateProvider_Interface__BASE__C)
                  0000cde0    00000004     mss_per4ft.oer4ft (.const:xdc_runtime_IHeap_Interface__BASE__C)
                  0000cde4    00000004     mss_per4ft.oer4ft (.const:xdc_runtime_IModule_Interface__BASE__C)
                  0000cde8    00000004     mss_per4ft.oer4ft (.const:xdc_runtime_Log_L_error__C)
                  0000cdec    00000004     mss_per4ft.oer4ft (.const:xdc_runtime_Memory_defaultHeapInstance__C)
                  0000cdf0    00000004     mss_per4ft.oer4ft (.const:xdc_runtime_Startup_execImpl__C)
                  0000cdf4    00000004     mss_per4ft.oer4ft (.const:xdc_runtime_Startup_maxPasses__C)
                  0000cdf8    00000004     mss_per4ft.oer4ft (.const:xdc_runtime_Startup_sfxnRts__C)
                  0000cdfc    00000004     mss_per4ft.oer4ft (.const:xdc_runtime_Startup_sfxnTab__C)
                  0000ce00    00000004     mss_per4ft.oer4ft (.const:xdc_runtime_System_Module__gateObj__C)
                  0000ce04    00000004     mss_per4ft.oer4ft (.const:xdc_runtime_System_abortFxn__C)
                  0000ce08    00000004     mss_per4ft.oer4ft (.const:xdc_runtime_System_exitFxn__C)
                  0000ce0c    00000004     mss_per4ft.oer4ft (.const:xdc_runtime_System_extendFxn__C)
                  0000ce10    00000004     mss_per4ft.oer4ft (.const:xdc_runtime_System_maxAtexitHandlers__C)
                  0000ce14    00000004     mss_per4ft.oer4ft (.const:xdc_runtime_Text_charTab__C)
                  0000ce18    00000004     mss_per4ft.oer4ft (.const:xdc_runtime_Text_nameEmpty__C)
                  0000ce1c    00000004     mss_per4ft.oer4ft (.const:xdc_runtime_Text_nameStatic__C)
                  0000ce20    00000004     mss_per4ft.oer4ft (.const:xdc_runtime_Text_nameUnknown__C)
                  0000ce24    00000004     mss_per4ft.oer4ft (.const:xdc_runtime_Text_nodeTab__C)
                  0000ce28    00000004     mss_per4ft.oer4ft (.const:xdc_runtime_Text_visitRopeFxn__C)
                  0000ce2c    00000002     mss_per4ft.oer4ft (.const:ti_sysbios_family_arm_v7r_tms570_Core_Module__id__C)
                  0000ce2e    00000002     mss_per4ft.oer4ft (.const:ti_sysbios_family_arm_v7r_vim_Hwi_Module__id__C)
                  0000ce30    00000002     mss_per4ft.oer4ft (.const:ti_sysbios_family_arm_v7r_vim_Hwi_Module__loggerDefined__C)
                  0000ce32    00000002     mss_per4ft.oer4ft (.const:ti_sysbios_gates_GateMutex_Module__id__C)
                  0000ce34    00000002     mss_per4ft.oer4ft (.const:ti_sysbios_hal_Hwi_Module__id__C)
                  0000ce36    00000002     mss_per4ft.oer4ft (.const:ti_sysbios_heaps_HeapMem_Module__id__C)
                  0000ce38    00000002     mss_per4ft.oer4ft (.const:ti_sysbios_knl_Clock_Module__id__C)
                  0000ce3a    00000002     mss_per4ft.oer4ft (.const:ti_sysbios_knl_Clock_Module__loggerDefined__C)
                  0000ce3c    00000002     mss_per4ft.oer4ft (.const:ti_sysbios_knl_Semaphore_Module__id__C)
                  0000ce3e    00000002     mss_per4ft.oer4ft (.const:ti_sysbios_knl_Semaphore_Module__loggerDefined__C)
                  0000ce40    00000002     mss_per4ft.oer4ft (.const:ti_sysbios_knl_Swi_Module__id__C)
                  0000ce42    00000002     mss_per4ft.oer4ft (.const:ti_sysbios_knl_Swi_Module__loggerDefined__C)
                  0000ce44    00000002     mss_per4ft.oer4ft (.const:ti_sysbios_knl_Task_Module__id__C)
                  0000ce46    00000002     mss_per4ft.oer4ft (.const:ti_sysbios_knl_Task_Module__loggerDefined__C)
                  0000ce48    00000002     mss_per4ft.oer4ft (.const:ti_sysbios_timers_rti_Timer_Module__id__C)
                  0000ce4a    00000002     mss_per4ft.oer4ft (.const:ti_sysbios_timers_rti_Timer_continueOnSuspend__C)
                  0000ce4c    00000002     mss_per4ft.oer4ft (.const:xdc_runtime_Core_Module__id__C)
                  0000ce4e    00000002     mss_per4ft.oer4ft (.const:xdc_runtime_Error_Module__loggerDefined__C)
                  0000ce50    00000002     mss_per4ft.oer4ft (.const:xdc_runtime_Error_maxDepth__C)
                  0000ce52    00000002     mss_per4ft.oer4ft (.const:xdc_runtime_Main_Module__id__C)
                  0000ce54    00000002     mss_per4ft.oer4ft (.const:xdc_runtime_Memory_Module__id__C)
                  0000ce56    00000002     mss_per4ft.oer4ft (.const:xdc_runtime_Text_charCnt__C)
                  0000ce58    00000002     mss_per4ft.oer4ft (.const:xdc_runtime_Text_isLoaded__C)
                  0000ce5a    00000002     mss_per4ft.oer4ft (.const:xdc_runtime_Text_registryModsLastId__C)
                  0000ce5c    00000002     mss_per4ft.oer4ft (.const:xdc_runtime_Text_unnamedModsLastId__C)

.cinit     0    0000ce60    00000348     
                  0000ce60    000002ee     (.cinit..data.load) [load image, compression = lzss]
                  0000d14e    00000002     --HOLE-- [fill = 0]
                  0000d150    0000000c     (__TI_handler_table)
                  0000d15c    00000004     --HOLE-- [fill = 0]
                  0000d160    00000008     (.cinit..MCPILogBuffer.load) [load image, compression = zero_init]
                  0000d168    00000008     (.cinit..bss.load) [load image, compression = zero_init]
                  0000d170    00000008     (.cinit..myFiqStack.load) [load image, compression = zero_init]
                  0000d178    00000008     (.cinit.systemHeap.load) [load image, compression = zero_init]
                  0000d180    00000028     (__TI_cinit_table)

systemHeap 
*          0    08000000    00008000     UNINITIALIZED
                  08000000    00008000     mss_per4ft.oer4ft (systemHeap)

.MCPILogBuffer 
*          0    08008000    00002400     UNINITIALIZED
                  08008000    00002400     main_mss.oer4f (.MCPILogBuffer)

.bss       0    0800a400    00001bec     UNINITIALIZED
                  0800a400    00001000     (.common:ti_sysbios_family_arm_exc_Exception_Module_State_0_excStack_0__A)
                  0800b400    00000800     mss_per4ft.oer4ft (.bss:taskStackSection)
                  0800bc00    000001a8     (.common:gCLI)
                  0800bda8    00000120     rtsv7R4_T_le_v3D16_eabi.lib : trgmsg.obj (.bss:_CIOBUF_)
                  0800bec8    000000a0     (.common:__TI_tmpnams)
                  0800bf68    00000070     (.common:gEsmMCB)
                  0800bfd8    00000008     (.common:gDMADriverPtr)
                  0800bfe0    00000008     (.common:parmbuf)
                  0800bfe8    00000004     (.common:gUartHandle)

.stack     0    0800bfec    00001000     UNINITIALIZED
                  0800bfec    00001000     --HOLE--

.data      0    0800cff0    000009b8     UNINITIALIZED
                  0800cff0    00000200     mss_per4ft.oer4ft (.data:ti_sysbios_family_arm_v7r_vim_Hwi_Module_State_0_dispatchTable__A)
                  0800d1f0    000000f0     rtsv7R4_T_le_v3D16_eabi.lib : defs.obj (.data:_ftable)
                  0800d2e0    00000080     mss_per4ft.oer4ft (.data:ti_sysbios_knl_Swi_Module_State_0_readyQ__A)
                  0800d360    00000080     mss_per4ft.oer4ft (.data:ti_sysbios_knl_Task_Module_State_0_readyQ__A)
                  0800d3e0    00000078     rtsv7R4_T_le_v3D16_eabi.lib : write.obj (.data:_device)
                  0800d458    00000060     libdma_xwr68xx.aer4f : dma_xwr68xx.oer4f (.data:gDMAHwCfg)
                  0800d4b8    0000005c     mss_per4ft.oer4ft (.data:ti_sysbios_knl_Task_Object__table__V)
                  0800d514    00000058     uart_xwr68xx.oer4f (.data:gUartSciHwCfg)
                  0800d56c    00000050     rtsv7R4_T_le_v3D16_eabi.lib : write.obj (.data:_stream)
                  0800d5bc    00000048     mss_per4ft.oer4ft (.data:ti_sysbios_knl_Task_Module__state__V)
                  0800d604    00000040     mss_per4ft.oer4ft (.data:ti_sysbios_gates_GateMutex_Object__table__V)
                  0800d644    0000003c     mss_per4ft.oer4ft (.data:ti_sysbios_timers_rti_Timer_Object__table__V)
                  0800d680    00000034     mss_per4ft.oer4ft (.data:ti_sysbios_family_arm_v7r_vim_Hwi_Module__state__V)
                  0800d6b4    00000030     mss_per4ft.oer4ft (.data:ti_sysbios_knl_Swi_Object__table__V)
                  0800d6e4    0000002c     mss_per4ft.oer4ft (.data:ti_sysbios_family_arm_v7r_vim_Hwi_Object__table__V)
                  0800d710    0000002c     mss_per4ft.oer4ft (.data:ti_sysbios_knl_Clock_Module__state__V)
                  0800d73c    00000028     uartsci.oer4f (.data:gUartSciFxnTable)
                  0800d764    00000024     uart_xwr68xx.oer4f (.data:UART_config)
                  0800d788    00000024     mss_per4ft.oer4ft (.data:ti_sysbios_BIOS_Module__state__V)
                  0800d7ac    00000004     UART.oer4f (.data)
                  0800d7b0    00000020     libsoc_xwr68xx.aer4f : soc_xwr68xx_mss.oer4f (.data:gSOCHwAttrib)
                  0800d7d0    00000020     mss_per4ft.oer4ft (.data:xdc_runtime_Error_IgnoreBlock)
                  0800d7f0    00000020     mss_per4ft.oer4ft (.data:xdc_runtime_System_Module_State_0_atexitHandlers__A)
                  0800d810    0000001c     uart_echo.oer4f (.data:$O1$$)
                  0800d82c    0000001c     mss_per4ft.oer4ft (.data:ti_sysbios_knl_Swi_Module__state__V)
                  0800d848    00000018     mss_per4ft.oer4ft (.data:ti_sysbios_heaps_HeapMem_Object__table__V)
                  0800d860    00000018     mss_per4ft.oer4ft (.data:ti_sysbios_timers_rti_Timer_Module_State_0_device__A)
                  0800d878    00000014     mss_per4ft.oer4ft (.data:ti_sysbios_family_arm_exc_Exception_Module__state__V)
                  0800d88c    00000010     libdma_xwr68xx.aer4f : dma.oer4f (.data:DMA_defaultParams)
                  0800d89c    00000010     rtsv7R4_T_le_v3D16_eabi.lib : defs.obj (.data)
                  0800d8ac    00000010     mss_per4ft.oer4ft (.data:ti_sysbios_timers_rti_Timer_Module_State_0_intFreqs__A)
                  0800d8bc    00000010     mss_per4ft.oer4ft (.data:ti_sysbios_timers_rti_Timer_Module__state__V)
                  0800d8cc    0000000c     libtestlogger_xwr68xx.aer4f : logger.oer4f (.data:$O1$$)
                  0800d8d8    0000000c     main_mss.oer4f (.data:$O1$$)
                  0800d8e4    0000000c     rtsv7R4_T_le_v3D16_eabi.lib : exit.obj (.data:$O1$$)
                  0800d8f0    0000000c     libesm_xwr68xx.aer4f : esm_xwr1xxx.oer4f (.data:gESMHwCfgAttrs)
                  0800d8fc    0000000c     mss_per4ft.oer4ft (.data:ti_sysbios_family_arm_v7a_Pmu_Module__state__V)
                  0800d908    00000008     rtsv7R4_T_le_v3D16_eabi.lib : _lock.obj (.data:$O1$$)
                  0800d910    00000008     mss_per4ft.oer4ft (.data:ti_sysbios_family_arm_v7r_vim_Hwi_Module__root__V)
                  0800d918    00000008     mss_per4ft.oer4ft (.data:ti_sysbios_gates_GateHwi_Module__root__V)
                  0800d920    00000008     mss_per4ft.oer4ft (.data:ti_sysbios_gates_GateMutex_Module__root__V)
                  0800d928    00000008     mss_per4ft.oer4ft (.data:ti_sysbios_hal_Hwi_Object__table__V)
                  0800d930    00000008     mss_per4ft.oer4ft (.data:ti_sysbios_heaps_HeapMem_Module__root__V)
                  0800d938    00000008     mss_per4ft.oer4ft (.data:ti_sysbios_knl_Queue_Module__root__V)
                  0800d940    00000008     mss_per4ft.oer4ft (.data:ti_sysbios_knl_Semaphore_Module__root__V)
                  0800d948    00000008     mss_per4ft.oer4ft (.data:ti_sysbios_knl_Task_Module__root__V)
                  0800d950    00000008     mss_per4ft.oer4ft (.data:ti_sysbios_timers_rti_Timer_Module_State_0_handles__A)
                  0800d958    00000008     mss_per4ft.oer4ft (.data:xdc_runtime_Registry_Module__state__V)
                  0800d960    00000008     mss_per4ft.oer4ft (.data:xdc_runtime_Startup_Module__state__V)
                  0800d968    00000008     mss_per4ft.oer4ft (.data:xdc_runtime_System_Module__state__V)
                  0800d970    00000004     libpinmux_xwr68xx.aer4f : pinmux_xwr1xxx.oer4f (.data)
                  0800d974    00000004     rtsv7R4_T_le_v3D16_eabi.lib : errno.obj (.data)
                  0800d978    00000004                                 : fopen.obj (.data)
                  0800d97c    00000004                                 : open.obj (.data)
                  0800d980    00000004                                 : stkdepth_vars.obj (.data)
                  0800d984    00000004                                 : strtok.obj (.data)
                  0800d988    00000004     mss_per4ft.oer4ft (.data:ti_sysbios_family_arm_exc_Exception_Module_State_0_excContext__A)
                  0800d98c    00000004     mss_per4ft.oer4ft (.data:ti_sysbios_family_arm_exc_Exception_Module_State_0_excStackBuffers__A)
                  0800d990    00000004     mss_per4ft.oer4ft (.data:ti_sysbios_family_arm_exc_Exception_Module_State_0_excStack__A)
                  0800d994    00000004     mss_per4ft.oer4ft (.data:ti_sysbios_gates_GateHwi_Object__table__V)
                  0800d998    00000004     mss_per4ft.oer4ft (.data:ti_sysbios_heaps_HeapBuf_Module__state__V)
                  0800d99c    00000004     mss_per4ft.oer4ft (.data:ti_sysbios_knl_Task_Module_State_0_idleTask__A)
                  0800d9a0    00000004     mss_per4ft.oer4ft (.data:xdc_runtime_Memory_Module__state__V)
                  0800d9a4    00000002     mss_per4ft.oer4ft (.data:ti_sysbios_family_arm_exc_Exception_Module_State_0_excActive__A)
                  0800d9a6    00000002     mss_per4ft.oer4ft (.data:xdc_runtime_Error_Module__state__V)

.myFiqStack 
*          0    0800d9a8    00000800     UNINITIALIZED
                  0800d9a8    00000800     mss_per4ft.oer4ft (.myFiqStack)

xdc.meta   0    00000000    000000fa     COPY SECTION
                  00000000    000000fa     mss_per4ft.oer4ft (xdc.meta)

MODULE SUMMARY

       Module                          code    ro data   rw data
       ------                          ----    -------   -------
    C:\ti\mmwave_sdk_03_05_00_04\packages\ti\drivers\zeta\sys\mss_configPkg_xwr68xx\package\cfg\
       mss_per4ft.oer4ft               1750    8901      42572  
    +--+-------------------------------+-------+---------+---------+
       Total:                          1750    8901      42572  
                                                                
    obj_xwr68xx\
       main_mss.oer4f                  756     0         9228   
       uartsci.oer4f                   2192    0         40     
       lib_zeta.oer4f                  777     0         4      
       uartsci_dma.oer4f               642     0         0      
       uart_echo.oer4f                 220     128       28     
       UART.oer4f                      160     60        4      
       uart_xwr68xx.oer4f              0       0         124    
    +--+-------------------------------+-------+---------+---------+
       Total:                          4747    188       9428   
                                                                
    C:/ti/mmwave_sdk_03_05_00_04/packages/ti/drivers/dma/lib/libdma_xwr68xx.aer4f
       dma.oer4f                       3358    0         16     
       dma_xwr68xx.oer4f               0       0         104    
    +--+-------------------------------+-------+---------+---------+
       Total:                          3358    0         120    
                                                                
    C:/ti/mmwave_sdk_03_05_00_04/packages/ti/drivers/esm/lib/libesm_xwr68xx.aer4f
       esm.oer4f                       456     0         112    
[...]
0000cc48  ti_sysbios_family_arm_v7r_vim_Hwi_wakeEnaSet__C                      
0000cc4c  ti_sysbios_gates_GateMutex_A_badContext__C                           
0000cc50  ti_sysbios_gates_GateMutex_Instance_State_sem__O                     
0000cc54  ti_sysbios_gates_GateMutex_Module__diagsEnabled__C                   
0000cc58  ti_sysbios_gates_GateMutex_Module__diagsIncluded__C                  
0000cc5c  ti_sysbios_gates_GateMutex_Module__diagsMask__C                      
0000cc60  ti_sysbios_hal_Hwi_E_stackOverflow__C                                
0000cc64  ti_sysbios_heaps_HeapBuf_Instance_State_freeList__O                  
0000cc68  ti_sysbios_heaps_HeapBuf_Object__count__C                            
0000cc6c  ti_sysbios_heaps_HeapBuf_numConstructedHeaps__C                      
0000cc70  ti_sysbios_heaps_HeapMem_A_align__C                                  
0000cc74  ti_sysbios_heaps_HeapMem_A_heapSize__C                               
0000cc78  ti_sysbios_heaps_HeapMem_A_invalidFree__C                            
0000cc7c  ti_sysbios_heaps_HeapMem_A_zeroBlock__C                              
0000cc80  ti_sysbios_heaps_HeapMem_E_memory__C                                 
0000cc84  ti_sysbios_heaps_HeapMem_Module__diagsEnabled__C                     
0000cc88  ti_sysbios_heaps_HeapMem_Module__diagsIncluded__C                    
0000cc8c  ti_sysbios_heaps_HeapMem_Module__diagsMask__C                        
0000cc90  ti_sysbios_heaps_HeapMem_Module__gateObj__C                          
0000cc94  ti_sysbios_heaps_HeapMem_Object__count__C                            
0000cc98  ti_sysbios_heaps_HeapMem_reqAlign__C                                 
0000cc9c  ti_sysbios_knl_Clock_LM_begin__C                                     
0000cca0  ti_sysbios_knl_Clock_LM_tick__C                                      
0000cca4  ti_sysbios_knl_Clock_LW_delayed__C                                   
0000cca8  ti_sysbios_knl_Clock_Module_State_clockQ__O                          
0000ccac  ti_sysbios_knl_Clock_Module__diagsEnabled__C                         
0000ccb0  ti_sysbios_knl_Clock_Module__diagsIncluded__C                        
0000ccb4  ti_sysbios_knl_Clock_Module__diagsMask__C                            
0000ccb8  ti_sysbios_knl_Clock_Module__loggerFxn1__C                           
0000ccbc  ti_sysbios_knl_Clock_Module__loggerFxn2__C                           
0000ccc0  ti_sysbios_knl_Clock_Module__loggerObj__C                            
0000ccc4  ti_sysbios_knl_Clock_tickPeriod__C                                   
0000ccc8  ti_sysbios_knl_Idle_funcList__A                                      
0000cccc  ti_sysbios_knl_Semaphore_A_badContext__C                             
0000ccd0  ti_sysbios_knl_Semaphore_A_noEvents__C                               
0000ccd4  ti_sysbios_knl_Semaphore_A_overflow__C                               
0000ccd8  ti_sysbios_knl_Semaphore_A_pendTaskDisabled__C                       
0000ccdc  ti_sysbios_knl_Semaphore_Instance_State_pendQ__O                     
0000cce0  ti_sysbios_knl_Semaphore_LM_pend__C                                  
0000cce4  ti_sysbios_knl_Semaphore_LM_post__C                                  
0000cce8  ti_sysbios_knl_Semaphore_Module__diagsEnabled__C                     
0000ccec  ti_sysbios_knl_Semaphore_Module__diagsIncluded__C                    
0000ccf0  ti_sysbios_knl_Semaphore_Module__diagsMask__C                        
0000ccf4  ti_sysbios_knl_Semaphore_Module__loggerFxn2__C                       
0000ccf8  ti_sysbios_knl_Semaphore_Module__loggerFxn4__C                       
0000ccfc  ti_sysbios_knl_Semaphore_Module__loggerObj__C                        
0000cd00  ti_sysbios_knl_Swi_LD_end__C                                         
0000cd04  ti_sysbios_knl_Swi_LM_begin__C                                       
0000cd08  ti_sysbios_knl_Swi_LM_post__C                                        
0000cd0c  ti_sysbios_knl_Swi_Module__diagsEnabled__C                           
0000cd10  ti_sysbios_knl_Swi_Module__diagsIncluded__C                          
0000cd14  ti_sysbios_knl_Swi_Module__diagsMask__C                              
0000cd18  ti_sysbios_knl_Swi_Module__loggerFxn1__C                             
0000cd1c  ti_sysbios_knl_Swi_Module__loggerFxn4__C                             
0000cd20  ti_sysbios_knl_Swi_Module__loggerObj__C                              
0000cd24  ti_sysbios_knl_Swi_Object__count__C                                  
0000cd28  ti_sysbios_knl_Task_A_badPriority__C                                 
0000cd2c  ti_sysbios_knl_Task_A_badTaskState__C                                
0000cd30  ti_sysbios_knl_Task_A_badThreadType__C                               
0000cd34  ti_sysbios_knl_Task_A_badTimeout__C                                  
0000cd38  ti_sysbios_knl_Task_A_noPendElem__C                                  
0000cd3c  ti_sysbios_knl_Task_A_sleepTaskDisabled__C                           
0000cd40  ti_sysbios_knl_Task_E_spOutOfBounds__C                               
0000cd44  ti_sysbios_knl_Task_E_stackOverflow__C                               
0000cd48  ti_sysbios_knl_Task_LD_block__C                                      
0000cd4c  ti_sysbios_knl_Task_LD_exit__C                                       
0000cd50  ti_sysbios_knl_Task_LD_ready__C                                      
0000cd54  ti_sysbios_knl_Task_LM_sleep__C                                      
0000cd58  ti_sysbios_knl_Task_LM_switch__C                                     
0000cd5c  ti_sysbios_knl_Task_Module_State_inactiveQ__O                        
0000cd60  ti_sysbios_knl_Task_Module__diagsEnabled__C                          
0000cd64  ti_sysbios_knl_Task_Module__diagsIncluded__C                         
0000cd68  ti_sysbios_knl_Task_Module__diagsMask__C                             
0000cd6c  ti_sysbios_knl_Task_Module__loggerFxn2__C                            
0000cd70  ti_sysbios_knl_Task_Module__loggerFxn4__C                            
0000cd74  ti_sysbios_knl_Task_Module__loggerObj__C                             
0000cd78  ti_sysbios_knl_Task_Object__count__C                                 
0000cd7c  ti_sysbios_knl_Task_allBlockedFunc__C                                
0000cd80  ti_sysbios_knl_Task_defaultStackHeap__C                              
0000cd84  ti_sysbios_knl_Task_defaultStackSize__C                              
0000cd88  ti_sysbios_knl_Task_numConstructedTasks__C                           
0000cd8c  ti_sysbios_timers_rti_Timer_E_cannotSupport__C                       
0000cd90  ti_sysbios_timers_rti_Timer_Module__diagsEnabled__C                  
0000cd94  ti_sysbios_timers_rti_Timer_Module__diagsIncluded__C                 
0000cd98  ti_sysbios_timers_rti_Timer_Module__diagsMask__C                     
0000cd9c  ti_sysbios_timers_rti_Timer_numTimerDevices__C                       
0000cda0  ti_sysbios_timers_rti_Timer_startupNeeded__C                         
0000cda4  xdc_runtime_Assert_E_assertFailed__C                                 
0000cda8  xdc_runtime_Core_A_initializedParams__C                              
0000cdac  xdc_runtime_Core_Module__diagsEnabled__C                             
0000cdb0  xdc_runtime_Core_Module__diagsIncluded__C                            
0000cdb4  xdc_runtime_Core_Module__diagsMask__C                                
0000cdb8  xdc_runtime_Error_E_memory__C                                        
0000cdbc  xdc_runtime_Error_Module__diagsEnabled__C                            
0000cdc0  xdc_runtime_Error_Module__diagsIncluded__C                           
0000cdc4  xdc_runtime_Error_Module__diagsMask__C                               
0000cdc8  xdc_runtime_Error_Module__loggerFxn8__C                              
0000cdcc  xdc_runtime_Error_Module__loggerObj__C                               
0000cdd0  xdc_runtime_Error_policyFxn__C                                       
0000cdd4  xdc_runtime_Error_policy__C                                          
0000cdd8  xdc_runtime_Error_raiseHook__C                                       
0000cddc  xdc_runtime_IGateProvider_Interface__BASE__C                         
0000cde0  xdc_runtime_IHeap_Interface__BASE__C                                 
0000cde4  xdc_runtime_IModule_Interface__BASE__C                               
0000cde8  xdc_runtime_Log_L_error__C                                           
0000cdec  xdc_runtime_Memory_defaultHeapInstance__C                            
0000cdf0  xdc_runtime_Startup_execImpl__C                                      
0000cdf4  xdc_runtime_Startup_maxPasses__C                                     
0000cdf8  xdc_runtime_Startup_sfxnRts__C                                       
0000cdfc  xdc_runtime_Startup_sfxnTab__C                                       
0000ce00  xdc_runtime_System_Module__gateObj__C                                
0000ce04  xdc_runtime_System_abortFxn__C                                       
0000ce08  xdc_runtime_System_exitFxn__C                                        
0000ce0c  xdc_runtime_System_extendFxn__C                                      
0000ce10  xdc_runtime_System_maxAtexitHandlers__C                              
0000ce14  xdc_runtime_Text_charTab__C                                          
0000ce18  xdc_runtime_Text_nameEmpty__C                                        
0000ce1c  xdc_runtime_Text_nameStatic__C                                       
0000ce20  xdc_runtime_Text_nameUnknown__C                                      
0000ce24  xdc_runtime_Text_nodeTab__C                                          
0000ce28  xdc_runtime_Text_visitRopeFxn__C                                     
0000ce2c  ti_sysbios_family_arm_v7r_tms570_Core_Module__id__C                  
0000ce2e  ti_sysbios_family_arm_v7r_vim_Hwi_Module__id__C                      
0000ce30  ti_sysbios_family_arm_v7r_vim_Hwi_Module__loggerDefined__C           
0000ce32  ti_sysbios_gates_GateMutex_Module__id__C                             
0000ce34  ti_sysbios_hal_Hwi_Module__id__C                                     
0000ce36  ti_sysbios_heaps_HeapMem_Module__id__C                               
0000ce38  ti_sysbios_knl_Clock_Module__id__C                                   
0000ce3a  ti_sysbios_knl_Clock_Module__loggerDefined__C                        
0000ce3c  ti_sysbios_knl_Semaphore_Module__id__C                               
0000ce3e  ti_sysbios_knl_Semaphore_Module__loggerDefined__C                    
0000ce40  ti_sysbios_knl_Swi_Module__id__C                                     
0000ce42  ti_sysbios_knl_Swi_Module__loggerDefined__C                          
0000ce44  ti_sysbios_knl_Task_Module__id__C                                    
0000ce46  ti_sysbios_knl_Task_Module__loggerDefined__C                         
0000ce48  ti_sysbios_timers_rti_Timer_Module__id__C                            
0000ce4a  ti_sysbios_timers_rti_Timer_continueOnSuspend__C                     
0000ce4c  xdc_runtime_Core_Module__id__C                                       
0000ce4e  xdc_runtime_Error_Module__loggerDefined__C                           
0000ce50  xdc_runtime_Error_maxDepth__C                                        
0000ce52  xdc_runtime_Main_Module__id__C                                       
0000ce54  xdc_runtime_Memory_Module__id__C                                     
0000ce56  xdc_runtime_Text_charCnt__C                                          
0000ce58  xdc_runtime_Text_isLoaded__C                                         
0000ce5a  xdc_runtime_Text_registryModsLastId__C                               
0000ce5c  xdc_runtime_Text_unnamedModsLastId__C                                
0000d150  __TI_Handler_Table_Base                                              
0000d15c  __TI_Handler_Table_Limit                                             
0000d180  __TI_CINIT_Base                                                      
0000d1a8  __TI_CINIT_Limit                                                     
08000000  ti_sysbios_heaps_HeapMem_Instance_State_0_buf__A                     
08008000  MCPI_logMessage                                                      
0800a400  ti_sysbios_family_arm_exc_Exception_Module_State_0_excStack_0__A     
0800b400  ti_sysbios_knl_Task_Instance_State_0_stack__A                        
0800bc00  gCLI                                                                 
0800bda8  __CIOBUF_                                                            
0800bec8  __TI_tmpnams                                                         
0800bf68  gEsmMCB                                                              
0800bfd8  gDMADriverPtr                                                        
0800bfe0  parmbuf                                                              
0800bfe8  gUartHandle                                                          
0800bfec  __stack                                                              
0800cfec  __STACK_END                                                          
0800cff0  ti_sysbios_family_arm_v7r_vim_Hwi_Module_State_0_dispatchTable__A    
0800d1f0  _ftable                                                              
0800d2e0  ti_sysbios_knl_Swi_Module_State_0_readyQ__A                          
0800d360  ti_sysbios_knl_Task_Module_State_0_readyQ__A                         
0800d3e0  _device                                                              
0800d458  gDMAHwCfg                                                            
0800d4b8  ti_sysbios_knl_Task_Object__table__V                                 
0800d514  gUartSciHwCfg                                                        
0800d56c  _stream                                                              
0800d5bc  ti_sysbios_knl_Task_Module__state__V                                 
0800d604  ti_sysbios_gates_GateMutex_Object__table__V                          
0800d644  ti_sysbios_timers_rti_Timer_Object__table__V                         
0800d680  ti_sysbios_family_arm_v7r_vim_Hwi_Module__state__V                   
0800d6b4  ti_sysbios_knl_Swi_Object__table__V                                  
0800d6e4  ti_sysbios_family_arm_v7r_vim_Hwi_Object__table__V                   
0800d710  ti_sysbios_knl_Clock_Module__state__V                                
0800d73c  gUartSciFxnTable                                                     
0800d764  UART_config                                                          
0800d788  ti_sysbios_BIOS_Module__state__V                                     
0800d7b0  gSOCHwAttrib                                                         
0800d7d0  xdc_runtime_Error_IgnoreBlock                                        
0800d7f0  xdc_runtime_System_Module_State_0_atexitHandlers__A                  
0800d810  STOPBITS                                                             
0800d811  DATALEN                                                              
0800d812  PARITY_VALUE                                                         
0800d813  uartStopBits                                                         
0800d818  BAUDRATE                                                             
0800d81c  uartParityTypes                                                      
0800d821  uartDataLenths                                                       
0800d82c  ti_sysbios_knl_Swi_Module__state__V                                  
0800d848  ti_sysbios_heaps_HeapMem_Object__table__V                            
0800d860  ti_sysbios_timers_rti_Timer_Module_State_0_device__A                 
0800d878  ti_sysbios_family_arm_exc_Exception_Module__state__V                 
0800d88c  DMA_defaultParams                                                    
0800d89c  __TI_ft_end                                                          
0800d8a0  __aeabi_stdin                                                        
0800d8a4  __aeabi_stdout                                                       
0800d8a8  __aeabi_stderr                                                       
0800d8ac  ti_sysbios_timers_rti_Timer_Module_State_0_intFreqs__A               
0800d8bc  ti_sysbios_timers_rti_Timer_Module__state__V                         
0800d8cc  MCPI_Result                                                          
0800d8d0  MCPI_FailSignature                                                   
0800d8d8  gMCPIUARTEchoTestEnable                                              
0800d8dc  gCPUClockFrequency                                                   
0800d8e0  gDMAHandle                                                           
0800d8e4  __TI_cleanup_ptr                                                     
0800d8e8  __TI_dtors_ptr                                                       
0800d8ec  __TI_enable_exit_profile_output                                      
0800d8f0  gESMHwCfgAttrs                                                       
0800d8fc  ti_sysbios_family_arm_v7a_Pmu_Module__state__V                       
0800d908  _lock                                                                
0800d90c  _unlock                                                              
0800d910  ti_sysbios_family_arm_v7r_vim_Hwi_Module__root__V                    
0800d918  ti_sysbios_gates_GateHwi_Module__root__V                             
0800d920  ti_sysbios_gates_GateMutex_Module__root__V                           
0800d928  ti_sysbios_hal_Hwi_Object__table__V                                  
0800d930  ti_sysbios_heaps_HeapMem_Module__root__V                             
0800d938  ti_sysbios_knl_Queue_Module__root__V                                 
0800d940  ti_sysbios_knl_Semaphore_Module__root__V                             
0800d948  ti_sysbios_knl_Task_Module__root__V                                  
0800d950  ti_sysbios_timers_rti_Timer_Module_State_0_handles__A                
0800d958  xdc_runtime_Registry_Module__state__V                                
0800d960  xdc_runtime_Startup_Module__state__V                                 
0800d968  xdc_runtime_System_Module__state__V                                  
0800d970  gPinmuxRegs                                                          
0800d974  errno                                                                
0800d980  main_func_sp                                                         
0800d988  ti_sysbios_family_arm_exc_Exception_Module_State_0_excContext__A     
0800d98c  ti_sysbios_family_arm_exc_Exception_Module_State_0_excStackBuffers__A
0800d990  ti_sysbios_family_arm_exc_Exception_Module_State_0_excStack__A       
0800d994  ti_sysbios_gates_GateHwi_Object__table__V                            
0800d998  ti_sysbios_heaps_HeapBuf_Module__state__V                            
0800d99c  ti_sysbios_knl_Task_Module_State_0_idleTask__A                       
0800d9a0  xdc_runtime_Memory_Module__state__V                                  
0800d9a4  ti_sysbios_family_arm_exc_Exception_Module_State_0_excActive__A      
0800d9a6  xdc_runtime_Error_Module__state__V                                   
0800d9a8  ti_sysbios_family_arm_v7r_vim_Hwi_Module_State_0_fiqStack__A         
fffffdec  ti_sysbios_family_arm_v7r_vim_Hwi_vim                                
ffffffff  __TI_pprof_out_hndl                                                  
ffffffff  __TI_prof_data_size                                                  
ffffffff  __TI_prof_data_start                                                 
ffffffff  __binit__                                                            
ffffffff  __c_args__                                                           
ffffffff  binit                                                                
UNDEFED   SHT$$INIT_ARRAY$$Base                                                
UNDEFED   SHT$$INIT_ARRAY$$Limit                                               

[725 symbols]
